2025-12-23 15:01:05 | INFO     | log:151 | [config] Loaded config | DEBUG_MODE=3
2025-12-23 15:01:19 | INFO     | log:151 | [config] Loaded config | DEBUG_MODE=3
2025-12-23 15:01:22 | INFO     | log:151 | [main] FastAPI app initialized (Per-Example Embedding Architecture)
2025-12-23 15:04:32 | INFO     | log:151 | [config] Loaded config | DEBUG_MODE=3
2025-12-23 15:04:35 | INFO     | log:151 | [main] FastAPI app initialized (Per-Example Embedding Architecture)
2025-12-23 15:04:35 | INFO     | log:151 | [lifespan] Server starting - running warmup...
2025-12-23 15:04:35 | INFO     | log:151 | [warmup] Loading tables...
2025-12-23 15:04:35 | DEBUG    | log:153 | [get_tables] Getting tables...
2025-12-23 15:04:42 | DEBUG    | log:153 | [get_tables] Loaded existing tables
2025-12-23 15:04:42 | INFO     | log:151 | [warmup] Tables loaded: 15 docs, 251 examples
2025-12-23 15:04:42 | INFO     | log:151 | [warmup] Loading embedding model...
2025-12-23 15:04:42 | INFO     | log:151 | [get_embedding_model] Loading model on GPU (NVIDIA RTX A5000)...
2025-12-23 15:04:48 | CRITICAL | log:149 | [warmup] ERROR during warmup: CUDA out of memory. Tried to allocate 978.00 MiB. GPU 0 has a total capacity of 23.58 GiB of which 379.00 MiB is free. Process 1589672 has 20.17 GiB memory in use. Process 2244858 has 202.00 MiB memory in use. Including non-PyTorch memory, this process has 2.82 GiB memory in use. Of the allocated memory 2.58 GiB is allocated by PyTorch, and 45.64 MiB is reserved by PyTorch but unallocated. If reserved but unallocated memory is large try setting PYTORCH_CUDA_ALLOC_CONF=expandable_segments:True to avoid fragmentation.  See documentation for Memory Management  (https://pytorch.org/docs/stable/notes/cuda.html#environment-variables)
2025-12-23 15:04:56 | DEBUG    | log:153 | [index] Serving web UI
2025-12-23 15:04:56 | DEBUG    | log:153 | [list_documents] Fetching all documents...
2025-12-23 15:04:56 | DEBUG    | log:153 | [get_tables] Getting tables...
2025-12-23 15:04:56 | DEBUG    | log:153 | [get_tables] Returning cached tables
2025-12-23 15:04:56 | INFO     | log:151 | [list_documents] Found 15 documents
2025-12-23 15:05:36 | DEBUG    | log:153 | [index] Serving web UI
2025-12-23 15:05:36 | DEBUG    | log:153 | [list_documents] Fetching all documents...
2025-12-23 15:05:36 | DEBUG    | log:153 | [get_tables] Getting tables...
2025-12-23 15:05:36 | DEBUG    | log:153 | [get_tables] Returning cached tables
2025-12-23 15:05:36 | INFO     | log:151 | [list_documents] Found 15 documents
2025-12-23 15:05:37 | DEBUG    | log:153 | [index] Serving web UI
2025-12-23 15:05:37 | DEBUG    | log:153 | [list_documents] Fetching all documents...
2025-12-23 15:05:37 | DEBUG    | log:153 | [get_tables] Getting tables...
2025-12-23 15:05:37 | DEBUG    | log:153 | [get_tables] Returning cached tables
2025-12-23 15:05:37 | INFO     | log:151 | [list_documents] Found 15 documents
2025-12-23 15:05:37 | DEBUG    | log:153 | [index] Serving web UI
2025-12-23 15:05:38 | DEBUG    | log:153 | [list_documents] Fetching all documents...
2025-12-23 15:05:38 | DEBUG    | log:153 | [get_tables] Getting tables...
2025-12-23 15:05:38 | DEBUG    | log:153 | [get_tables] Returning cached tables
2025-12-23 15:05:38 | INFO     | log:151 | [list_documents] Found 15 documents
2025-12-23 15:05:42 | INFO     | log:151 | [lifespan] Server shutting down
2025-12-23 15:05:49 | INFO     | log:151 | [config] Loaded config | DEBUG_MODE=3
2025-12-23 15:05:52 | INFO     | log:151 | [main] FastAPI app initialized (Per-Example Embedding Architecture)
2025-12-23 15:05:53 | INFO     | log:151 | [lifespan] Server starting - running warmup...
2025-12-23 15:05:53 | INFO     | log:151 | [warmup] Loading tables...
2025-12-23 15:05:53 | DEBUG    | log:153 | [get_tables] Getting tables...
2025-12-23 15:06:00 | DEBUG    | log:153 | [get_tables] Loaded existing tables
2025-12-23 15:06:00 | INFO     | log:151 | [warmup] Tables loaded: 15 docs, 251 examples
2025-12-23 15:06:00 | INFO     | log:151 | [warmup] Loading embedding model...
2025-12-23 15:06:00 | INFO     | log:151 | [get_embedding_model] Loading model on GPU (NVIDIA RTX A5000)...
2025-12-23 15:06:07 | INFO     | log:151 | [get_embedding_model] Model loaded on GPU (NVIDIA RTX A5000)
2025-12-23 15:06:07 | INFO     | log:151 | [warmup] Embedding model loaded on GPU (NVIDIA RTX A5000)
2025-12-23 15:06:07 | INFO     | log:151 | [warmup] Building embeddings cache...
2025-12-23 15:06:07 | INFO     | log:151 | [build_embeddings_cache] Building embeddings cache...
2025-12-23 15:06:08 | INFO     | log:151 | [build_embeddings_cache] Cache built in 1.19s: 251 examples, 15 docs on GPU (NVIDIA RTX A5000)
2025-12-23 15:06:08 | INFO     | log:151 | [warmup] Embeddings cache built
2025-12-23 15:06:08 | INFO     | log:151 | [warmup] Building corpus stats cache...
2025-12-23 15:06:08 | INFO     | log:151 | [get_corpus_stats] Rebuilding corpus stats cache...
2025-12-23 15:06:08 | INFO     | log:151 | [warmup] Corpus stats cache built
2025-12-23 15:06:08 | INFO     | log:151 | [warmup] System ready in 15.19s | URLs: ['http://localhost:6868', 'http://192.168.3.7:6868']
2025-12-23 15:06:13 | DEBUG    | log:153 | [index] Serving web UI
2025-12-23 15:06:13 | DEBUG    | log:153 | [list_documents] Fetching all documents...
2025-12-23 15:06:13 | DEBUG    | log:153 | [get_tables] Getting tables...
2025-12-23 15:06:13 | DEBUG    | log:153 | [get_tables] Returning cached tables
2025-12-23 15:06:13 | INFO     | log:151 | [list_documents] Found 15 documents
2025-12-23 15:09:40 | INFO     | log:151 | [search_single] Searching: 'cho tôi xem lịch sử giao dịch của tài khoản 012345...' (top_k=10)
2025-12-23 15:09:40 | DEBUG    | log:153 | [get_tables] Getting tables...
2025-12-23 15:09:40 | DEBUG    | log:153 | [get_tables] Returning cached tables
2025-12-23 15:09:40 | DEBUG    | log:153 | [normalize_query] 'cho tôi xem lịch sử giao dịch của tài kh...' -> 'Cho tôi xem lịch sử giao dịch của tài kh...'
2025-12-23 15:09:40 | DEBUG    | log:153 | [perform_hybrid_search] query_text: [cho tôi xem lịch sử giao dịch của tài khoản 0123456789] - formatted_query: [Cho tôi xem lịch sử giao dịch của tài khoản 0123456789] - normalized_query: [Cho tôi xem lịch sử giao dịch của tài khoản 0123456789]
2025-12-23 15:09:40 | DEBUG    | log:153 | [perform_hybrid_search] BM25 raw scores: min=0.8559, max=29.3314
2025-12-23 15:09:40 | DEBUG    | log:153 | [get_keyword_boost] Query: 'Cho tôi xem lịch sử giao dịch ...' | Doc: Tra cứu lịch sử giao | Boost: 0.25 | Matched: ['tài khoản']
2025-12-23 15:09:40 | DEBUG    | log:153 | [classify_query_intent] Classified: 'Cho tôi xem lịch sử giao dịch ...' -> Tra cứu lịch sử giao dịch theo (score=1)
2025-12-23 15:09:40 | INFO     | log:151 | [search_single] Found 10 results
2025-12-23 15:09:40 | DEBUG    | log:153 | [search_single] Top: Tra cứu lịch sử giao dịch theo số tài khoản... (score=0.8628, sem=0.9111, bm25=1.0000, boost=0.2500)
2025-12-23 15:14:16 | INFO     | log:151 | [lifespan] Server shutting down
2025-12-23 15:24:36 | INFO     | log:151 | [config] Loaded config | DEBUG_MODE=3
2025-12-23 15:24:38 | INFO     | log:151 | [main] FastAPI app initialized (Per-Example Embedding Architecture)
2025-12-23 15:24:39 | INFO     | log:151 | [lifespan] Server starting - running warmup...
2025-12-23 15:24:39 | INFO     | log:151 | [warmup] Loading tables...
2025-12-23 15:24:39 | DEBUG    | log:153 | [get_tables] Getting tables...
2025-12-23 15:24:46 | DEBUG    | log:153 | [get_tables] Loaded existing tables
2025-12-23 15:24:46 | INFO     | log:151 | [warmup] Tables loaded: 15 docs, 251 examples
2025-12-23 15:24:46 | INFO     | log:151 | [warmup] Loading embedding model...
2025-12-23 15:24:46 | INFO     | log:151 | [get_embedding_model] Loading model on GPU (NVIDIA RTX A5000)...
2025-12-23 15:24:51 | INFO     | log:151 | [get_embedding_model] Model loaded on GPU (NVIDIA RTX A5000)
2025-12-23 15:24:51 | INFO     | log:151 | [warmup] Embedding model loaded on GPU (NVIDIA RTX A5000)
2025-12-23 15:24:51 | INFO     | log:151 | [warmup] Building embeddings cache...
2025-12-23 15:24:51 | INFO     | log:151 | [build_embeddings_cache] Building embeddings cache...
2025-12-23 15:24:52 | INFO     | log:151 | [build_embeddings_cache] Cache built in 1.04s: 251 examples, 15 docs on GPU (NVIDIA RTX A5000)
2025-12-23 15:24:52 | INFO     | log:151 | [warmup] Embeddings cache built
2025-12-23 15:24:52 | INFO     | log:151 | [warmup] Building corpus stats cache...
2025-12-23 15:24:52 | INFO     | log:151 | [get_corpus_stats] Rebuilding corpus stats cache...
2025-12-23 15:24:52 | INFO     | log:151 | [warmup] Corpus stats cache built
2025-12-23 15:24:52 | INFO     | log:151 | [warmup] System ready in 13.54s | URLs: ['http://localhost:6868', 'http://192.168.3.7:6868']
2025-12-23 15:25:08 | INFO     | log:151 | [search_single] Searching: 'cho tôi xem lịch sử giao dịch của tài khoản 012345...' (top_k=10)
2025-12-23 15:25:08 | DEBUG    | log:153 | [get_tables] Getting tables...
2025-12-23 15:25:08 | DEBUG    | log:153 | [get_tables] Returning cached tables
2025-12-23 15:25:08 | DEBUG    | log:153 | [normalize_query] 'cho tôi xem lịch sử giao dịch của tài kh...' -> 'Cho tôi xem lịch sử giao dịch của tài kh...'
2025-12-23 15:25:08 | DEBUG    | log:153 | [perform_hybrid_search] query_text: [cho tôi xem lịch sử giao dịch của tài khoản 0123456789] - formatted_query: [Cho tôi xem lịch sử giao dịch của tài khoản 0123456789] - normalized_query: [Cho tôi xem lịch sử giao dịch của tài khoản 0123456789]
2025-12-23 15:25:08 | DEBUG    | log:153 | [perform_hybrid_search] BM25 raw scores: min=0.8559, max=29.3314
2025-12-23 15:25:08 | DEBUG    | log:153 | [get_keyword_boost] Query: 'Cho tôi xem lịch sử giao dịch ...' | Doc: Tra cứu lịch sử giao | Boost: 0.25 | Matched: ['tài khoản']
2025-12-23 15:25:08 | DEBUG    | log:153 | [classify_query_intent] Classified: 'Cho tôi xem lịch sử giao dịch ...' -> Tra cứu lịch sử giao dịch theo (score=1)
2025-12-23 15:25:08 | INFO     | log:151 | [search_single] Found 10 results
2025-12-23 15:25:08 | DEBUG    | log:153 | [search_single] Top: Tra cứu lịch sử giao dịch theo số tài khoản... (score=0.8628, sem=0.9111, bm25=1.0000, boost=0.2500)
2025-12-23 15:26:03 | INFO     | log:151 | [lifespan] Server shutting down
2025-12-23 15:26:09 | INFO     | log:151 | [config] Loaded config | DEBUG_MODE=3
2025-12-23 15:26:12 | INFO     | log:151 | [main] FastAPI app initialized (Per-Example Embedding Architecture)
2025-12-23 15:26:12 | INFO     | log:151 | [lifespan] Server starting - running warmup...
2025-12-23 15:26:12 | INFO     | log:151 | [warmup] Loading tables...
2025-12-23 15:26:12 | DEBUG    | log:153 | [get_tables] Getting tables...
2025-12-23 15:26:20 | DEBUG    | log:153 | [get_tables] Loaded existing tables
2025-12-23 15:26:20 | INFO     | log:151 | [warmup] Tables loaded: 15 docs, 251 examples
2025-12-23 15:26:20 | INFO     | log:151 | [warmup] Loading embedding model...
2025-12-23 15:26:20 | INFO     | log:151 | [get_embedding_model] Loading model on GPU (NVIDIA RTX A5000)...
2025-12-23 15:26:26 | INFO     | log:151 | [get_embedding_model] Model loaded on GPU (NVIDIA RTX A5000)
2025-12-23 15:26:26 | INFO     | log:151 | [warmup] Embedding model loaded on GPU (NVIDIA RTX A5000)
2025-12-23 15:26:26 | INFO     | log:151 | [warmup] Building embeddings cache...
2025-12-23 15:26:26 | INFO     | log:151 | [build_embeddings_cache] Building embeddings cache...
2025-12-23 15:26:27 | INFO     | log:151 | [build_embeddings_cache] Cache built in 0.73s: 251 examples, 15 docs on GPU (NVIDIA RTX A5000)
2025-12-23 15:26:27 | INFO     | log:151 | [warmup] Embeddings cache built
2025-12-23 15:26:27 | INFO     | log:151 | [warmup] Building corpus stats cache...
2025-12-23 15:26:27 | INFO     | log:151 | [get_corpus_stats] Rebuilding corpus stats cache...
2025-12-23 15:26:27 | INFO     | log:151 | [warmup] Corpus stats cache built
2025-12-23 15:26:27 | INFO     | log:151 | [warmup] System ready in 14.64s | URLs: ['http://localhost:6868', 'http://192.168.3.7:6868']
2025-12-23 15:26:31 | INFO     | log:151 | [search_single] Searching: 'cho tôi xem lịch sử giao dịch của tài khoản 012345...' (top_k=10)
2025-12-23 15:26:31 | DEBUG    | log:153 | [get_tables] Getting tables...
2025-12-23 15:26:31 | DEBUG    | log:153 | [get_tables] Returning cached tables
2025-12-23 15:26:31 | DEBUG    | log:153 | [normalize_query] 'cho tôi xem lịch sử giao dịch của tài kh...' -> 'Cho tôi xem lịch sử giao dịch của tài kh...'
2025-12-23 15:26:31 | DEBUG    | log:153 | [perform_hybrid_search] query_text: [cho tôi xem lịch sử giao dịch của tài khoản 0123456789] - formatted_query: [Cho tôi xem lịch sử giao dịch của tài khoản 0123456789] - normalized_query: [Cho tôi xem lịch sử giao dịch của tài khoản 0123456789]
2025-12-23 15:26:31 | DEBUG    | log:153 | [perform_hybrid_search] BM25 raw scores: min=0.8559, max=29.3314
2025-12-23 15:26:31 | DEBUG    | log:153 | [get_keyword_boost] Query: 'Cho tôi xem lịch sử giao dịch ...' | Doc: Tra cứu lịch sử giao | Boost: 0.25 | Matched: ['tài khoản']
2025-12-23 15:26:31 | DEBUG    | log:153 | [classify_query_intent] Classified: 'Cho tôi xem lịch sử giao dịch ...' -> Tra cứu lịch sử giao dịch theo (score=1)
2025-12-23 15:26:31 | INFO     | log:151 | [search_single] Found 10 results
2025-12-23 15:26:31 | DEBUG    | log:153 | [search_single] Top: Tra cứu lịch sử giao dịch theo số tài khoản... (score=0.8628, sem=0.9111, bm25=1.0000, boost=0.2500)
2025-12-23 15:28:58 | INFO     | log:151 | [lifespan] Server shutting down
2025-12-23 15:31:47 | INFO     | log:151 | [config] Loaded config | DEBUG_MODE=3
2025-12-23 15:31:49 | INFO     | log:151 | [main] FastAPI app initialized (Per-Example Embedding Architecture)
2025-12-23 15:31:50 | INFO     | log:151 | [lifespan] Server starting - running warmup...
2025-12-23 15:31:50 | INFO     | log:151 | [warmup] Loading tables...
2025-12-23 15:31:50 | DEBUG    | log:153 | [get_tables] Getting tables...
2025-12-23 15:31:56 | DEBUG    | log:153 | [get_tables] Loaded existing tables
2025-12-23 15:31:56 | INFO     | log:151 | [warmup] Tables loaded: 15 docs, 251 examples
2025-12-23 15:31:56 | INFO     | log:151 | [warmup] Loading embedding model...
2025-12-23 15:31:56 | INFO     | log:151 | [get_embedding_model] Loading model on GPU (NVIDIA RTX A5000)...
2025-12-23 15:32:02 | INFO     | log:151 | [get_embedding_model] Model loaded on GPU (NVIDIA RTX A5000)
2025-12-23 15:32:02 | INFO     | log:151 | [warmup] Embedding model loaded on GPU (NVIDIA RTX A5000)
2025-12-23 15:32:02 | INFO     | log:151 | [warmup] Building embeddings cache...
2025-12-23 15:32:02 | INFO     | log:151 | [build_embeddings_cache] Building embeddings cache...
2025-12-23 15:32:03 | INFO     | log:151 | [build_embeddings_cache] Cache built in 0.72s: 251 examples, 15 docs on GPU (NVIDIA RTX A5000)
2025-12-23 15:32:03 | INFO     | log:151 | [warmup] Embeddings cache built
2025-12-23 15:32:03 | INFO     | log:151 | [warmup] Building corpus stats cache...
2025-12-23 15:32:03 | INFO     | log:151 | [get_corpus_stats] Rebuilding corpus stats cache...
2025-12-23 15:32:03 | INFO     | log:151 | [warmup] Corpus stats cache built
2025-12-23 15:32:03 | INFO     | log:151 | [warmup] System ready in 13.53s | URLs: ['http://localhost:6868', 'http://192.168.3.7:6868']
2025-12-23 15:32:05 | INFO     | log:151 | [search_single] Searching: 'cho tôi xem lịch sử giao dịch của tài khoản 012345...' (top_k=10)
2025-12-23 15:32:05 | DEBUG    | log:153 | [get_tables] Getting tables...
2025-12-23 15:32:05 | DEBUG    | log:153 | [get_tables] Returning cached tables
2025-12-23 15:32:05 | DEBUG    | log:153 | [normalize_query] 'cho tôi xem lịch sử giao dịch của tài kh...' -> 'Cho tôi xem lịch sử giao dịch của tài kh...'
2025-12-23 15:32:05 | DEBUG    | log:153 | [perform_hybrid_search] query_text: [cho tôi xem lịch sử giao dịch của tài khoản 0123456789] - formatted_query: [Cho tôi xem lịch sử giao dịch của tài khoản 0123456789] - normalized_query: [Cho tôi xem lịch sử giao dịch của tài khoản 0123456789]
2025-12-23 15:32:05 | DEBUG    | log:153 | [perform_hybrid_search] BM25 raw scores: min=0.8559, max=29.3314
2025-12-23 15:32:05 | DEBUG    | log:153 | [get_keyword_boost] Query: 'Cho tôi xem lịch sử giao dịch ...' | Doc: Tra cứu lịch sử giao | Boost: 0.25 | Matched: ['tài khoản']
2025-12-23 15:32:05 | DEBUG    | log:153 | [classify_query_intent] Classified: 'Cho tôi xem lịch sử giao dịch ...' -> Tra cứu lịch sử giao dịch theo (score=1)
2025-12-23 15:32:05 | INFO     | log:151 | [search_single] Found 10 results
2025-12-23 15:32:05 | DEBUG    | log:153 | [search_single] Top: Tra cứu lịch sử giao dịch theo số tài khoản... (score=0.8628, sem=0.9111, bm25=1.0000, boost=0.2500)
2025-12-23 15:33:49 | INFO     | log:151 | [search_single] Searching: 'cho tôi xem lịch sử giao dịch của tài khoản 012345...' (top_k=10)
2025-12-23 15:33:49 | DEBUG    | log:153 | [get_tables] Getting tables...
2025-12-23 15:33:49 | DEBUG    | log:153 | [get_tables] Returning cached tables
2025-12-23 15:33:49 | DEBUG    | log:153 | [normalize_query] 'cho tôi xem lịch sử giao dịch của tài kh...' -> 'Cho tôi xem lịch sử giao dịch của tài kh...'
2025-12-23 15:33:49 | DEBUG    | log:153 | [perform_hybrid_search] query_text: [cho tôi xem lịch sử giao dịch của tài khoản 0123456789] - formatted_query: [Cho tôi xem lịch sử giao dịch của tài khoản 0123456789] - normalized_query: [Cho tôi xem lịch sử giao dịch của tài khoản 0123456789]
2025-12-23 15:33:49 | DEBUG    | log:153 | [perform_hybrid_search] BM25 raw scores: min=0.8559, max=29.3314
2025-12-23 15:33:49 | DEBUG    | log:153 | [get_keyword_boost] Query: 'Cho tôi xem lịch sử giao dịch ...' | Doc: Tra cứu lịch sử giao | Boost: 0.25 | Matched: ['tài khoản']
2025-12-23 15:33:49 | DEBUG    | log:153 | [classify_query_intent] Classified: 'Cho tôi xem lịch sử giao dịch ...' -> Tra cứu lịch sử giao dịch theo (score=1)
2025-12-23 15:33:49 | INFO     | log:151 | [search_single] Found 10 results
2025-12-23 15:33:49 | DEBUG    | log:153 | [search_single] Top: Tra cứu lịch sử giao dịch theo số tài khoản... (score=0.8628, sem=0.9111, bm25=1.0000, boost=0.2500)
2025-12-23 15:40:28 | INFO     | log:151 | [lifespan] Server shutting down
2025-12-23 15:40:48 | INFO     | log:151 | [config] Loaded config | DEBUG_MODE=3
2025-12-23 15:40:50 | INFO     | log:151 | [main] FastAPI app initialized (Per-Example Embedding Architecture)
2025-12-23 15:40:50 | INFO     | log:151 | [lifespan] Server starting - running warmup...
2025-12-23 15:40:50 | INFO     | log:151 | [warmup] Loading tables...
2025-12-23 15:40:50 | DEBUG    | log:153 | [get_tables] Getting tables...
2025-12-23 15:40:57 | DEBUG    | log:153 | [get_tables] Loaded existing tables
2025-12-23 15:40:57 | INFO     | log:151 | [warmup] Tables loaded: 15 docs, 251 examples
2025-12-23 15:40:57 | INFO     | log:151 | [warmup] Loading embedding model...
2025-12-23 15:40:57 | INFO     | log:151 | [get_embedding_model] Loading model on GPU (NVIDIA RTX A5000)...
2025-12-23 15:41:03 | INFO     | log:151 | [get_embedding_model] Model loaded on GPU (NVIDIA RTX A5000)
2025-12-23 15:41:03 | INFO     | log:151 | [warmup] Embedding model loaded on GPU (NVIDIA RTX A5000)
2025-12-23 15:41:03 | INFO     | log:151 | [warmup] Building embeddings cache...
2025-12-23 15:41:03 | INFO     | log:151 | [build_embeddings_cache] Building embeddings cache...
2025-12-23 15:41:04 | INFO     | log:151 | [build_embeddings_cache] Cache built in 0.72s: 251 examples, 15 docs on GPU (NVIDIA RTX A5000)
2025-12-23 15:41:04 | INFO     | log:151 | [warmup] Embeddings cache built
2025-12-23 15:41:04 | INFO     | log:151 | [warmup] Building corpus stats cache...
2025-12-23 15:41:04 | INFO     | log:151 | [get_corpus_stats] Rebuilding corpus stats cache...
2025-12-23 15:41:04 | INFO     | log:151 | [warmup] Corpus stats cache built
2025-12-23 15:41:04 | INFO     | log:151 | [warmup] System ready in 13.98s | URLs: ['http://localhost:6868', 'http://192.168.3.7:6868']
2025-12-23 15:41:42 | INFO     | log:151 | [config] Loaded config | DEBUG_MODE=3
2025-12-23 15:41:44 | INFO     | log:151 | [main] FastAPI app initialized (Per-Example Embedding Architecture)
2025-12-23 15:41:45 | INFO     | log:151 | [lifespan] Server starting - running warmup...
2025-12-23 15:41:45 | INFO     | log:151 | [warmup] Loading tables...
2025-12-23 15:41:45 | DEBUG    | log:153 | [get_tables] Getting tables...
2025-12-23 15:41:52 | DEBUG    | log:153 | [get_tables] Loaded existing tables
2025-12-23 15:41:52 | INFO     | log:151 | [warmup] Tables loaded: 15 docs, 251 examples
2025-12-23 15:41:52 | INFO     | log:151 | [warmup] Loading embedding model...
2025-12-23 15:41:52 | INFO     | log:151 | [get_embedding_model] Loading model on GPU (NVIDIA RTX A5000)...
2025-12-23 15:41:58 | INFO     | log:151 | [get_embedding_model] Model loaded on GPU (NVIDIA RTX A5000)
2025-12-23 15:41:58 | INFO     | log:151 | [warmup] Embedding model loaded on GPU (NVIDIA RTX A5000)
2025-12-23 15:41:58 | INFO     | log:151 | [warmup] Building embeddings cache...
2025-12-23 15:41:58 | INFO     | log:151 | [build_embeddings_cache] Building embeddings cache...
2025-12-23 15:41:59 | INFO     | log:151 | [build_embeddings_cache] Cache built in 0.72s: 251 examples, 15 docs on GPU (NVIDIA RTX A5000)
2025-12-23 15:41:59 | INFO     | log:151 | [warmup] Embeddings cache built
2025-12-23 15:41:59 | INFO     | log:151 | [warmup] Building corpus stats cache...
2025-12-23 15:41:59 | INFO     | log:151 | [get_corpus_stats] Rebuilding corpus stats cache...
2025-12-23 15:41:59 | INFO     | log:151 | [warmup] Corpus stats cache built
2025-12-23 15:41:59 | INFO     | log:151 | [warmup] System ready in 14.45s | URLs: ['http://localhost:6868', 'http://192.168.3.7:6868']
2025-12-23 15:42:22 | INFO     | log:151 | [search_single] Searching: 'cho tôi xem lịch sử giao dịch của tài khoản 020063...' (top_k=10)
2025-12-23 15:42:22 | DEBUG    | log:153 | [get_tables] Getting tables...
2025-12-23 15:42:22 | DEBUG    | log:153 | [get_tables] Returning cached tables
2025-12-23 15:42:22 | DEBUG    | log:153 | [normalize_query] 'cho tôi xem lịch sử giao dịch của tài kh...' -> 'Cho tôi xem lịch sử giao dịch của tài kh...'
2025-12-23 15:42:22 | DEBUG    | log:153 | [perform_hybrid_search] query_text: [cho tôi xem lịch sử giao dịch của tài khoản 020063535533] - formatted_query: [Cho tôi xem lịch sử giao dịch của tài khoản 020063535533] - normalized_query: [Cho tôi xem lịch sử giao dịch của tài khoản 020063535533]
2025-12-23 15:42:22 | DEBUG    | log:153 | [perform_hybrid_search] BM25 raw scores: min=0.8559, max=14.6557
2025-12-23 15:42:22 | DEBUG    | log:153 | [get_keyword_boost] Query: 'Cho tôi xem lịch sử giao dịch ...' | Doc: Tra cứu lịch sử giao | Boost: 0.25 | Matched: ['tài khoản']
2025-12-23 15:42:22 | DEBUG    | log:153 | [classify_query_intent] Classified: 'Cho tôi xem lịch sử giao dịch ...' -> Tra cứu lịch sử giao dịch theo (score=1)
2025-12-23 15:42:22 | INFO     | log:151 | [search_single] Found 10 results
2025-12-23 15:42:22 | DEBUG    | log:153 | [search_single] Top: Tra cứu lịch sử giao dịch theo số tài khoản... (score=0.8321, sem=0.8673, bm25=1.0000, boost=0.2500)
2025-12-23 15:43:47 | INFO     | log:151 | [lifespan] Server shutting down
2025-12-23 15:45:10 | INFO     | log:151 | [config] Loaded config | DEBUG_MODE=3
2025-12-23 15:45:12 | INFO     | log:151 | [main] FastAPI app initialized (Per-Example Embedding Architecture)
2025-12-23 15:45:13 | INFO     | log:151 | [lifespan] Server starting - running warmup...
2025-12-23 15:45:13 | INFO     | log:151 | [warmup] Loading tables...
2025-12-23 15:45:13 | DEBUG    | log:153 | [get_tables] Getting tables...
2025-12-23 15:45:21 | DEBUG    | log:153 | [get_tables] Loaded existing tables
2025-12-23 15:45:21 | INFO     | log:151 | [warmup] Tables loaded: 15 docs, 251 examples
2025-12-23 15:45:21 | INFO     | log:151 | [warmup] Loading embedding model...
2025-12-23 15:45:21 | INFO     | log:151 | [get_embedding_model] Loading model on GPU (NVIDIA RTX A5000)...
2025-12-23 15:45:27 | INFO     | log:151 | [get_embedding_model] Model loaded on GPU (NVIDIA RTX A5000)
2025-12-23 15:45:27 | INFO     | log:151 | [warmup] Embedding model loaded on GPU (NVIDIA RTX A5000)
2025-12-23 15:45:27 | INFO     | log:151 | [warmup] Building embeddings cache...
2025-12-23 15:45:27 | INFO     | log:151 | [build_embeddings_cache] Building embeddings cache...
2025-12-23 15:45:29 | INFO     | log:151 | [build_embeddings_cache] Cache built in 1.36s: 251 examples, 15 docs on GPU (NVIDIA RTX A5000)
2025-12-23 15:45:29 | INFO     | log:151 | [warmup] Embeddings cache built
2025-12-23 15:45:29 | INFO     | log:151 | [warmup] Building corpus stats cache...
2025-12-23 15:45:29 | INFO     | log:151 | [get_corpus_stats] Rebuilding corpus stats cache...
2025-12-23 15:45:29 | INFO     | log:151 | [warmup] Corpus stats cache built
2025-12-23 15:45:29 | INFO     | log:151 | [warmup] System ready in 15.73s | URLs: ['http://localhost:6804', 'http://192.168.3.7:6804']
2025-12-23 15:45:46 | DEBUG    | log:153 | [index] Serving web UI
2025-12-23 15:45:46 | DEBUG    | log:153 | [list_documents] Fetching all documents...
2025-12-23 15:45:46 | DEBUG    | log:153 | [get_tables] Getting tables...
2025-12-23 15:45:46 | DEBUG    | log:153 | [get_tables] Returning cached tables
2025-12-23 15:45:46 | INFO     | log:151 | [list_documents] Found 15 documents
2025-12-23 15:47:22 | INFO     | log:151 | [search_single] Searching: 'cho tôi xem lịch sử giao dịch của tài khoản 020063...' (top_k=10)
2025-12-23 15:47:22 | DEBUG    | log:153 | [get_tables] Getting tables...
2025-12-23 15:47:22 | DEBUG    | log:153 | [get_tables] Returning cached tables
2025-12-23 15:47:22 | DEBUG    | log:153 | [normalize_query] 'cho tôi xem lịch sử giao dịch của tài kh...' -> 'Cho tôi xem lịch sử giao dịch của tài kh...'
2025-12-23 15:47:22 | DEBUG    | log:153 | [perform_hybrid_search] query_text: [cho tôi xem lịch sử giao dịch của tài khoản 020063535533] - formatted_query: [Cho tôi xem lịch sử giao dịch của tài khoản 020063535533] - normalized_query: [Cho tôi xem lịch sử giao dịch của tài khoản 020063535533]
2025-12-23 15:47:22 | DEBUG    | log:153 | [perform_hybrid_search] BM25 raw scores: min=0.8559, max=14.6557
2025-12-23 15:47:22 | DEBUG    | log:153 | [get_keyword_boost] Query: 'Cho tôi xem lịch sử giao dịch ...' | Doc: Tra cứu lịch sử giao | Boost: 0.25 | Matched: ['tài khoản']
2025-12-23 15:47:22 | DEBUG    | log:153 | [classify_query_intent] Classified: 'Cho tôi xem lịch sử giao dịch ...' -> Tra cứu lịch sử giao dịch theo (score=1)
2025-12-23 15:47:22 | INFO     | log:151 | [search_single] Found 10 results
2025-12-23 15:47:22 | DEBUG    | log:153 | [search_single] Top: Tra cứu lịch sử giao dịch theo số tài khoản... (score=0.8321, sem=0.8673, bm25=1.0000, boost=0.2500)
2025-12-23 15:48:36 | INFO     | log:151 | [search_single] Searching: 'cho tôi xem lịch sử giao dịch của tài khoản 020063...' (top_k=10)
2025-12-23 15:48:36 | DEBUG    | log:153 | [get_tables] Getting tables...
2025-12-23 15:48:36 | DEBUG    | log:153 | [get_tables] Returning cached tables
2025-12-23 15:48:36 | DEBUG    | log:153 | [normalize_query] 'cho tôi xem lịch sử giao dịch của tài kh...' -> 'Cho tôi xem lịch sử giao dịch của tài kh...'
2025-12-23 15:48:36 | DEBUG    | log:153 | [perform_hybrid_search] query_text: [cho tôi xem lịch sử giao dịch của tài khoản 020063535533] - formatted_query: [Cho tôi xem lịch sử giao dịch của tài khoản 020063535533] - normalized_query: [Cho tôi xem lịch sử giao dịch của tài khoản 020063535533]
2025-12-23 15:48:36 | DEBUG    | log:153 | [perform_hybrid_search] BM25 raw scores: min=0.8559, max=14.6557
2025-12-23 15:48:36 | DEBUG    | log:153 | [get_keyword_boost] Query: 'Cho tôi xem lịch sử giao dịch ...' | Doc: Tra cứu lịch sử giao | Boost: 0.25 | Matched: ['tài khoản']
2025-12-23 15:48:36 | DEBUG    | log:153 | [classify_query_intent] Classified: 'Cho tôi xem lịch sử giao dịch ...' -> Tra cứu lịch sử giao dịch theo (score=1)
2025-12-23 15:48:36 | INFO     | log:151 | [search_single] Found 10 results
2025-12-23 15:48:36 | DEBUG    | log:153 | [search_single] Top: Tra cứu lịch sử giao dịch theo số tài khoản... (score=0.8321, sem=0.8673, bm25=1.0000, boost=0.2500)
