2025-12-23 16:34:09 | INFO     | log:151 | [lifespan] Server shutting down
2025-12-23 16:34:14 | INFO     | log:151 | [config] Loaded config | DEBUG_MODE=3
2025-12-23 16:34:17 | INFO     | log:151 | [main] FastAPI app initialized (Per-Example Embedding Architecture)
2025-12-23 16:34:17 | INFO     | log:151 | [lifespan] Server starting - running warmup...
2025-12-23 16:34:17 | INFO     | log:151 | [warmup] Loading tables...
2025-12-23 16:34:17 | DEBUG    | log:153 | [get_tables] Getting tables...
2025-12-23 16:34:25 | DEBUG    | log:153 | [get_tables] Loaded existing tables
2025-12-23 16:34:25 | INFO     | log:151 | [warmup] Tables loaded: 15 docs, 251 examples
2025-12-23 16:34:25 | INFO     | log:151 | [warmup] Loading embedding model...
2025-12-23 16:34:25 | INFO     | log:151 | [get_embedding_model] Loading model on GPU (NVIDIA RTX A5000)...
2025-12-23 16:34:31 | INFO     | log:151 | [get_embedding_model] Model loaded on GPU (NVIDIA RTX A5000)
2025-12-23 16:34:31 | INFO     | log:151 | [warmup] Embedding model loaded on GPU (NVIDIA RTX A5000)
2025-12-23 16:34:31 | INFO     | log:151 | [warmup] Building embeddings cache...
2025-12-23 16:34:31 | INFO     | log:151 | [build_embeddings_cache] Building embeddings cache...
2025-12-23 16:34:33 | INFO     | log:151 | [build_embeddings_cache] Cache built in 1.81s: 251 examples, 15 docs on GPU (NVIDIA RTX A5000)
2025-12-23 16:34:33 | INFO     | log:151 | [warmup] Embeddings cache built
2025-12-23 16:34:33 | INFO     | log:151 | [warmup] Building corpus stats cache...
2025-12-23 16:34:33 | INFO     | log:151 | [get_corpus_stats] Rebuilding corpus stats cache...
2025-12-23 16:34:33 | INFO     | log:151 | [warmup] Corpus stats cache built
2025-12-23 16:34:33 | INFO     | log:151 | [warmup] System ready in 15.90s | URLs: ['http://localhost:6804', 'http://192.168.3.7:6804']
2025-12-23 16:35:14 | INFO     | log:151 | [search_single] Searching: 'cho tôi xem lịch sử giao dịch của tài khoản 020063...' (top_k=10)
2025-12-23 16:35:14 | DEBUG    | log:153 | [get_tables] Getting tables...
2025-12-23 16:35:14 | DEBUG    | log:153 | [get_tables] Returning cached tables
2025-12-23 16:35:14 | DEBUG    | log:153 | [normalize_query] 'cho tôi xem lịch sử giao dịch của tài kh...' -> 'Cho tôi xem lịch sử giao dịch của tài kh...'
2025-12-23 16:35:14 | DEBUG    | log:153 | [perform_hybrid_search] query_text: [cho tôi xem lịch sử giao dịch của tài khoản 020063535533] - formatted_query: [Cho tôi xem lịch sử giao dịch của tài khoản 020063535533] - normalized_query: [Cho tôi xem lịch sử giao dịch của tài khoản 020063535533]
2025-12-23 16:35:14 | DEBUG    | log:153 | [perform_hybrid_search] BM25 raw scores: min=0.8559, max=14.6557
2025-12-23 16:35:14 | DEBUG    | log:153 | [get_keyword_boost] Query: 'Cho tôi xem lịch sử giao dịch ...' | Doc: Tra cứu lịch sử giao | Boost: 0.25 | Matched: ['tài khoản']
2025-12-23 16:35:14 | DEBUG    | log:153 | [classify_query_intent] Classified: 'Cho tôi xem lịch sử giao dịch ...' -> Tra cứu lịch sử giao dịch theo (score=1)
2025-12-23 16:35:14 | INFO     | log:151 | [search_single] Found 10 results
2025-12-23 16:35:14 | DEBUG    | log:153 | [search_single] Top: Tra cứu lịch sử giao dịch theo số tài khoản... (score=0.8321, sem=0.8673, bm25=1.0000, boost=0.2500)
2025-12-23 16:38:37 | INFO     | log:151 | [lifespan] Server shutting down
2025-12-23 16:38:41 | INFO     | log:151 | [config] Loaded config | DEBUG_MODE=3
2025-12-23 16:38:43 | INFO     | log:151 | [main] FastAPI app initialized (Per-Example Embedding Architecture)
2025-12-23 16:38:44 | INFO     | log:151 | [lifespan] Server starting - running warmup...
2025-12-23 16:38:44 | INFO     | log:151 | [warmup] Loading tables...
2025-12-23 16:38:44 | DEBUG    | log:153 | [get_tables] Getting tables...
2025-12-23 16:38:52 | DEBUG    | log:153 | [get_tables] Loaded existing tables
2025-12-23 16:38:52 | INFO     | log:151 | [warmup] Tables loaded: 15 docs, 251 examples
2025-12-23 16:38:52 | INFO     | log:151 | [warmup] Loading embedding model...
2025-12-23 16:38:52 | INFO     | log:151 | [get_embedding_model] Loading model on GPU (NVIDIA RTX A5000)...
2025-12-23 16:38:58 | INFO     | log:151 | [get_embedding_model] Model loaded on GPU (NVIDIA RTX A5000)
2025-12-23 16:38:58 | INFO     | log:151 | [warmup] Embedding model loaded on GPU (NVIDIA RTX A5000)
2025-12-23 16:38:58 | INFO     | log:151 | [warmup] Building embeddings cache...
2025-12-23 16:38:58 | INFO     | log:151 | [build_embeddings_cache] Building embeddings cache...
2025-12-23 16:39:00 | INFO     | log:151 | [build_embeddings_cache] Cache built in 1.33s: 251 examples, 15 docs on GPU (NVIDIA RTX A5000)
2025-12-23 16:39:00 | INFO     | log:151 | [warmup] Embeddings cache built
2025-12-23 16:39:00 | INFO     | log:151 | [warmup] Building corpus stats cache...
2025-12-23 16:39:00 | INFO     | log:151 | [get_corpus_stats] Rebuilding corpus stats cache...
2025-12-23 16:39:00 | INFO     | log:151 | [warmup] Corpus stats cache built
2025-12-23 16:39:00 | INFO     | log:151 | [warmup] System ready in 15.95s | URLs: ['http://localhost:6804', 'http://192.168.3.7:6804']
2025-12-23 16:40:51 | INFO     | log:151 | [lifespan] Server shutting down
2025-12-23 16:40:56 | INFO     | log:151 | [config] Loaded config | DEBUG_MODE=3
2025-12-23 16:40:59 | INFO     | log:151 | [main] FastAPI app initialized (Per-Example Embedding Architecture)
2025-12-23 16:40:59 | INFO     | log:151 | [lifespan] Server starting - running warmup...
2025-12-23 16:40:59 | INFO     | log:151 | [warmup] Loading tables...
2025-12-23 16:40:59 | DEBUG    | log:153 | [get_tables] Getting tables...
2025-12-23 16:41:06 | DEBUG    | log:153 | [get_tables] Loaded existing tables
2025-12-23 16:41:06 | INFO     | log:151 | [warmup] Tables loaded: 15 docs, 251 examples
2025-12-23 16:41:06 | INFO     | log:151 | [warmup] Loading embedding model...
2025-12-23 16:41:06 | INFO     | log:151 | [get_embedding_model] Loading model on GPU (NVIDIA RTX A5000)...
2025-12-23 16:41:12 | INFO     | log:151 | [get_embedding_model] Model loaded on GPU (NVIDIA RTX A5000)
2025-12-23 16:41:12 | INFO     | log:151 | [warmup] Embedding model loaded on GPU (NVIDIA RTX A5000)
2025-12-23 16:41:12 | INFO     | log:151 | [warmup] Building embeddings cache...
2025-12-23 16:41:12 | INFO     | log:151 | [build_embeddings_cache] Building embeddings cache...
2025-12-23 16:41:14 | INFO     | log:151 | [build_embeddings_cache] Cache built in 1.34s: 251 examples, 15 docs on GPU (NVIDIA RTX A5000)
2025-12-23 16:41:14 | INFO     | log:151 | [warmup] Embeddings cache built
2025-12-23 16:41:14 | INFO     | log:151 | [warmup] Building corpus stats cache...
2025-12-23 16:41:14 | INFO     | log:151 | [get_corpus_stats] Rebuilding corpus stats cache...
2025-12-23 16:41:14 | INFO     | log:151 | [warmup] Corpus stats cache built
2025-12-23 16:41:14 | INFO     | log:151 | [warmup] System ready in 14.42s | URLs: ['http://localhost:6804', 'http://192.168.3.7:6804']
2025-12-23 16:41:19 | INFO     | log:151 | [search_single] Searching: 'cho tôi xem lịch sử giao dịch của tài khoản 020063...' (top_k=10)
2025-12-23 16:41:19 | DEBUG    | log:153 | [get_tables] Getting tables...
2025-12-23 16:41:19 | DEBUG    | log:153 | [get_tables] Returning cached tables
2025-12-23 16:41:19 | DEBUG    | log:153 | [normalize_query] 'cho tôi xem lịch sử giao dịch của tài kh...' -> 'Cho tôi xem lịch sử giao dịch của tài kh...'
2025-12-23 16:41:19 | DEBUG    | log:153 | [perform_hybrid_search] query_text: [cho tôi xem lịch sử giao dịch của tài khoản 020063535533] - formatted_query: [Cho tôi xem lịch sử giao dịch của tài khoản 020063535533] - normalized_query: [Cho tôi xem lịch sử giao dịch của tài khoản 020063535533]
2025-12-23 16:41:19 | DEBUG    | log:153 | [perform_hybrid_search] BM25 raw scores: min=0.8559, max=14.6557
2025-12-23 16:41:19 | DEBUG    | log:153 | [get_keyword_boost] Query: 'Cho tôi xem lịch sử giao dịch ...' | Doc: Tra cứu lịch sử giao | Boost: 0.25 | Matched: ['tài khoản']
2025-12-23 16:41:19 | DEBUG    | log:153 | [classify_query_intent] Classified: 'Cho tôi xem lịch sử giao dịch ...' -> Tra cứu lịch sử giao dịch theo (score=1)
2025-12-23 16:41:19 | INFO     | log:151 | [search_single] Found 10 results
2025-12-23 16:41:19 | DEBUG    | log:153 | [search_single] Top: Tra cứu lịch sử giao dịch theo số tài khoản... (score=0.8321, sem=0.8673, bm25=1.0000, boost=0.2500)
