2025-12-22 10:13:08 | INFO     | log:151 | [lifespan] Server shutting down
2025-12-22 10:23:25 | INFO     | log:151 | [config] Loaded config | DEBUG_MODE=3
2025-12-22 10:23:28 | INFO     | log:151 | [main] FastAPI app initialized (Per-Example Embedding Architecture)
2025-12-22 10:27:16 | INFO     | log:151 | [config] Loaded config | DEBUG_MODE=3
2025-12-22 10:27:19 | INFO     | log:151 | [main] FastAPI app initialized (Per-Example Embedding Architecture)
2025-12-22 10:28:19 | INFO     | log:151 | [config] Loaded config | DEBUG_MODE=3
2025-12-22 10:28:21 | INFO     | log:151 | [main] FastAPI app initialized (Per-Example Embedding Architecture)
2025-12-22 10:29:11 | INFO     | log:151 | [config] Loaded config | DEBUG_MODE=3
2025-12-22 10:29:13 | INFO     | log:151 | [main] FastAPI app initialized (Per-Example Embedding Architecture)
2025-12-22 10:31:02 | INFO     | log:151 | [config] Loaded config | DEBUG_MODE=3
2025-12-22 10:31:05 | INFO     | log:151 | [main] FastAPI app initialized (Per-Example Embedding Architecture)
2025-12-22 10:31:05 | INFO     | log:151 | [main] Starting server...
2025-12-22 10:31:05 | INFO     | log:151 | [lifespan] Server starting - running warmup...
2025-12-22 10:31:05 | INFO     | log:151 | [warmup] Loading tables...
2025-12-22 10:31:05 | DEBUG    | log:153 | [get_tables] Getting tables...
2025-12-22 10:31:05 | CRITICAL | log:149 | [get_tables] ERROR loading tables (NOT 'not found'): [Errno 13] Permission denied: b'/tmp/.lockfile'
2025-12-22 10:31:05 | CRITICAL | log:149 | [warmup] ERROR during warmup: [Errno 13] Permission denied: b'/tmp/.lockfile'
2025-12-22 10:31:09 | INFO     | log:151 | [lifespan] Server shutting down
2025-12-22 10:31:31 | INFO     | log:151 | [config] Loaded config | DEBUG_MODE=3
2025-12-22 10:31:34 | INFO     | log:151 | [main] FastAPI app initialized (Per-Example Embedding Architecture)
2025-12-22 10:31:34 | INFO     | log:151 | [main] Starting server...
2025-12-22 10:31:34 | INFO     | log:151 | [lifespan] Server starting - running warmup...
2025-12-22 10:31:34 | INFO     | log:151 | [warmup] Loading tables...
2025-12-22 10:31:34 | DEBUG    | log:153 | [get_tables] Getting tables...
2025-12-22 10:31:34 | CRITICAL | log:149 | [get_tables] ERROR loading tables (NOT 'not found'): [Errno 13] Permission denied: b'/tmp/.lockfile'
2025-12-22 10:31:34 | CRITICAL | log:149 | [warmup] ERROR during warmup: [Errno 13] Permission denied: b'/tmp/.lockfile'
2025-12-22 10:31:48 | INFO     | log:151 | [lifespan] Server shutting down
2025-12-22 10:55:10 | INFO     | log:151 | [config] Loaded config | DEBUG_MODE=3
2025-12-22 10:55:13 | INFO     | log:151 | [main] FastAPI app initialized (Per-Example Embedding Architecture)
2025-12-22 10:55:13 | INFO     | log:151 | [lifespan] Server starting - running warmup...
2025-12-22 10:55:13 | INFO     | log:151 | [warmup] Loading tables...
2025-12-22 10:55:13 | DEBUG    | log:153 | [get_tables] Getting tables...
2025-12-22 10:55:20 | DEBUG    | log:153 | [get_tables] Loaded existing tables
2025-12-22 10:55:20 | INFO     | log:151 | [warmup] Tables loaded: 15 docs, 251 examples
2025-12-22 10:55:20 | INFO     | log:151 | [warmup] Loading embedding model...
2025-12-22 10:55:20 | INFO     | log:151 | [get_embedding_model] Loading model on GPU (NVIDIA RTX A5000)...
2025-12-22 10:55:26 | INFO     | log:151 | [get_embedding_model] Model loaded on GPU (NVIDIA RTX A5000)
2025-12-22 10:55:26 | INFO     | log:151 | [warmup] Embedding model loaded on GPU (NVIDIA RTX A5000)
2025-12-22 10:55:26 | INFO     | log:151 | [warmup] Building embeddings cache...
2025-12-22 10:55:26 | INFO     | log:151 | [build_embeddings_cache] Building embeddings cache...
2025-12-22 10:55:27 | INFO     | log:151 | [build_embeddings_cache] Cache built in 0.74s: 251 examples, 15 docs on GPU (NVIDIA RTX A5000)
2025-12-22 10:55:27 | INFO     | log:151 | [warmup] Embeddings cache built
2025-12-22 10:55:27 | INFO     | log:151 | [warmup] Building corpus stats cache...
2025-12-22 10:55:27 | INFO     | log:151 | [get_corpus_stats] Rebuilding corpus stats cache...
2025-12-22 10:55:27 | INFO     | log:151 | [warmup] Corpus stats cache built
2025-12-22 10:55:27 | INFO     | log:151 | [warmup] System ready in 13.92s | URLs: ['http://localhost:6804', 'http://192.168.3.7:6804']
