2025-12-22 09:00:14 | INFO     | log:151 | [config] Loaded config | DEBUG_MODE=3
2025-12-22 09:00:16 | INFO     | log:151 | [main] FastAPI app initialized (Per-Example Embedding Architecture)
2025-12-22 09:00:16 | INFO     | log:151 | [lifespan] Server starting - running warmup...
2025-12-22 09:00:16 | INFO     | log:151 | [warmup] Loading tables...
2025-12-22 09:00:16 | DEBUG    | log:153 | [get_tables] Getting tables...
2025-12-22 09:00:33 | DEBUG    | log:153 | [get_tables] Loaded existing tables
2025-12-22 09:00:33 | INFO     | log:151 | [warmup] Tables loaded: 15 docs, 251 examples
2025-12-22 09:00:33 | INFO     | log:151 | [warmup] Loading embedding model...
2025-12-22 09:00:33 | INFO     | log:151 | [get_embedding_model] Loading model on GPU (NVIDIA RTX A5000)...
2025-12-22 09:00:41 | INFO     | log:151 | [get_embedding_model] Model loaded on GPU (NVIDIA RTX A5000)
2025-12-22 09:00:41 | INFO     | log:151 | [warmup] Embedding model loaded on GPU (NVIDIA RTX A5000)
2025-12-22 09:00:41 | INFO     | log:151 | [warmup] Building embeddings cache...
2025-12-22 09:00:41 | INFO     | log:151 | [build_embeddings_cache] Building embeddings cache...
2025-12-22 09:00:42 | INFO     | log:151 | [build_embeddings_cache] Cache built in 0.72s: 251 examples, 15 docs on GPU (NVIDIA RTX A5000)
2025-12-22 09:00:42 | INFO     | log:151 | [warmup] Embeddings cache built
2025-12-22 09:00:42 | INFO     | log:151 | [warmup] Building corpus stats cache...
2025-12-22 09:00:42 | INFO     | log:151 | [get_corpus_stats] Rebuilding corpus stats cache...
2025-12-22 09:00:42 | INFO     | log:151 | [warmup] Corpus stats cache built
2025-12-22 09:00:42 | INFO     | log:151 | [warmup] System ready in 25.37s | URLs: ['http://localhost:6804', 'http://192.168.3.7:6804']
2025-12-22 09:01:25 | INFO     | log:151 | [lifespan] Server shutting down
2025-12-22 09:13:53 | INFO     | log:151 | [config] Loaded config | DEBUG_MODE=3
2025-12-22 09:13:56 | INFO     | log:151 | [main] FastAPI app initialized (Per-Example Embedding Architecture)
2025-12-22 09:13:56 | INFO     | log:151 | [lifespan] Server starting - running warmup...
2025-12-22 09:13:56 | INFO     | log:151 | [warmup] Loading tables...
2025-12-22 09:13:56 | DEBUG    | log:153 | [get_tables] Getting tables...
2025-12-22 09:14:04 | DEBUG    | log:153 | [get_tables] Loaded existing tables
2025-12-22 09:14:04 | INFO     | log:151 | [warmup] Tables loaded: 15 docs, 251 examples
2025-12-22 09:14:04 | INFO     | log:151 | [warmup] Loading embedding model...
2025-12-22 09:14:04 | INFO     | log:151 | [get_embedding_model] Loading model on GPU (NVIDIA RTX A5000)...
2025-12-22 09:14:10 | INFO     | log:151 | [get_embedding_model] Model loaded on GPU (NVIDIA RTX A5000)
2025-12-22 09:14:10 | INFO     | log:151 | [warmup] Embedding model loaded on GPU (NVIDIA RTX A5000)
2025-12-22 09:14:10 | INFO     | log:151 | [warmup] Building embeddings cache...
2025-12-22 09:14:10 | INFO     | log:151 | [build_embeddings_cache] Building embeddings cache...
2025-12-22 09:14:11 | INFO     | log:151 | [build_embeddings_cache] Cache built in 0.72s: 251 examples, 15 docs on GPU (NVIDIA RTX A5000)
2025-12-22 09:14:11 | INFO     | log:151 | [warmup] Embeddings cache built
2025-12-22 09:14:11 | INFO     | log:151 | [warmup] Building corpus stats cache...
2025-12-22 09:14:11 | INFO     | log:151 | [get_corpus_stats] Rebuilding corpus stats cache...
2025-12-22 09:14:11 | INFO     | log:151 | [warmup] Corpus stats cache built
2025-12-22 09:14:11 | INFO     | log:151 | [warmup] System ready in 15.88s | URLs: ['http://localhost:6804', 'http://192.168.3.7:6804']
