2025-12-29 13:42:13 | DEBUG    | log:153 | [index] Serving web UI
2025-12-29 13:42:13 | DEBUG    | log:153 | [list_documents] Fetching all documents...
2025-12-29 13:42:13 | DEBUG    | log:153 | [get_tables] Getting tables...
2025-12-29 13:42:13 | DEBUG    | log:153 | [get_tables] Returning cached tables
2025-12-29 13:42:13 | INFO     | log:151 | [list_documents] Found 15 documents
2025-12-29 13:42:14 | DEBUG    | log:153 | [list_documents] Fetching all documents...
2025-12-29 13:42:14 | DEBUG    | log:153 | [get_tables] Getting tables...
2025-12-29 13:42:14 | DEBUG    | log:153 | [get_tables] Returning cached tables
2025-12-29 13:42:14 | INFO     | log:151 | [list_documents] Found 15 documents
2025-12-29 13:50:47 | INFO     | log:151 | [add_document] Adding document: Cho tôi xem lịch sử giao dịch của tài khoản 200869...
2025-12-29 13:50:47 | DEBUG    | log:153 | [get_tables] Getting tables...
2025-12-29 13:50:47 | DEBUG    | log:153 | [get_tables] Returning cached tables
2025-12-29 13:50:47 | DEBUG    | log:153 | [build_search_text] Built search_text (186 chars)
2025-12-29 13:50:47 | DEBUG    | log:153 | [insert_document_with_examples] Inserting doc_id=15, search_text length=186
2025-12-29 13:50:47 | INFO     | log:151 | [insert_document_with_examples] Starting doc_table.insert() for doc_id=15...
2025-12-29 13:50:53 | INFO     | log:151 | [insert_document_with_examples] doc_table.insert() completed in 5.70s for doc_id=15
2025-12-29 13:50:53 | DEBUG    | log:153 | [parse_examples_to_list] Parsed 1 examples
2025-12-29 13:50:53 | DEBUG    | log:153 | [insert_document_with_examples] Inserted 1 examples for doc_id=15
2025-12-29 13:50:53 | INFO     | log:151 | [add_document] Document added with 1 examples
2025-12-29 13:50:53 | DEBUG    | log:153 | [invalidate_embeddings_cache] Embeddings cache invalidated
2025-12-29 13:50:53 | DEBUG    | log:153 | [reset_all_caches] All caches invalidated
2025-12-29 13:50:53 | DEBUG    | log:153 | [list_documents] Fetching all documents...
2025-12-29 13:50:53 | DEBUG    | log:153 | [get_tables] Getting tables...
2025-12-29 13:50:53 | DEBUG    | log:153 | [get_tables] Returning cached tables
2025-12-29 13:50:53 | INFO     | log:151 | [list_documents] Found 16 documents
2025-12-29 13:51:38 | DEBUG    | log:153 | [index] Serving web UI
2025-12-29 13:51:38 | DEBUG    | log:153 | [list_documents] Fetching all documents...
2025-12-29 13:51:38 | DEBUG    | log:153 | [get_tables] Getting tables...
2025-12-29 13:51:38 | DEBUG    | log:153 | [get_tables] Returning cached tables
2025-12-29 13:51:38 | INFO     | log:151 | [list_documents] Found 16 documents
2025-12-29 13:51:43 | DEBUG    | log:153 | [list_documents] Fetching all documents...
2025-12-29 13:51:43 | DEBUG    | log:153 | [get_tables] Getting tables...
2025-12-29 13:51:43 | DEBUG    | log:153 | [get_tables] Returning cached tables
2025-12-29 13:51:43 | INFO     | log:151 | [list_documents] Found 16 documents
2025-12-29 13:51:49 | INFO     | log:151 | [delete_document] Deleting document doc_id=15
2025-12-29 13:51:49 | DEBUG    | log:153 | [get_tables] Getting tables...
2025-12-29 13:51:49 | DEBUG    | log:153 | [get_tables] Returning cached tables
2025-12-29 13:51:49 | INFO     | log:151 | [delete_document] Deleted 1 examples
2025-12-29 13:51:49 | INFO     | log:151 | [delete_document] Document doc_id=15 deleted
2025-12-29 13:51:49 | DEBUG    | log:153 | [invalidate_embeddings_cache] Embeddings cache invalidated
2025-12-29 13:51:49 | DEBUG    | log:153 | [reset_all_caches] All caches invalidated
2025-12-29 13:51:49 | DEBUG    | log:153 | [list_documents] Fetching all documents...
2025-12-29 13:51:49 | DEBUG    | log:153 | [get_tables] Getting tables...
2025-12-29 13:51:49 | DEBUG    | log:153 | [get_tables] Returning cached tables
2025-12-29 13:51:49 | INFO     | log:151 | [list_documents] Found 15 documents
2025-12-29 13:51:49 | DEBUG    | log:153 | [list_documents] Fetching all documents...
2025-12-29 13:51:49 | DEBUG    | log:153 | [get_tables] Getting tables...
2025-12-29 13:51:49 | DEBUG    | log:153 | [get_tables] Returning cached tables
2025-12-29 13:51:49 | INFO     | log:151 | [list_documents] Found 15 documents
2025-12-29 13:53:05 | INFO     | log:151 | [search_single] Searching: 'cho tôi xem lịch sử giao dịch của tài khoản 200869...' (top_k=10)
2025-12-29 13:53:05 | DEBUG    | log:153 | [get_tables] Getting tables...
2025-12-29 13:53:05 | DEBUG    | log:153 | [get_tables] Returning cached tables
2025-12-29 13:53:05 | DEBUG    | log:153 | [normalize_query] 'cho tôi xem lịch sử giao dịch của tài kh...' -> 'Cho tôi xem lịch sử giao dịch của tài kh...'
2025-12-29 13:53:05 | DEBUG    | log:153 | [perform_hybrid_search] query_text: [cho tôi xem lịch sử giao dịch của tài khoản 2008698951018] - formatted_query: [Cho tôi xem lịch sử giao dịch của tài khoản 2008698951018] - normalized_query: [Cho tôi xem lịch sử giao dịch của tài khoản 2008698951018]
2025-12-29 13:53:05 | INFO     | log:151 | [build_embeddings_cache] Building embeddings cache...
2025-12-29 13:53:05 | INFO     | log:151 | [build_embeddings_cache] Cache built in 0.51s: 251 examples, 15 docs on GPU (NVIDIA RTX A5000)
2025-12-29 13:53:05 | INFO     | log:151 | [get_corpus_stats] Rebuilding corpus stats cache...
2025-12-29 13:53:05 | DEBUG    | log:153 | [perform_hybrid_search] BM25 raw scores: min=0.8559, max=14.6557
2025-12-29 13:53:05 | DEBUG    | log:153 | [get_keyword_boost] Query: 'Cho tôi xem lịch sử giao dịch ...' | Doc: Tra cứu lịch sử giao | Boost: 0.25 | Matched: ['tài khoản']
2025-12-29 13:53:05 | DEBUG    | log:153 | [classify_query_intent] Classified: 'Cho tôi xem lịch sử giao dịch ...' -> Tra cứu lịch sử giao dịch theo (score=1)
2025-12-29 13:53:05 | INFO     | log:151 | [search_single] Found 10 results
2025-12-29 13:53:05 | DEBUG    | log:153 | [search_single] Top: Tra cứu lịch sử giao dịch theo số tài khoản... (score=0.8325, sem=0.8679, bm25=1.0000, boost=0.2500)
2025-12-29 13:55:04 | INFO     | log:151 | [search_single] Searching: 'cho tôi xem lịch sử giao dịch của tài khoản 200869...' (top_k=10)
2025-12-29 13:55:04 | DEBUG    | log:153 | [get_tables] Getting tables...
2025-12-29 13:55:04 | DEBUG    | log:153 | [get_tables] Returning cached tables
2025-12-29 13:55:04 | DEBUG    | log:153 | [normalize_query] 'cho tôi xem lịch sử giao dịch của tài kh...' -> 'Cho tôi xem lịch sử giao dịch của tài kh...'
2025-12-29 13:55:04 | DEBUG    | log:153 | [perform_hybrid_search] query_text: [cho tôi xem lịch sử giao dịch của tài khoản 2008698951018] - formatted_query: [Cho tôi xem lịch sử giao dịch của tài khoản 2008698951018] - normalized_query: [Cho tôi xem lịch sử giao dịch của tài khoản 2008698951018]
2025-12-29 13:55:04 | DEBUG    | log:153 | [perform_hybrid_search] BM25 raw scores: min=0.8559, max=14.6557
2025-12-29 13:55:04 | DEBUG    | log:153 | [get_keyword_boost] Query: 'Cho tôi xem lịch sử giao dịch ...' | Doc: Tra cứu lịch sử giao | Boost: 0.25 | Matched: ['tài khoản']
2025-12-29 13:55:04 | DEBUG    | log:153 | [classify_query_intent] Classified: 'Cho tôi xem lịch sử giao dịch ...' -> Tra cứu lịch sử giao dịch theo (score=1)
2025-12-29 13:55:04 | INFO     | log:151 | [search_single] Found 10 results
2025-12-29 13:55:04 | DEBUG    | log:153 | [search_single] Top: Tra cứu lịch sử giao dịch theo số tài khoản... (score=0.8325, sem=0.8679, bm25=1.0000, boost=0.2500)
