2025-12-17 13:05:00 | INFO     | log:150 | [config] Loaded config | DEBUG_MODE=1
2025-12-17 13:05:03 | INFO     | log:150 | [main] FastAPI app initialized (Per-Example Embedding Architecture)
2025-12-17 13:05:03 | INFO     | log:150 | [lifespan] Server starting - running warmup...
2025-12-17 13:05:03 | INFO     | log:150 | [warmup] Loading tables...
2025-12-17 13:05:08 | INFO     | log:150 | [get_tables] Tables not found, creating new: Directory 'knowledge_base' does not exist.
2025-12-17 13:05:08 | INFO     | log:150 | [_create_tables_internal] Creating new tables...
2025-12-17 13:05:14 | INFO     | log:150 | [_create_tables_internal] All indexes created with model: intfloat/multilingual-e5-large
2025-12-17 13:05:14 | INFO     | log:150 | [warmup] Tables loaded: 0 docs, 0 examples
2025-12-17 13:05:14 | INFO     | log:150 | [warmup] Loading embedding model...
2025-12-17 13:05:14 | INFO     | log:150 | [get_embedding_model] Loading model on CPU...
2025-12-17 13:05:19 | INFO     | log:150 | [get_embedding_model] Model loaded on CPU
2025-12-17 13:05:19 | INFO     | log:150 | [warmup] Embedding model loaded on CPU
2025-12-17 13:05:19 | INFO     | log:150 | [warmup] Building embeddings cache...
2025-12-17 13:05:19 | INFO     | log:150 | [build_embeddings_cache] Building embeddings cache...
2025-12-17 13:05:19 | INFO     | log:150 | [build_embeddings_cache] Cache built in 0.03s: 0 examples, 0 docs on CPU
2025-12-17 13:05:19 | INFO     | log:150 | [warmup] Embeddings cache built
2025-12-17 13:05:19 | INFO     | log:150 | [warmup] Building corpus stats cache...
2025-12-17 13:05:19 | INFO     | log:150 | [get_corpus_stats] Rebuilding corpus stats cache...
2025-12-17 13:05:19 | INFO     | log:150 | [warmup] Corpus stats cache built
2025-12-17 13:05:19 | INFO     | log:150 | [warmup] System ready in 16.36s | URLs: ['http://localhost:6804', 'http://192.168.1.153:6804']
2025-12-17 13:06:17 | INFO     | log:150 | [list_documents] Found 0 documents
2025-12-17 13:06:20 | INFO     | log:150 | [list_documents] Found 0 documents
2025-12-17 13:06:40 | INFO     | log:150 | [upload_documents] Uploading 1 files
2025-12-17 13:07:45 | INFO     | log:150 | [config] Loaded config | DEBUG_MODE=1
2025-12-17 13:07:48 | INFO     | log:150 | [main] FastAPI app initialized (Per-Example Embedding Architecture)
2025-12-17 13:07:48 | INFO     | log:150 | [lifespan] Server starting - running warmup...
2025-12-17 13:07:48 | INFO     | log:150 | [warmup] Loading tables...
2025-12-17 13:07:54 | INFO     | log:150 | [warmup] Tables loaded: 0 docs, 0 examples
2025-12-17 13:07:54 | INFO     | log:150 | [warmup] Loading embedding model...
2025-12-17 13:07:54 | INFO     | log:150 | [get_embedding_model] Loading model on CPU...
2025-12-17 13:07:58 | INFO     | log:150 | [get_embedding_model] Model loaded on CPU
2025-12-17 13:07:58 | INFO     | log:150 | [warmup] Embedding model loaded on CPU
2025-12-17 13:07:58 | INFO     | log:150 | [warmup] Building embeddings cache...
2025-12-17 13:07:58 | INFO     | log:150 | [build_embeddings_cache] Building embeddings cache...
2025-12-17 13:07:58 | INFO     | log:150 | [build_embeddings_cache] Cache built in 0.02s: 0 examples, 0 docs on CPU
2025-12-17 13:07:58 | INFO     | log:150 | [warmup] Embeddings cache built
2025-12-17 13:07:58 | INFO     | log:150 | [warmup] Building corpus stats cache...
2025-12-17 13:07:58 | INFO     | log:150 | [get_corpus_stats] Rebuilding corpus stats cache...
2025-12-17 13:07:58 | INFO     | log:150 | [warmup] Corpus stats cache built
2025-12-17 13:07:58 | INFO     | log:150 | [warmup] System ready in 10.27s | URLs: ['http://localhost:6804', 'http://192.168.1.153:6804']
2025-12-17 13:08:08 | INFO     | log:150 | [list_documents] Found 0 documents
2025-12-17 13:08:16 | INFO     | log:150 | [list_documents] Found 0 documents
2025-12-17 13:08:17 | INFO     | log:150 | [list_documents] Found 0 documents
2025-12-17 13:08:40 | INFO     | log:150 | [list_documents] Found 0 documents
2025-12-17 13:08:53 | INFO     | log:150 | [upload_documents] Uploading 1 files
2025-12-17 13:09:49 | INFO     | log:150 | [config] Loaded config | DEBUG_MODE=1
2025-12-17 13:09:52 | INFO     | log:150 | [main] FastAPI app initialized (Per-Example Embedding Architecture)
2025-12-17 13:09:52 | INFO     | log:150 | [lifespan] Server starting - running warmup...
2025-12-17 13:09:52 | INFO     | log:150 | [warmup] Loading tables...
2025-12-17 13:09:59 | INFO     | log:150 | [warmup] Tables loaded: 0 docs, 0 examples
2025-12-17 13:09:59 | INFO     | log:150 | [warmup] Loading embedding model...
2025-12-17 13:09:59 | INFO     | log:150 | [get_embedding_model] Loading model on CPU...
2025-12-17 13:10:04 | INFO     | log:150 | [get_embedding_model] Model loaded on CPU
2025-12-17 13:10:04 | INFO     | log:150 | [warmup] Embedding model loaded on CPU
2025-12-17 13:10:04 | INFO     | log:150 | [warmup] Building embeddings cache...
2025-12-17 13:10:04 | INFO     | log:150 | [build_embeddings_cache] Building embeddings cache...
2025-12-17 13:10:04 | INFO     | log:150 | [build_embeddings_cache] Cache built in 0.02s: 0 examples, 0 docs on CPU
2025-12-17 13:10:04 | INFO     | log:150 | [warmup] Embeddings cache built
2025-12-17 13:10:04 | INFO     | log:150 | [warmup] Building corpus stats cache...
2025-12-17 13:10:04 | INFO     | log:150 | [get_corpus_stats] Rebuilding corpus stats cache...
2025-12-17 13:10:04 | INFO     | log:150 | [warmup] Corpus stats cache built
2025-12-17 13:10:04 | INFO     | log:150 | [warmup] System ready in 12.18s | URLs: ['http://localhost:6804', 'http://192.168.1.153:6804']
2025-12-17 13:10:18 | INFO     | log:150 | [upload_documents] Uploading 1 files
2025-12-17 13:11:48 | INFO     | log:150 | [config] Loaded config | DEBUG_MODE=3
2025-12-17 13:11:51 | INFO     | log:150 | [main] FastAPI app initialized (Per-Example Embedding Architecture)
2025-12-17 13:11:51 | INFO     | log:150 | [lifespan] Server starting - running warmup...
2025-12-17 13:11:51 | INFO     | log:150 | [warmup] Loading tables...
2025-12-17 13:11:51 | DEBUG    | log:152 | [get_tables] Getting tables...
2025-12-17 13:11:57 | DEBUG    | log:152 | [get_tables] Loaded existing tables
2025-12-17 13:11:57 | INFO     | log:150 | [warmup] Tables loaded: 0 docs, 0 examples
2025-12-17 13:11:57 | INFO     | log:150 | [warmup] Loading embedding model...
2025-12-17 13:11:57 | INFO     | log:150 | [get_embedding_model] Loading model on CPU...
2025-12-17 13:12:02 | INFO     | log:150 | [get_embedding_model] Model loaded on CPU
2025-12-17 13:12:02 | INFO     | log:150 | [warmup] Embedding model loaded on CPU
2025-12-17 13:12:02 | INFO     | log:150 | [warmup] Building embeddings cache...
2025-12-17 13:12:02 | INFO     | log:150 | [build_embeddings_cache] Building embeddings cache...
2025-12-17 13:12:02 | INFO     | log:150 | [build_embeddings_cache] Cache built in 0.02s: 0 examples, 0 docs on CPU
2025-12-17 13:12:02 | INFO     | log:150 | [warmup] Embeddings cache built
2025-12-17 13:12:02 | INFO     | log:150 | [warmup] Building corpus stats cache...
2025-12-17 13:12:02 | INFO     | log:150 | [get_corpus_stats] Rebuilding corpus stats cache...
2025-12-17 13:12:02 | INFO     | log:150 | [warmup] Corpus stats cache built
2025-12-17 13:12:02 | INFO     | log:150 | [warmup] System ready in 11.21s | URLs: ['http://localhost:6804', 'http://192.168.1.153:6804']
2025-12-17 13:12:54 | DEBUG    | log:152 | [index] Serving web UI
2025-12-17 13:12:54 | DEBUG    | log:152 | [list_documents] Fetching all documents...
2025-12-17 13:12:54 | DEBUG    | log:152 | [get_tables] Getting tables...
2025-12-17 13:12:54 | DEBUG    | log:152 | [get_tables] Returning cached tables
2025-12-17 13:12:54 | INFO     | log:150 | [list_documents] Found 0 documents
2025-12-17 13:13:09 | INFO     | log:150 | [upload_documents] Uploading 1 files
2025-12-17 13:13:09 | DEBUG    | log:152 | [get_tables] Getting tables...
2025-12-17 13:13:09 | DEBUG    | log:152 | [get_tables] Returning cached tables
2025-12-17 13:13:09 | DEBUG    | log:152 | [build_search_text] Built search_text (972 chars)
2025-12-17 13:14:33 | INFO     | log:150 | [config] Loaded config | DEBUG_MODE=3
2025-12-17 13:14:36 | INFO     | log:150 | [main] FastAPI app initialized (Per-Example Embedding Architecture)
2025-12-17 13:14:36 | INFO     | log:150 | [lifespan] Server starting - running warmup...
2025-12-17 13:14:36 | INFO     | log:150 | [warmup] Loading tables...
2025-12-17 13:14:36 | DEBUG    | log:152 | [get_tables] Getting tables...
2025-12-17 13:14:40 | DEBUG    | log:152 | [get_tables] Loaded existing tables
2025-12-17 13:14:40 | INFO     | log:150 | [warmup] Tables loaded: 0 docs, 0 examples
2025-12-17 13:14:40 | INFO     | log:150 | [warmup] Loading embedding model...
2025-12-17 13:14:40 | INFO     | log:150 | [get_embedding_model] Loading model on CPU...
2025-12-17 13:14:45 | INFO     | log:150 | [get_embedding_model] Model loaded on CPU
2025-12-17 13:14:45 | INFO     | log:150 | [warmup] Embedding model loaded on CPU
2025-12-17 13:14:45 | INFO     | log:150 | [warmup] Building embeddings cache...
2025-12-17 13:14:45 | INFO     | log:150 | [build_embeddings_cache] Building embeddings cache...
2025-12-17 13:14:45 | INFO     | log:150 | [build_embeddings_cache] Cache built in 0.02s: 0 examples, 0 docs on CPU
2025-12-17 13:14:45 | INFO     | log:150 | [warmup] Embeddings cache built
2025-12-17 13:14:45 | INFO     | log:150 | [warmup] Building corpus stats cache...
2025-12-17 13:14:45 | INFO     | log:150 | [get_corpus_stats] Rebuilding corpus stats cache...
2025-12-17 13:14:45 | INFO     | log:150 | [warmup] Corpus stats cache built
2025-12-17 13:14:45 | INFO     | log:150 | [warmup] System ready in 8.69s | URLs: ['http://localhost:6804', 'http://192.168.1.153:6804']
2025-12-17 13:14:48 | INFO     | log:150 | [upload_documents] Uploading 1 files
2025-12-17 13:14:48 | DEBUG    | log:152 | [get_tables] Getting tables...
2025-12-17 13:14:48 | DEBUG    | log:152 | [get_tables] Returning cached tables
2025-12-17 13:14:49 | DEBUG    | log:152 | [build_search_text] Built search_text (972 chars)
2025-12-17 13:15:55 | INFO     | log:150 | [config] Loaded config | DEBUG_MODE=3
2025-12-17 13:15:58 | INFO     | log:150 | [main] FastAPI app initialized (Per-Example Embedding Architecture)
2025-12-17 13:15:58 | INFO     | log:150 | [lifespan] Server starting - running warmup...
2025-12-17 13:15:58 | INFO     | log:150 | [warmup] Loading tables...
2025-12-17 13:15:58 | DEBUG    | log:152 | [get_tables] Getting tables...
2025-12-17 13:16:04 | DEBUG    | log:152 | [get_tables] Loaded existing tables
2025-12-17 13:16:04 | INFO     | log:150 | [warmup] Tables loaded: 0 docs, 0 examples
2025-12-17 13:16:04 | INFO     | log:150 | [warmup] Loading embedding model...
2025-12-17 13:16:04 | INFO     | log:150 | [get_embedding_model] Loading model on CPU...
2025-12-17 13:16:08 | INFO     | log:150 | [get_embedding_model] Model loaded on CPU
2025-12-17 13:16:08 | INFO     | log:150 | [warmup] Embedding model loaded on CPU
2025-12-17 13:16:08 | INFO     | log:150 | [warmup] Building embeddings cache...
2025-12-17 13:16:08 | INFO     | log:150 | [build_embeddings_cache] Building embeddings cache...
2025-12-17 13:16:08 | INFO     | log:150 | [build_embeddings_cache] Cache built in 0.02s: 0 examples, 0 docs on CPU
2025-12-17 13:16:08 | INFO     | log:150 | [warmup] Embeddings cache built
2025-12-17 13:16:08 | INFO     | log:150 | [warmup] Building corpus stats cache...
2025-12-17 13:16:08 | INFO     | log:150 | [get_corpus_stats] Rebuilding corpus stats cache...
2025-12-17 13:16:08 | INFO     | log:150 | [warmup] Corpus stats cache built
2025-12-17 13:16:08 | INFO     | log:150 | [warmup] System ready in 10.76s | URLs: ['http://localhost:6804', 'http://192.168.1.153:6804']
2025-12-17 13:16:11 | DEBUG    | log:152 | [index] Serving web UI
2025-12-17 13:16:11 | DEBUG    | log:152 | [list_documents] Fetching all documents...
2025-12-17 13:16:11 | DEBUG    | log:152 | [get_tables] Getting tables...
2025-12-17 13:16:11 | DEBUG    | log:152 | [get_tables] Returning cached tables
2025-12-17 13:16:11 | INFO     | log:150 | [list_documents] Found 0 documents
2025-12-17 13:16:17 | INFO     | log:150 | [upload_documents] Uploading 1 files
2025-12-17 13:16:17 | DEBUG    | log:152 | [get_tables] Getting tables...
2025-12-17 13:16:17 | DEBUG    | log:152 | [get_tables] Returning cached tables
2025-12-17 13:16:18 | DEBUG    | log:152 | [build_search_text] Built search_text (972 chars)
2025-12-17 13:31:31 | INFO     | log:150 | [config] Loaded config | DEBUG_MODE=3
2025-12-17 13:31:34 | INFO     | log:150 | [main] FastAPI app initialized (Per-Example Embedding Architecture)
2025-12-17 13:31:34 | INFO     | log:150 | [lifespan] Server starting - running warmup...
2025-12-17 13:31:34 | INFO     | log:150 | [warmup] Loading tables...
2025-12-17 13:31:34 | DEBUG    | log:152 | [get_tables] Getting tables...
2025-12-17 13:31:40 | DEBUG    | log:152 | [get_tables] Loaded existing tables
2025-12-17 13:31:40 | INFO     | log:150 | [warmup] Tables loaded: 0 docs, 0 examples
2025-12-17 13:31:40 | INFO     | log:150 | [warmup] Loading embedding model...
2025-12-17 13:31:40 | INFO     | log:150 | [get_embedding_model] Loading model on CPU...
2025-12-17 13:31:45 | INFO     | log:150 | [get_embedding_model] Model loaded on CPU
2025-12-17 13:31:45 | INFO     | log:150 | [warmup] Embedding model loaded on CPU
2025-12-17 13:31:45 | INFO     | log:150 | [warmup] Building embeddings cache...
2025-12-17 13:31:45 | INFO     | log:150 | [build_embeddings_cache] Building embeddings cache...
2025-12-17 13:31:45 | INFO     | log:150 | [build_embeddings_cache] Cache built in 0.02s: 0 examples, 0 docs on CPU
2025-12-17 13:31:45 | INFO     | log:150 | [warmup] Embeddings cache built
2025-12-17 13:31:45 | INFO     | log:150 | [warmup] Building corpus stats cache...
2025-12-17 13:31:45 | INFO     | log:150 | [get_corpus_stats] Rebuilding corpus stats cache...
2025-12-17 13:31:45 | INFO     | log:150 | [warmup] Corpus stats cache built
2025-12-17 13:31:45 | INFO     | log:150 | [warmup] System ready in 11.24s | URLs: ['http://localhost:6804', 'http://192.168.1.153:6804']
2025-12-17 13:41:07 | INFO     | log:150 | [config] Loaded config | DEBUG_MODE=3
2025-12-17 13:41:10 | INFO     | log:150 | [main] FastAPI app initialized (Per-Example Embedding Architecture)
2025-12-17 13:41:10 | INFO     | log:150 | [lifespan] Server starting - running warmup...
2025-12-17 13:41:10 | INFO     | log:150 | [warmup] Loading tables...
2025-12-17 13:41:10 | DEBUG    | log:152 | [get_tables] Getting tables...
2025-12-17 13:41:18 | DEBUG    | log:152 | [get_tables] Loaded existing tables
2025-12-17 13:41:18 | INFO     | log:150 | [warmup] Tables loaded: 1 docs, 10 examples
2025-12-17 13:41:18 | INFO     | log:150 | [warmup] Loading embedding model...
2025-12-17 13:41:18 | INFO     | log:150 | [get_embedding_model] Loading model on GPU (NVIDIA RTX A5000)...
2025-12-17 13:41:23 | INFO     | log:150 | [get_embedding_model] Model loaded on GPU (NVIDIA RTX A5000)
2025-12-17 13:41:23 | INFO     | log:150 | [warmup] Embedding model loaded on GPU (NVIDIA RTX A5000)
2025-12-17 13:41:23 | INFO     | log:150 | [warmup] Building embeddings cache...
2025-12-17 13:41:23 | INFO     | log:150 | [build_embeddings_cache] Building embeddings cache...
2025-12-17 13:41:23 | INFO     | log:150 | [build_embeddings_cache] Cache built in 0.38s: 10 examples, 1 docs on GPU (NVIDIA RTX A5000)
2025-12-17 13:41:23 | INFO     | log:150 | [warmup] Embeddings cache built
2025-12-17 13:41:23 | INFO     | log:150 | [warmup] Building corpus stats cache...
2025-12-17 13:41:23 | INFO     | log:150 | [get_corpus_stats] Rebuilding corpus stats cache...
2025-12-17 13:41:23 | INFO     | log:150 | [warmup] Corpus stats cache built
2025-12-17 13:41:23 | INFO     | log:150 | [warmup] System ready in 13.24s | URLs: ['http://localhost:6804', 'http://192.168.3.7:6804']
2025-12-17 13:41:44 | INFO     | log:150 | [lifespan] Server shutting down
2025-12-17 13:42:07 | INFO     | log:150 | [config] Loaded config | DEBUG_MODE=3
2025-12-17 13:42:10 | INFO     | log:150 | [main] FastAPI app initialized (Per-Example Embedding Architecture)
2025-12-17 13:42:10 | INFO     | log:150 | [lifespan] Server starting - running warmup...
2025-12-17 13:42:10 | INFO     | log:150 | [warmup] Loading tables...
2025-12-17 13:42:10 | DEBUG    | log:152 | [get_tables] Getting tables...
2025-12-17 13:42:10 | CRITICAL | log:148 | [get_tables] ERROR loading tables (NOT 'not found'): Command '['/home/javis-ai/jai/lib/python3.13/site-packages/pixeltable_pgserver/pginstall/bin/pg_ctl', '-D', '/home/javis-ai/Javis_AI_UAT/api/Intent_Recognitions_notrain/data_models/database/pixeltable/pgdata', '-w', '-o', '-h ""', '-o', '-k /tmp/javis_6804/0eaed64050', '-l', '/home/javis-ai/Javis_AI_UAT/api/Intent_Recognitions_notrain/data_models/database/pixeltable/pgdata/log', 'start']' returned non-zero exit status 1.
2025-12-17 13:42:10 | CRITICAL | log:148 | [warmup] ERROR during warmup: Command '['/home/javis-ai/jai/lib/python3.13/site-packages/pixeltable_pgserver/pginstall/bin/pg_ctl', '-D', '/home/javis-ai/Javis_AI_UAT/api/Intent_Recognitions_notrain/data_models/database/pixeltable/pgdata', '-w', '-o', '-h ""', '-o', '-k /tmp/javis_6804/0eaed64050', '-l', '/home/javis-ai/Javis_AI_UAT/api/Intent_Recognitions_notrain/data_models/database/pixeltable/pgdata/log', 'start']' returned non-zero exit status 1.
2025-12-17 13:44:36 | INFO     | log:150 | [lifespan] Server shutting down
2025-12-17 13:45:07 | INFO     | log:150 | [config] Loaded config | DEBUG_MODE=3
2025-12-17 13:45:10 | INFO     | log:150 | [main] FastAPI app initialized (Per-Example Embedding Architecture)
2025-12-17 13:45:10 | INFO     | log:150 | [lifespan] Server starting - running warmup...
2025-12-17 13:45:10 | INFO     | log:150 | [warmup] Loading tables...
2025-12-17 13:45:10 | DEBUG    | log:152 | [get_tables] Getting tables...
2025-12-17 13:45:10 | CRITICAL | log:148 | [get_tables] ERROR loading tables (NOT 'not found'): Command '['/home/javis-ai/jai/lib/python3.13/site-packages/pixeltable_pgserver/pginstall/bin/pg_ctl', '-D', '/home/javis-ai/Javis_AI_UAT/api/Intent_Recognitions_notrain/data_models/database/pixeltable/pgdata', '-w', '-o', '-h ""', '-o', '-k /tmp/javis_6804/0eaed64050', '-l', '/home/javis-ai/Javis_AI_UAT/api/Intent_Recognitions_notrain/data_models/database/pixeltable/pgdata/log', 'start']' returned non-zero exit status 1.
2025-12-17 13:45:10 | CRITICAL | log:148 | [warmup] ERROR during warmup: Command '['/home/javis-ai/jai/lib/python3.13/site-packages/pixeltable_pgserver/pginstall/bin/pg_ctl', '-D', '/home/javis-ai/Javis_AI_UAT/api/Intent_Recognitions_notrain/data_models/database/pixeltable/pgdata', '-w', '-o', '-h ""', '-o', '-k /tmp/javis_6804/0eaed64050', '-l', '/home/javis-ai/Javis_AI_UAT/api/Intent_Recognitions_notrain/data_models/database/pixeltable/pgdata/log', 'start']' returned non-zero exit status 1.
2025-12-17 13:48:42 | INFO     | log:150 | [config] Loaded config | DEBUG_MODE=3
2025-12-17 13:48:45 | INFO     | log:150 | [main] FastAPI app initialized (Per-Example Embedding Architecture)
2025-12-17 13:48:45 | INFO     | log:150 | [lifespan] Server starting - running warmup...
2025-12-17 13:48:45 | INFO     | log:150 | [warmup] Loading tables...
2025-12-17 13:48:45 | DEBUG    | log:152 | [get_tables] Getting tables...
2025-12-17 13:48:45 | INFO     | log:150 | [get_tables] Tables not found, creating new: Directory 'knowledge_base' does not exist.
2025-12-17 13:48:45 | INFO     | log:150 | [_create_tables_internal] Creating new tables...
2025-12-17 13:48:45 | DEBUG    | log:152 | [_create_tables_internal] Documents table created
2025-12-17 13:48:45 | DEBUG    | log:152 | [_create_tables_internal] Examples table created
2025-12-17 13:48:52 | DEBUG    | log:152 | [_create_tables_internal] search_embed index added
2025-12-17 13:48:52 | DEBUG    | log:152 | [_create_tables_internal] example_embed index added
2025-12-17 13:48:52 | INFO     | log:150 | [_create_tables_internal] All indexes created with model: intfloat/multilingual-e5-large
2025-12-17 13:48:52 | INFO     | log:150 | [warmup] Tables loaded: 0 docs, 0 examples
2025-12-17 13:48:52 | INFO     | log:150 | [warmup] Loading embedding model...
2025-12-17 13:48:52 | INFO     | log:150 | [get_embedding_model] Loading model on GPU (NVIDIA RTX A5000)...
2025-12-17 13:48:58 | INFO     | log:150 | [get_embedding_model] Model loaded on GPU (NVIDIA RTX A5000)
2025-12-17 13:48:58 | INFO     | log:150 | [warmup] Embedding model loaded on GPU (NVIDIA RTX A5000)
2025-12-17 13:48:58 | INFO     | log:150 | [warmup] Building embeddings cache...
2025-12-17 13:48:58 | INFO     | log:150 | [build_embeddings_cache] Building embeddings cache...
2025-12-17 13:48:58 | INFO     | log:150 | [build_embeddings_cache] Cache built in 0.02s: 0 examples, 0 docs on GPU (NVIDIA RTX A5000)
2025-12-17 13:48:58 | INFO     | log:150 | [warmup] Embeddings cache built
2025-12-17 13:48:58 | INFO     | log:150 | [warmup] Building corpus stats cache...
2025-12-17 13:48:58 | INFO     | log:150 | [get_corpus_stats] Rebuilding corpus stats cache...
2025-12-17 13:48:58 | INFO     | log:150 | [warmup] Corpus stats cache built
2025-12-17 13:48:58 | INFO     | log:150 | [warmup] System ready in 13.66s | URLs: ['http://localhost:6804', 'http://192.168.3.7:6804']
2025-12-17 13:52:28 | DEBUG    | log:152 | [index] Serving web UI
2025-12-17 13:52:28 | DEBUG    | log:152 | [list_documents] Fetching all documents...
2025-12-17 13:52:28 | DEBUG    | log:152 | [get_tables] Getting tables...
2025-12-17 13:52:28 | DEBUG    | log:152 | [get_tables] Returning cached tables
2025-12-17 13:52:28 | INFO     | log:150 | [list_documents] Found 0 documents
2025-12-17 13:52:42 | INFO     | log:150 | [upload_documents] Uploading 1 files
2025-12-17 13:52:42 | DEBUG    | log:152 | [get_tables] Getting tables...
2025-12-17 13:52:42 | DEBUG    | log:152 | [get_tables] Returning cached tables
2025-12-17 13:52:42 | DEBUG    | log:152 | [build_search_text] Built search_text (972 chars)
2025-12-17 13:52:42 | DEBUG    | log:152 | [insert_document_with_examples] Inserting doc_id=0, search_text length=972
2025-12-17 13:52:42 | INFO     | log:150 | [insert_document_with_examples] Starting doc_table.insert() for doc_id=0...
2025-12-17 13:52:49 | INFO     | log:150 | [insert_document_with_examples] doc_table.insert() completed in 6.54s for doc_id=0
2025-12-17 13:52:49 | DEBUG    | log:152 | [parse_examples_to_list] Parsed 10 examples
2025-12-17 13:52:49 | DEBUG    | log:152 | [insert_document_with_examples] Inserted 10 examples for doc_id=0
2025-12-17 13:52:49 | INFO     | log:150 | [upload_documents] Inserted 1 docs with 10 examples
2025-12-17 13:52:49 | DEBUG    | log:152 | [invalidate_embeddings_cache] Embeddings cache invalidated
2025-12-17 13:52:49 | DEBUG    | log:152 | [reset_all_caches] All caches invalidated
2025-12-17 13:52:49 | DEBUG    | log:152 | [list_documents] Fetching all documents...
2025-12-17 13:52:49 | DEBUG    | log:152 | [get_tables] Getting tables...
2025-12-17 13:52:49 | DEBUG    | log:152 | [get_tables] Returning cached tables
2025-12-17 13:52:49 | INFO     | log:150 | [list_documents] Found 1 documents
2025-12-17 13:52:58 | DEBUG    | log:152 | [list_documents] Fetching all documents...
2025-12-17 13:52:58 | DEBUG    | log:152 | [get_tables] Getting tables...
2025-12-17 13:52:58 | DEBUG    | log:152 | [get_tables] Returning cached tables
2025-12-17 13:52:58 | INFO     | log:150 | [list_documents] Found 1 documents
2025-12-17 13:53:59 | INFO     | log:150 | [lifespan] Server shutting down
2025-12-17 13:56:00 | INFO     | log:150 | [config] Loaded config | DEBUG_MODE=3
2025-12-17 13:56:03 | INFO     | log:150 | [main] FastAPI app initialized (Per-Example Embedding Architecture)
2025-12-17 13:56:03 | INFO     | log:150 | [lifespan] Server starting - running warmup...
2025-12-17 13:56:03 | INFO     | log:150 | [warmup] Loading tables...
2025-12-17 13:56:03 | DEBUG    | log:152 | [get_tables] Getting tables...
2025-12-17 13:56:10 | DEBUG    | log:152 | [get_tables] Loaded existing tables
2025-12-17 13:56:10 | INFO     | log:150 | [warmup] Tables loaded: 1 docs, 10 examples
2025-12-17 13:56:10 | INFO     | log:150 | [warmup] Loading embedding model...
2025-12-17 13:56:10 | INFO     | log:150 | [get_embedding_model] Loading model on GPU (NVIDIA RTX A5000)...
2025-12-17 13:56:16 | INFO     | log:150 | [get_embedding_model] Model loaded on GPU (NVIDIA RTX A5000)
2025-12-17 13:56:16 | INFO     | log:150 | [warmup] Embedding model loaded on GPU (NVIDIA RTX A5000)
2025-12-17 13:56:16 | INFO     | log:150 | [warmup] Building embeddings cache...
2025-12-17 13:56:16 | INFO     | log:150 | [build_embeddings_cache] Building embeddings cache...
2025-12-17 13:56:16 | INFO     | log:150 | [build_embeddings_cache] Cache built in 0.36s: 10 examples, 1 docs on GPU (NVIDIA RTX A5000)
2025-12-17 13:56:16 | INFO     | log:150 | [warmup] Embeddings cache built
2025-12-17 13:56:16 | INFO     | log:150 | [warmup] Building corpus stats cache...
2025-12-17 13:56:17 | INFO     | log:150 | [get_corpus_stats] Rebuilding corpus stats cache...
2025-12-17 13:56:17 | INFO     | log:150 | [warmup] Corpus stats cache built
2025-12-17 13:56:17 | INFO     | log:150 | [warmup] System ready in 13.98s | URLs: ['http://localhost:6804', 'http://192.168.3.7:6804']
2025-12-17 13:58:17 | INFO     | log:150 | [lifespan] Server shutting down
