2025-12-17 14:01:16 | INFO     | log:150 | [config] Loaded config | DEBUG_MODE=3
2025-12-17 14:01:19 | INFO     | log:150 | [main] FastAPI app initialized (Per-Example Embedding Architecture)
2025-12-17 14:01:19 | INFO     | log:150 | [lifespan] Server starting - running warmup...
2025-12-17 14:01:19 | INFO     | log:150 | [warmup] Loading tables...
2025-12-17 14:01:19 | DEBUG    | log:152 | [get_tables] Getting tables...
2025-12-17 14:01:26 | DEBUG    | log:152 | [get_tables] Loaded existing tables
2025-12-17 14:01:26 | INFO     | log:150 | [warmup] Tables loaded: 1 docs, 10 examples
2025-12-17 14:01:26 | INFO     | log:150 | [warmup] Loading embedding model...
2025-12-17 14:01:26 | INFO     | log:150 | [get_embedding_model] Loading model on GPU (NVIDIA RTX A5000)...
2025-12-17 14:01:32 | INFO     | log:150 | [get_embedding_model] Model loaded on GPU (NVIDIA RTX A5000)
2025-12-17 14:01:32 | INFO     | log:150 | [warmup] Embedding model loaded on GPU (NVIDIA RTX A5000)
2025-12-17 14:01:32 | INFO     | log:150 | [warmup] Building embeddings cache...
2025-12-17 14:01:32 | INFO     | log:150 | [build_embeddings_cache] Building embeddings cache...
2025-12-17 14:01:32 | INFO     | log:150 | [build_embeddings_cache] Cache built in 0.35s: 10 examples, 1 docs on GPU (NVIDIA RTX A5000)
2025-12-17 14:01:32 | INFO     | log:150 | [warmup] Embeddings cache built
2025-12-17 14:01:32 | INFO     | log:150 | [warmup] Building corpus stats cache...
2025-12-17 14:01:32 | INFO     | log:150 | [get_corpus_stats] Rebuilding corpus stats cache...
2025-12-17 14:01:32 | INFO     | log:150 | [warmup] Corpus stats cache built
2025-12-17 14:01:32 | INFO     | log:150 | [warmup] System ready in 13.45s | URLs: ['http://localhost:6804', 'http://192.168.3.7:6804']
2025-12-17 14:28:29 | DEBUG    | log:152 | [index] Serving web UI
2025-12-17 14:28:29 | DEBUG    | log:152 | [list_documents] Fetching all documents...
2025-12-17 14:28:29 | DEBUG    | log:152 | [get_tables] Getting tables...
2025-12-17 14:28:29 | DEBUG    | log:152 | [get_tables] Returning cached tables
2025-12-17 14:28:32 | DEBUG    | log:152 | [list_documents] Fetching all documents...
2025-12-17 14:28:32 | DEBUG    | log:152 | [get_tables] Getting tables...
2025-12-17 14:28:32 | DEBUG    | log:152 | [get_tables] Returning cached tables
2025-12-17 14:28:43 | DEBUG    | log:152 | [index] Serving web UI
2025-12-17 14:28:43 | DEBUG    | log:152 | [list_documents] Fetching all documents...
2025-12-17 14:28:43 | DEBUG    | log:152 | [get_tables] Getting tables...
2025-12-17 14:28:43 | DEBUG    | log:152 | [get_tables] Returning cached tables
2025-12-17 14:28:44 | DEBUG    | log:152 | [list_documents] Fetching all documents...
2025-12-17 14:28:44 | DEBUG    | log:152 | [get_tables] Getting tables...
2025-12-17 14:28:44 | DEBUG    | log:152 | [get_tables] Returning cached tables
2025-12-17 14:29:43 | INFO     | log:150 | [lifespan] Server shutting down
2025-12-17 14:30:12 | INFO     | log:150 | [config] Loaded config | DEBUG_MODE=3
2025-12-17 14:30:15 | INFO     | log:150 | [main] FastAPI app initialized (Per-Example Embedding Architecture)
2025-12-17 14:30:15 | INFO     | log:150 | [lifespan] Server starting - running warmup...
2025-12-17 14:30:15 | INFO     | log:150 | [warmup] Loading tables...
2025-12-17 14:30:15 | DEBUG    | log:152 | [get_tables] Getting tables...
2025-12-17 14:30:23 | DEBUG    | log:152 | [get_tables] Loaded existing tables
2025-12-17 14:30:23 | INFO     | log:150 | [warmup] Tables loaded: 1 docs, 10 examples
2025-12-17 14:30:23 | INFO     | log:150 | [warmup] Loading embedding model...
2025-12-17 14:30:23 | INFO     | log:150 | [get_embedding_model] Loading model on GPU (NVIDIA RTX A5000)...
2025-12-17 14:30:28 | INFO     | log:150 | [get_embedding_model] Model loaded on GPU (NVIDIA RTX A5000)
2025-12-17 14:30:28 | INFO     | log:150 | [warmup] Embedding model loaded on GPU (NVIDIA RTX A5000)
2025-12-17 14:30:28 | INFO     | log:150 | [warmup] Building embeddings cache...
2025-12-17 14:30:28 | INFO     | log:150 | [build_embeddings_cache] Building embeddings cache...
2025-12-17 14:30:29 | INFO     | log:150 | [build_embeddings_cache] Cache built in 0.32s: 10 examples, 1 docs on GPU (NVIDIA RTX A5000)
2025-12-17 14:30:29 | INFO     | log:150 | [warmup] Embeddings cache built
2025-12-17 14:30:29 | INFO     | log:150 | [warmup] Building corpus stats cache...
2025-12-17 14:30:29 | INFO     | log:150 | [get_corpus_stats] Rebuilding corpus stats cache...
2025-12-17 14:30:29 | INFO     | log:150 | [warmup] Corpus stats cache built
2025-12-17 14:30:29 | INFO     | log:150 | [warmup] System ready in 13.39s | URLs: ['http://localhost:6804', 'http://192.168.3.7:6804']
2025-12-17 14:30:50 | INFO     | log:150 | [lifespan] Server shutting down
2025-12-17 14:31:04 | INFO     | log:150 | [config] Loaded config | DEBUG_MODE=3
2025-12-17 14:31:07 | INFO     | log:150 | [main] FastAPI app initialized (Per-Example Embedding Architecture)
2025-12-17 14:31:07 | INFO     | log:150 | [lifespan] Server starting - running warmup...
2025-12-17 14:31:07 | INFO     | log:150 | [warmup] Loading tables...
2025-12-17 14:31:07 | DEBUG    | log:152 | [get_tables] Getting tables...
2025-12-17 14:31:08 | INFO     | log:150 | [get_tables] Tables not found, creating new: Directory 'knowledge_base' does not exist.
2025-12-17 14:31:08 | INFO     | log:150 | [_create_tables_internal] Creating new tables...
2025-12-17 14:31:08 | DEBUG    | log:152 | [_create_tables_internal] Documents table created
2025-12-17 14:31:08 | DEBUG    | log:152 | [_create_tables_internal] Examples table created
2025-12-17 14:31:14 | DEBUG    | log:152 | [_create_tables_internal] search_embed index added
2025-12-17 14:31:14 | DEBUG    | log:152 | [_create_tables_internal] example_embed index added
2025-12-17 14:31:14 | INFO     | log:150 | [_create_tables_internal] All indexes created with model: intfloat/multilingual-e5-large
2025-12-17 14:31:14 | INFO     | log:150 | [warmup] Tables loaded: 0 docs, 0 examples
2025-12-17 14:31:14 | INFO     | log:150 | [warmup] Loading embedding model...
2025-12-17 14:31:14 | INFO     | log:150 | [get_embedding_model] Loading model on GPU (NVIDIA RTX A5000)...
2025-12-17 14:31:20 | INFO     | log:150 | [get_embedding_model] Model loaded on GPU (NVIDIA RTX A5000)
2025-12-17 14:31:20 | INFO     | log:150 | [warmup] Embedding model loaded on GPU (NVIDIA RTX A5000)
2025-12-17 14:31:20 | INFO     | log:150 | [warmup] Building embeddings cache...
2025-12-17 14:31:20 | INFO     | log:150 | [build_embeddings_cache] Building embeddings cache...
2025-12-17 14:31:20 | INFO     | log:150 | [build_embeddings_cache] Cache built in 0.02s: 0 examples, 0 docs on GPU (NVIDIA RTX A5000)
2025-12-17 14:31:20 | INFO     | log:150 | [warmup] Embeddings cache built
2025-12-17 14:31:20 | INFO     | log:150 | [warmup] Building corpus stats cache...
2025-12-17 14:31:20 | INFO     | log:150 | [get_corpus_stats] Rebuilding corpus stats cache...
2025-12-17 14:31:20 | INFO     | log:150 | [warmup] Corpus stats cache built
2025-12-17 14:31:20 | INFO     | log:150 | [warmup] System ready in 12.27s | URLs: ['http://localhost:6804', 'http://192.168.3.7:6804']
2025-12-17 14:31:25 | DEBUG    | log:152 | [index] Serving web UI
2025-12-17 14:31:25 | DEBUG    | log:152 | [list_documents] Fetching all documents...
2025-12-17 14:31:25 | DEBUG    | log:152 | [get_tables] Getting tables...
2025-12-17 14:31:25 | DEBUG    | log:152 | [get_tables] Returning cached tables
2025-12-17 14:31:25 | INFO     | log:150 | [list_documents] Found 0 documents
2025-12-17 14:31:27 | DEBUG    | log:152 | [list_documents] Fetching all documents...
2025-12-17 14:31:27 | DEBUG    | log:152 | [get_tables] Getting tables...
2025-12-17 14:31:27 | DEBUG    | log:152 | [get_tables] Returning cached tables
2025-12-17 14:31:27 | INFO     | log:150 | [list_documents] Found 0 documents
2025-12-17 14:31:36 | INFO     | log:150 | [upload_documents] Uploading 1 files
2025-12-17 14:31:36 | DEBUG    | log:152 | [get_tables] Getting tables...
2025-12-17 14:31:36 | DEBUG    | log:152 | [get_tables] Returning cached tables
2025-12-17 14:31:36 | DEBUG    | log:152 | [build_search_text] Built search_text (972 chars)
2025-12-17 14:31:36 | DEBUG    | log:152 | [insert_document_with_examples] Inserting doc_id=0, search_text length=972
2025-12-17 14:31:36 | INFO     | log:150 | [insert_document_with_examples] Starting doc_table.insert() for doc_id=0...
2025-12-17 14:31:44 | INFO     | log:150 | [insert_document_with_examples] doc_table.insert() completed in 7.87s for doc_id=0
2025-12-17 14:31:44 | DEBUG    | log:152 | [parse_examples_to_list] Parsed 10 examples
2025-12-17 14:31:44 | DEBUG    | log:152 | [insert_document_with_examples] Inserted 10 examples for doc_id=0
2025-12-17 14:31:44 | INFO     | log:150 | [upload_documents] Inserted 1 docs with 10 examples
2025-12-17 14:31:44 | DEBUG    | log:152 | [invalidate_embeddings_cache] Embeddings cache invalidated
2025-12-17 14:31:44 | DEBUG    | log:152 | [reset_all_caches] All caches invalidated
2025-12-17 14:31:44 | DEBUG    | log:152 | [list_documents] Fetching all documents...
2025-12-17 14:31:44 | DEBUG    | log:152 | [get_tables] Getting tables...
2025-12-17 14:31:44 | DEBUG    | log:152 | [get_tables] Returning cached tables
2025-12-17 14:31:44 | INFO     | log:150 | [list_documents] Found 1 documents
2025-12-17 14:31:53 | DEBUG    | log:152 | [list_documents] Fetching all documents...
2025-12-17 14:31:53 | DEBUG    | log:152 | [get_tables] Getting tables...
2025-12-17 14:31:53 | DEBUG    | log:152 | [get_tables] Returning cached tables
2025-12-17 14:31:53 | INFO     | log:150 | [list_documents] Found 1 documents
2025-12-17 14:34:52 | INFO     | log:150 | [lifespan] Server shutting down
2025-12-17 14:35:01 | INFO     | log:150 | [config] Loaded config | DEBUG_MODE=3
2025-12-17 14:35:04 | INFO     | log:150 | [main] FastAPI app initialized (Per-Example Embedding Architecture)
2025-12-17 14:35:04 | INFO     | log:150 | [lifespan] Server starting - running warmup...
2025-12-17 14:35:04 | INFO     | log:150 | [warmup] Loading tables...
2025-12-17 14:35:04 | DEBUG    | log:152 | [get_tables] Getting tables...
2025-12-17 14:35:11 | DEBUG    | log:152 | [get_tables] Loaded existing tables
2025-12-17 14:35:11 | INFO     | log:150 | [warmup] Tables loaded: 1 docs, 10 examples
2025-12-17 14:35:11 | INFO     | log:150 | [warmup] Loading embedding model...
2025-12-17 14:35:11 | INFO     | log:150 | [get_embedding_model] Loading model on GPU (NVIDIA RTX A5000)...
2025-12-17 14:35:17 | INFO     | log:150 | [get_embedding_model] Model loaded on GPU (NVIDIA RTX A5000)
2025-12-17 14:35:17 | INFO     | log:150 | [warmup] Embedding model loaded on GPU (NVIDIA RTX A5000)
2025-12-17 14:35:17 | INFO     | log:150 | [warmup] Building embeddings cache...
2025-12-17 14:35:17 | INFO     | log:150 | [build_embeddings_cache] Building embeddings cache...
2025-12-17 14:35:17 | INFO     | log:150 | [build_embeddings_cache] Cache built in 0.31s: 10 examples, 1 docs on GPU (NVIDIA RTX A5000)
2025-12-17 14:35:17 | INFO     | log:150 | [warmup] Embeddings cache built
2025-12-17 14:35:17 | INFO     | log:150 | [warmup] Building corpus stats cache...
2025-12-17 14:35:17 | INFO     | log:150 | [get_corpus_stats] Rebuilding corpus stats cache...
2025-12-17 14:35:17 | INFO     | log:150 | [warmup] Corpus stats cache built
2025-12-17 14:35:17 | INFO     | log:150 | [warmup] System ready in 13.35s | URLs: ['http://localhost:6804', 'http://192.168.3.7:6804']
2025-12-17 14:38:41 | DEBUG    | log:152 | [index] Serving web UI
2025-12-17 14:38:41 | DEBUG    | log:152 | [list_documents] Fetching all documents...
2025-12-17 14:38:41 | DEBUG    | log:152 | [get_tables] Getting tables...
2025-12-17 14:38:41 | DEBUG    | log:152 | [get_tables] Returning cached tables
2025-12-17 14:38:41 | INFO     | log:150 | [list_documents] Found 1 documents
