2025-12-17 11:01:36 | INFO     | log:150 | [config] Loaded config | DEBUG_MODE=1
2025-12-17 11:01:39 | INFO     | log:150 | [main] FastAPI app initialized (Per-Example Embedding Architecture)
2025-12-17 11:01:39 | INFO     | log:150 | [lifespan] Server starting - running warmup...
2025-12-17 11:01:39 | INFO     | log:150 | [warmup] Loading tables...
2025-12-17 11:01:46 | INFO     | log:150 | [warmup] Tables loaded: 5 docs, 50 examples
2025-12-17 11:01:46 | INFO     | log:150 | [warmup] Loading embedding model...
2025-12-17 11:01:46 | INFO     | log:150 | [get_embedding_model] Loading model on CPU...
2025-12-17 11:01:51 | INFO     | log:150 | [get_embedding_model] Model loaded on CPU
2025-12-17 11:01:51 | INFO     | log:150 | [warmup] Embedding model loaded on CPU
2025-12-17 11:01:52 | INFO     | log:150 | [warmup] Building embeddings cache...
2025-12-17 11:01:52 | INFO     | log:150 | [build_embeddings_cache] Building embeddings cache...
2025-12-17 11:01:55 | INFO     | log:150 | [build_embeddings_cache] Cache built in 3.42s: 50 examples, 5 docs on CPU
2025-12-17 11:01:55 | INFO     | log:150 | [warmup] Embeddings cache built
2025-12-17 11:01:55 | INFO     | log:150 | [warmup] Building corpus stats cache...
2025-12-17 11:01:55 | INFO     | log:150 | [get_corpus_stats] Rebuilding corpus stats cache...
2025-12-17 11:01:55 | INFO     | log:150 | [warmup] Corpus stats cache built
2025-12-17 11:01:55 | INFO     | log:150 | [warmup] System ready in 16.24s | URLs: ['http://localhost:6804', 'http://192.168.1.153:6804']
2025-12-17 11:03:17 | INFO     | log:150 | [lifespan] Server shutting down
2025-12-17 11:03:23 | INFO     | log:150 | [config] Loaded config | DEBUG_MODE=1
2025-12-17 11:03:26 | INFO     | log:150 | [main] FastAPI app initialized (Per-Example Embedding Architecture)
2025-12-17 11:03:26 | INFO     | log:150 | [lifespan] Server starting - running warmup...
2025-12-17 11:03:26 | INFO     | log:150 | [warmup] Loading tables...
2025-12-17 11:03:32 | INFO     | log:150 | [get_tables] Tables not found, creating new: Directory 'knowledge_base' does not exist.
2025-12-17 11:03:32 | INFO     | log:150 | [_create_tables_internal] Creating new tables...
2025-12-17 11:04:20 | INFO     | log:150 | [_create_tables_internal] All indexes created with model: intfloat/multilingual-e5-large
2025-12-17 11:04:20 | INFO     | log:150 | [warmup] Tables loaded: 0 docs, 0 examples
2025-12-17 11:04:20 | INFO     | log:150 | [warmup] Loading embedding model...
2025-12-17 11:04:20 | INFO     | log:150 | [get_embedding_model] Loading model on CPU...
2025-12-17 11:04:25 | INFO     | log:150 | [get_embedding_model] Model loaded on CPU
2025-12-17 11:04:25 | INFO     | log:150 | [warmup] Embedding model loaded on CPU
2025-12-17 11:04:25 | INFO     | log:150 | [warmup] Building embeddings cache...
2025-12-17 11:04:25 | INFO     | log:150 | [build_embeddings_cache] Building embeddings cache...
2025-12-17 11:04:25 | INFO     | log:150 | [build_embeddings_cache] Cache built in 0.03s: 0 examples, 0 docs on CPU
2025-12-17 11:04:25 | INFO     | log:150 | [warmup] Embeddings cache built
2025-12-17 11:04:25 | INFO     | log:150 | [warmup] Building corpus stats cache...
2025-12-17 11:04:25 | INFO     | log:150 | [get_corpus_stats] Rebuilding corpus stats cache...
2025-12-17 11:04:25 | INFO     | log:150 | [warmup] Corpus stats cache built
2025-12-17 11:04:25 | INFO     | log:150 | [warmup] System ready in 58.91s | URLs: ['http://localhost:6804', 'http://192.168.1.153:6804']
2025-12-17 11:08:14 | INFO     | log:150 | [config] Loaded config | DEBUG_MODE=1
2025-12-17 11:08:17 | INFO     | log:150 | [main] FastAPI app initialized (Per-Example Embedding Architecture)
2025-12-17 11:08:17 | INFO     | log:150 | [lifespan] Server starting - running warmup...
2025-12-17 11:08:17 | INFO     | log:150 | [warmup] Loading tables...
2025-12-17 11:08:24 | INFO     | log:150 | [warmup] Tables loaded: 0 docs, 0 examples
2025-12-17 11:08:24 | INFO     | log:150 | [warmup] Loading embedding model...
2025-12-17 11:08:24 | INFO     | log:150 | [get_embedding_model] Loading model on CPU...
2025-12-17 11:08:28 | INFO     | log:150 | [get_embedding_model] Model loaded on CPU
2025-12-17 11:08:28 | INFO     | log:150 | [warmup] Embedding model loaded on CPU
2025-12-17 11:08:28 | INFO     | log:150 | [warmup] Building embeddings cache...
2025-12-17 11:08:28 | INFO     | log:150 | [build_embeddings_cache] Building embeddings cache...
2025-12-17 11:08:28 | INFO     | log:150 | [build_embeddings_cache] Cache built in 0.02s: 0 examples, 0 docs on CPU
2025-12-17 11:08:28 | INFO     | log:150 | [warmup] Embeddings cache built
2025-12-17 11:08:28 | INFO     | log:150 | [warmup] Building corpus stats cache...
2025-12-17 11:08:28 | INFO     | log:150 | [get_corpus_stats] Rebuilding corpus stats cache...
2025-12-17 11:08:28 | INFO     | log:150 | [warmup] Corpus stats cache built
2025-12-17 11:08:28 | INFO     | log:150 | [warmup] System ready in 10.89s | URLs: ['http://localhost:6804', 'http://192.168.1.153:6804']
2025-12-17 11:16:12 | INFO     | log:150 | [lifespan] Server shutting down
2025-12-17 11:16:22 | INFO     | log:150 | [config] Loaded config | DEBUG_MODE=1
2025-12-17 11:16:25 | INFO     | log:150 | [main] FastAPI app initialized (Per-Example Embedding Architecture)
2025-12-17 11:16:25 | INFO     | log:150 | [lifespan] Server starting - running warmup...
2025-12-17 11:16:25 | INFO     | log:150 | [warmup] Loading tables...
2025-12-17 11:16:33 | INFO     | log:150 | [warmup] Tables loaded: 0 docs, 0 examples
2025-12-17 11:16:33 | INFO     | log:150 | [warmup] Loading embedding model...
2025-12-17 11:16:33 | INFO     | log:150 | [get_embedding_model] Loading model on CPU...
2025-12-17 11:16:38 | INFO     | log:150 | [get_embedding_model] Model loaded on CPU
2025-12-17 11:16:38 | INFO     | log:150 | [warmup] Embedding model loaded on CPU
2025-12-17 11:16:38 | INFO     | log:150 | [warmup] Building embeddings cache...
2025-12-17 11:16:38 | INFO     | log:150 | [build_embeddings_cache] Building embeddings cache...
2025-12-17 11:16:38 | INFO     | log:150 | [build_embeddings_cache] Cache built in 0.02s: 0 examples, 0 docs on CPU
2025-12-17 11:16:38 | INFO     | log:150 | [warmup] Embeddings cache built
2025-12-17 11:16:38 | INFO     | log:150 | [warmup] Building corpus stats cache...
2025-12-17 11:16:38 | INFO     | log:150 | [get_corpus_stats] Rebuilding corpus stats cache...
2025-12-17 11:16:38 | INFO     | log:150 | [warmup] Corpus stats cache built
2025-12-17 11:16:38 | INFO     | log:150 | [warmup] System ready in 13.71s | URLs: ['http://localhost:6804', 'http://192.168.1.153:6804']
2025-12-17 11:20:27 | INFO     | log:150 | [lifespan] Server shutting down
2025-12-17 11:20:34 | INFO     | log:150 | [config] Loaded config | DEBUG_MODE=1
2025-12-17 11:20:37 | INFO     | log:150 | [main] FastAPI app initialized (Per-Example Embedding Architecture)
2025-12-17 11:20:37 | INFO     | log:150 | [lifespan] Server starting - running warmup...
2025-12-17 11:20:37 | INFO     | log:150 | [warmup] Loading tables...
2025-12-17 11:20:42 | INFO     | log:150 | [warmup] Tables loaded: 0 docs, 0 examples
2025-12-17 11:20:42 | INFO     | log:150 | [warmup] Loading embedding model...
2025-12-17 11:20:42 | INFO     | log:150 | [get_embedding_model] Loading model on CPU...
2025-12-17 11:20:47 | INFO     | log:150 | [get_embedding_model] Model loaded on CPU
2025-12-17 11:20:47 | INFO     | log:150 | [warmup] Embedding model loaded on CPU
2025-12-17 11:20:47 | INFO     | log:150 | [warmup] Building embeddings cache...
2025-12-17 11:20:47 | INFO     | log:150 | [build_embeddings_cache] Building embeddings cache...
2025-12-17 11:20:47 | INFO     | log:150 | [build_embeddings_cache] Cache built in 0.02s: 0 examples, 0 docs on CPU
2025-12-17 11:20:47 | INFO     | log:150 | [warmup] Embeddings cache built
2025-12-17 11:20:47 | INFO     | log:150 | [warmup] Building corpus stats cache...
2025-12-17 11:20:47 | INFO     | log:150 | [get_corpus_stats] Rebuilding corpus stats cache...
2025-12-17 11:20:47 | INFO     | log:150 | [warmup] Corpus stats cache built
2025-12-17 11:20:47 | INFO     | log:150 | [warmup] System ready in 10.50s | URLs: ['http://localhost:6804', 'http://192.168.1.153:6804']
2025-12-17 11:21:52 | INFO     | log:150 | [lifespan] Server shutting down
2025-12-17 11:21:57 | INFO     | log:150 | [config] Loaded config | DEBUG_MODE=1
2025-12-17 11:22:00 | INFO     | log:150 | [main] FastAPI app initialized (Per-Example Embedding Architecture)
2025-12-17 11:22:00 | INFO     | log:150 | [lifespan] Server starting - running warmup...
2025-12-17 11:22:00 | INFO     | log:150 | [warmup] Loading tables...
2025-12-17 11:22:06 | INFO     | log:150 | [warmup] Tables loaded: 0 docs, 0 examples
2025-12-17 11:22:06 | INFO     | log:150 | [warmup] Loading embedding model...
2025-12-17 11:22:06 | INFO     | log:150 | [get_embedding_model] Loading model on CPU...
2025-12-17 11:22:12 | INFO     | log:150 | [get_embedding_model] Model loaded on CPU
2025-12-17 11:22:12 | INFO     | log:150 | [warmup] Embedding model loaded on CPU
2025-12-17 11:22:12 | INFO     | log:150 | [warmup] Building embeddings cache...
2025-12-17 11:22:12 | INFO     | log:150 | [build_embeddings_cache] Building embeddings cache...
2025-12-17 11:22:12 | INFO     | log:150 | [build_embeddings_cache] Cache built in 0.02s: 0 examples, 0 docs on CPU
2025-12-17 11:22:12 | INFO     | log:150 | [warmup] Embeddings cache built
2025-12-17 11:22:12 | INFO     | log:150 | [warmup] Building corpus stats cache...
2025-12-17 11:22:12 | INFO     | log:150 | [get_corpus_stats] Rebuilding corpus stats cache...
2025-12-17 11:22:12 | INFO     | log:150 | [warmup] Corpus stats cache built
2025-12-17 11:22:12 | INFO     | log:150 | [warmup] System ready in 11.42s | URLs: ['http://localhost:6804', 'http://192.168.1.153:6804']
2025-12-17 11:23:08 | INFO     | log:150 | [lifespan] Server shutting down
2025-12-17 11:26:56 | INFO     | log:150 | [config] Loaded config | DEBUG_MODE=1
2025-12-17 11:27:01 | INFO     | log:150 | [main] FastAPI app initialized (Per-Example Embedding Architecture)
2025-12-17 11:27:01 | INFO     | log:150 | [lifespan] Server starting - running warmup...
2025-12-17 11:27:01 | INFO     | log:150 | [warmup] Loading tables...
2025-12-17 11:27:09 | INFO     | log:150 | [warmup] Tables loaded: 0 docs, 0 examples
2025-12-17 11:27:09 | INFO     | log:150 | [warmup] Loading embedding model...
2025-12-17 11:27:09 | INFO     | log:150 | [get_embedding_model] Loading model on CPU...
2025-12-17 11:27:15 | INFO     | log:150 | [get_embedding_model] Model loaded on CPU
2025-12-17 11:27:15 | INFO     | log:150 | [warmup] Embedding model loaded on CPU
2025-12-17 11:27:15 | INFO     | log:150 | [warmup] Building embeddings cache...
2025-12-17 11:27:15 | INFO     | log:150 | [build_embeddings_cache] Building embeddings cache...
2025-12-17 11:27:15 | INFO     | log:150 | [build_embeddings_cache] Cache built in 0.03s: 0 examples, 0 docs on CPU
2025-12-17 11:27:15 | INFO     | log:150 | [warmup] Embeddings cache built
2025-12-17 11:27:15 | INFO     | log:150 | [warmup] Building corpus stats cache...
2025-12-17 11:27:15 | INFO     | log:150 | [get_corpus_stats] Rebuilding corpus stats cache...
2025-12-17 11:27:15 | INFO     | log:150 | [warmup] Corpus stats cache built
2025-12-17 11:27:15 | INFO     | log:150 | [warmup] System ready in 14.21s | URLs: ['http://localhost:6804', 'http://192.168.1.153:6804']
2025-12-17 11:27:21 | INFO     | log:150 | [list_documents] Found 0 documents
