2025-12-23 15:05:53,326 INFO sqlalchemy.engine.Engine base.py:1846: select pg_catalog.version()
2025-12-23 15:05:53,326 INFO sqlalchemy.engine.Engine base.py:1846: [raw sql] {}
2025-12-23 15:05:53,327 INFO sqlalchemy.engine.Engine base.py:1846: select current_schema()
2025-12-23 15:05:53,327 INFO sqlalchemy.engine.Engine base.py:1846: [raw sql] {}
2025-12-23 15:05:53,328 INFO sqlalchemy.engine.Engine base.py:1846: show standard_conforming_strings
2025-12-23 15:05:53,328 INFO sqlalchemy.engine.Engine base.py:1846: [raw sql] {}
2025-12-23 15:05:53,329 INFO sqlalchemy.engine.Engine base.py:2710: BEGIN (implicit)
2025-12-23 15:05:53,330 INFO sqlalchemy.engine.Engine base.py:1846: SELECT COUNT(*) FROM pg_database WHERE datname = 'pixeltable'
2025-12-23 15:05:53,330 INFO sqlalchemy.engine.Engine base.py:1846: [generated in 0.00013s] {}
2025-12-23 15:05:53,331 INFO sqlalchemy.engine.Engine base.py:2716: COMMIT
2025-12-23 15:05:53,331 INFO pixeltable env.py:499: found database at: postgresql+psycopg://postgres:@/pixeltable?host=/home/javis-ai/Javis_AI_UAT/Javis_AI_DEMO/6804_DDQ/data_models/database/pixeltable/pgdata
2025-12-23 15:05:53,331 INFO pixeltable env.py:582: Created SQLAlchemy engine at: postgresql+psycopg://postgres:@/pixeltable?host=/home/javis-ai/Javis_AI_UAT/Javis_AI_DEMO/6804_DDQ/data_models/database/pixeltable/pgdata
2025-12-23 15:05:53,331 INFO pixeltable env.py:583: Engine dialect: postgresql
2025-12-23 15:05:53,332 INFO pixeltable env.py:584: Engine driver : psycopg
2025-12-23 15:05:53,334 INFO sqlalchemy.engine.Engine base.py:1846: select pg_catalog.version()
2025-12-23 15:05:53,334 INFO sqlalchemy.engine.Engine base.py:1846: [raw sql] {}
2025-12-23 15:05:53,335 INFO sqlalchemy.engine.Engine base.py:1846: select current_schema()
2025-12-23 15:05:53,335 INFO sqlalchemy.engine.Engine base.py:1846: [raw sql] {}
2025-12-23 15:05:53,335 INFO sqlalchemy.engine.Engine base.py:1846: show standard_conforming_strings
2025-12-23 15:05:53,335 INFO sqlalchemy.engine.Engine base.py:1846: [raw sql] {}
2025-12-23 15:05:53,337 INFO sqlalchemy.engine.Engine base.py:2710: BEGIN (implicit)
2025-12-23 15:05:53,337 INFO sqlalchemy.engine.Engine base.py:1846: SHOW TIME ZONE
2025-12-23 15:05:53,337 INFO sqlalchemy.engine.Engine base.py:1846: [generated in 0.00010s] {}
2025-12-23 15:05:53,337 INFO pixeltable env.py:589: Database time zone is now: Asia/Ho_Chi_Minh
2025-12-23 15:05:53,337 INFO sqlalchemy.engine.Engine base.py:2716: COMMIT
2025-12-23 15:05:53,337 INFO sqlalchemy.engine.Engine base.py:2710: BEGIN (implicit)
2025-12-23 15:05:53,341 INFO sqlalchemy.engine.Engine base.py:1846: SELECT pg_catalog.pg_class.relname 
FROM pg_catalog.pg_class JOIN pg_catalog.pg_namespace ON pg_catalog.pg_namespace.oid = pg_catalog.pg_class.relnamespace 
WHERE pg_catalog.pg_class.relname = %(table_name)s::VARCHAR AND pg_catalog.pg_class.relkind = ANY (ARRAY[%(param_1)s::VARCHAR, %(param_2)s::VARCHAR, %(param_3)s::VARCHAR, %(param_4)s::VARCHAR, %(param_5)s::VARCHAR]) AND pg_catalog.pg_table_is_visible(pg_catalog.pg_class.oid) AND pg_catalog.pg_namespace.nspname != %(nspname_1)s::VARCHAR
2025-12-23 15:05:53,341 INFO sqlalchemy.engine.Engine base.py:1846: [generated in 0.00018s] {'table_name': 'systeminfo', 'param_1': 'r', 'param_2': 'p', 'param_3': 'f', 'param_4': 'v', 'param_5': 'm', 'nspname_1': 'pg_catalog'}
2025-12-23 15:05:53,343 INFO sqlalchemy.engine.Engine base.py:1846: SELECT pg_catalog.pg_class.relname 
FROM pg_catalog.pg_class JOIN pg_catalog.pg_namespace ON pg_catalog.pg_namespace.oid = pg_catalog.pg_class.relnamespace 
WHERE pg_catalog.pg_class.relname = %(table_name)s::VARCHAR AND pg_catalog.pg_class.relkind = ANY (ARRAY[%(param_1)s::VARCHAR, %(param_2)s::VARCHAR, %(param_3)s::VARCHAR, %(param_4)s::VARCHAR, %(param_5)s::VARCHAR]) AND pg_catalog.pg_table_is_visible(pg_catalog.pg_class.oid) AND pg_catalog.pg_namespace.nspname != %(nspname_1)s::VARCHAR
2025-12-23 15:05:53,343 INFO sqlalchemy.engine.Engine base.py:1846: [cached since 0.001776s ago] {'table_name': 'dirs', 'param_1': 'r', 'param_2': 'p', 'param_3': 'f', 'param_4': 'v', 'param_5': 'm', 'nspname_1': 'pg_catalog'}
2025-12-23 15:05:53,343 INFO sqlalchemy.engine.Engine base.py:1846: SELECT pg_catalog.pg_class.relname 
FROM pg_catalog.pg_class JOIN pg_catalog.pg_namespace ON pg_catalog.pg_namespace.oid = pg_catalog.pg_class.relnamespace 
WHERE pg_catalog.pg_class.relname = %(table_name)s::VARCHAR AND pg_catalog.pg_class.relkind = ANY (ARRAY[%(param_1)s::VARCHAR, %(param_2)s::VARCHAR, %(param_3)s::VARCHAR, %(param_4)s::VARCHAR, %(param_5)s::VARCHAR]) AND pg_catalog.pg_table_is_visible(pg_catalog.pg_class.oid) AND pg_catalog.pg_namespace.nspname != %(nspname_1)s::VARCHAR
2025-12-23 15:05:53,343 INFO sqlalchemy.engine.Engine base.py:1846: [cached since 0.002386s ago] {'table_name': 'tables', 'param_1': 'r', 'param_2': 'p', 'param_3': 'f', 'param_4': 'v', 'param_5': 'm', 'nspname_1': 'pg_catalog'}
2025-12-23 15:05:53,344 INFO sqlalchemy.engine.Engine base.py:1846: SELECT pg_catalog.pg_class.relname 
FROM pg_catalog.pg_class JOIN pg_catalog.pg_namespace ON pg_catalog.pg_namespace.oid = pg_catalog.pg_class.relnamespace 
WHERE pg_catalog.pg_class.relname = %(table_name)s::VARCHAR AND pg_catalog.pg_class.relkind = ANY (ARRAY[%(param_1)s::VARCHAR, %(param_2)s::VARCHAR, %(param_3)s::VARCHAR, %(param_4)s::VARCHAR, %(param_5)s::VARCHAR]) AND pg_catalog.pg_table_is_visible(pg_catalog.pg_class.oid) AND pg_catalog.pg_namespace.nspname != %(nspname_1)s::VARCHAR
2025-12-23 15:05:53,344 INFO sqlalchemy.engine.Engine base.py:1846: [cached since 0.002968s ago] {'table_name': 'tableversions', 'param_1': 'r', 'param_2': 'p', 'param_3': 'f', 'param_4': 'v', 'param_5': 'm', 'nspname_1': 'pg_catalog'}
2025-12-23 15:05:53,344 INFO sqlalchemy.engine.Engine base.py:1846: SELECT pg_catalog.pg_class.relname 
FROM pg_catalog.pg_class JOIN pg_catalog.pg_namespace ON pg_catalog.pg_namespace.oid = pg_catalog.pg_class.relnamespace 
WHERE pg_catalog.pg_class.relname = %(table_name)s::VARCHAR AND pg_catalog.pg_class.relkind = ANY (ARRAY[%(param_1)s::VARCHAR, %(param_2)s::VARCHAR, %(param_3)s::VARCHAR, %(param_4)s::VARCHAR, %(param_5)s::VARCHAR]) AND pg_catalog.pg_table_is_visible(pg_catalog.pg_class.oid) AND pg_catalog.pg_namespace.nspname != %(nspname_1)s::VARCHAR
2025-12-23 15:05:53,344 INFO sqlalchemy.engine.Engine base.py:1846: [cached since 0.003498s ago] {'table_name': 'tableschemaversions', 'param_1': 'r', 'param_2': 'p', 'param_3': 'f', 'param_4': 'v', 'param_5': 'm', 'nspname_1': 'pg_catalog'}
2025-12-23 15:05:53,345 INFO sqlalchemy.engine.Engine base.py:1846: SELECT pg_catalog.pg_class.relname 
FROM pg_catalog.pg_class JOIN pg_catalog.pg_namespace ON pg_catalog.pg_namespace.oid = pg_catalog.pg_class.relnamespace 
WHERE pg_catalog.pg_class.relname = %(table_name)s::VARCHAR AND pg_catalog.pg_class.relkind = ANY (ARRAY[%(param_1)s::VARCHAR, %(param_2)s::VARCHAR, %(param_3)s::VARCHAR, %(param_4)s::VARCHAR, %(param_5)s::VARCHAR]) AND pg_catalog.pg_table_is_visible(pg_catalog.pg_class.oid) AND pg_catalog.pg_namespace.nspname != %(nspname_1)s::VARCHAR
2025-12-23 15:05:53,345 INFO sqlalchemy.engine.Engine base.py:1846: [cached since 0.003998s ago] {'table_name': 'pendingtableops', 'param_1': 'r', 'param_2': 'p', 'param_3': 'f', 'param_4': 'v', 'param_5': 'm', 'nspname_1': 'pg_catalog'}
2025-12-23 15:05:53,345 INFO sqlalchemy.engine.Engine base.py:1846: SELECT pg_catalog.pg_class.relname 
FROM pg_catalog.pg_class JOIN pg_catalog.pg_namespace ON pg_catalog.pg_namespace.oid = pg_catalog.pg_class.relnamespace 
WHERE pg_catalog.pg_class.relname = %(table_name)s::VARCHAR AND pg_catalog.pg_class.relkind = ANY (ARRAY[%(param_1)s::VARCHAR, %(param_2)s::VARCHAR, %(param_3)s::VARCHAR, %(param_4)s::VARCHAR, %(param_5)s::VARCHAR]) AND pg_catalog.pg_table_is_visible(pg_catalog.pg_class.oid) AND pg_catalog.pg_namespace.nspname != %(nspname_1)s::VARCHAR
2025-12-23 15:05:53,346 INFO sqlalchemy.engine.Engine base.py:1846: [cached since 0.004558s ago] {'table_name': 'functions', 'param_1': 'r', 'param_2': 'p', 'param_3': 'f', 'param_4': 'v', 'param_5': 'm', 'nspname_1': 'pg_catalog'}
2025-12-23 15:05:53,346 INFO sqlalchemy.engine.Engine base.py:2716: COMMIT
2025-12-23 15:05:53,349 INFO sqlalchemy.engine.Engine base.py:2710: BEGIN (implicit)
2025-12-23 15:05:53,352 INFO sqlalchemy.engine.Engine base.py:1846: SELECT count(*) AS count_1 
FROM (SELECT systeminfo.dummy AS systeminfo_dummy, systeminfo.md AS systeminfo_md 
FROM systeminfo) AS anon_1
2025-12-23 15:05:53,352 INFO sqlalchemy.engine.Engine base.py:1846: [generated in 0.00013s] {}
2025-12-23 15:05:53,352 INFO sqlalchemy.engine.Engine base.py:2713: ROLLBACK
2025-12-23 15:05:53,353 INFO pixeltable env.py:507: Connected to Pixeltable database at: postgresql+psycopg://postgres:@/pixeltable?host=/home/javis-ai/Javis_AI_UAT/Javis_AI_DEMO/6804_DDQ/data_models/database/pixeltable/pgdata
2025-12-23 15:05:53,356 INFO sqlalchemy.engine.Engine base.py:2710: BEGIN (implicit)
2025-12-23 15:05:53,357 INFO sqlalchemy.engine.Engine base.py:1846: SELECT systeminfo.dummy AS systeminfo_dummy, systeminfo.md AS systeminfo_md 
FROM systeminfo FOR UPDATE
2025-12-23 15:05:53,357 INFO sqlalchemy.engine.Engine base.py:1846: [generated in 0.00011s] {}
2025-12-23 15:05:53,357 INFO pixeltable __init__.py:62: Current database version: 44, installed version: 44
2025-12-23 15:05:53,358 INFO sqlalchemy.engine.Engine base.py:2713: ROLLBACK
2025-12-23 15:05:53,358 INFO sqlalchemy.engine.Engine base.py:2710: BEGIN (implicit)
2025-12-23 15:05:53,361 INFO sqlalchemy.engine.Engine base.py:1846: SELECT count(*) AS count_1 
FROM (SELECT dirs.id AS dirs_id, dirs.parent_id AS dirs_parent_id, dirs.md AS dirs_md, dirs.additional_md AS dirs_additional_md, dirs.lock_dummy AS dirs_lock_dummy 
FROM dirs 
WHERE (dirs.md ->> %(md_1)s::TEXT) IS NULL) AS anon_1
2025-12-23 15:05:53,361 INFO sqlalchemy.engine.Engine base.py:1846: [generated in 0.00018s] {'md_1': 'user'}
2025-12-23 15:05:53,361 INFO sqlalchemy.engine.Engine base.py:2716: COMMIT
2025-12-23 15:05:53,361 INFO pixeltable catalog.py:2361: Initialized catalog.
2025-12-23 15:05:53,362 INFO sqlalchemy.engine.Engine base.py:2710: BEGIN (implicit)
2025-12-23 15:05:53,363 INFO sqlalchemy.engine.Engine base.py:1846: SELECT dirs.id, dirs.parent_id, dirs.md, dirs.additional_md, dirs.lock_dummy 
FROM dirs 
WHERE dirs.parent_id IS NULL AND (dirs.md ->> %(md_1)s::TEXT) IS NULL
2025-12-23 15:05:53,363 INFO sqlalchemy.engine.Engine base.py:1846: [generated in 0.00011s] {'md_1': 'user'}
2025-12-23 15:05:53,364 INFO sqlalchemy.engine.Engine base.py:1846: SELECT dirs.id, dirs.parent_id, dirs.md, dirs.additional_md, dirs.lock_dummy 
FROM dirs 
WHERE dirs.parent_id = %(parent_id_1)s::UUID AND (dirs.md ->> %(md_1)s::TEXT) = %(param_1)s::VARCHAR AND (dirs.md ->> %(md_2)s::TEXT) IS NULL
2025-12-23 15:05:53,364 INFO sqlalchemy.engine.Engine base.py:1846: [generated in 0.00014s] {'parent_id_1': UUID('a28d586a-8b0d-422d-bb06-2cb6b6ee8695'), 'md_1': 'name', 'param_1': 'knowledge_base_6804', 'md_2': 'user'}
2025-12-23 15:05:53,366 INFO sqlalchemy.engine.Engine base.py:1846: SELECT dirs.id, dirs.parent_id, dirs.md, dirs.additional_md, dirs.lock_dummy 
FROM dirs 
WHERE dirs.parent_id = %(parent_id_1)s::UUID AND (dirs.md ->> %(md_1)s::TEXT) = %(param_1)s::VARCHAR AND (dirs.md ->> %(md_2)s::TEXT) IS NULL
2025-12-23 15:05:53,366 INFO sqlalchemy.engine.Engine base.py:1846: [cached since 0.001287s ago] {'parent_id_1': UUID('ec2ab1e6-9d7a-432b-82d7-0415120641c6'), 'md_1': 'name', 'param_1': 'documents_6804', 'md_2': 'user'}
2025-12-23 15:05:53,368 INFO sqlalchemy.engine.Engine base.py:1846: SELECT tables.id 
FROM tables 
WHERE (tables.md ->> %(md_1)s::TEXT) = %(param_1)s::VARCHAR AND tables.dir_id = %(dir_id_1)s::UUID AND coalesce((tables.md ->> %(md_2)s::TEXT), %(coalesce_1)s::VARCHAR) != %(coalesce_2)s::VARCHAR AND (tables.md ->> %(md_3)s::TEXT) IS NULL
2025-12-23 15:05:53,368 INFO sqlalchemy.engine.Engine base.py:1846: [generated in 0.00016s] {'md_1': 'name', 'param_1': 'documents_6804', 'dir_id_1': UUID('ec2ab1e6-9d7a-432b-82d7-0415120641c6'), 'md_2': 'pending_stmt', 'coalesce_1': '-1', 'coalesce_2': '2', 'md_3': 'user'}
2025-12-23 15:05:53,369 INFO pixeltable catalog.py:1809: Loading table 58414fc9-def7-46ef-b621-51d5e813b57d
2025-12-23 15:05:53,369 INFO sqlalchemy.engine.Engine base.py:1846: SELECT count(*) AS count_1 
FROM pendingtableops 
WHERE pendingtableops.tbl_id = %(tbl_id_1)s::UUID
2025-12-23 15:05:53,369 INFO sqlalchemy.engine.Engine base.py:1846: [generated in 0.00012s] {'tbl_id_1': UUID('58414fc9-def7-46ef-b621-51d5e813b57d')}
2025-12-23 15:05:53,372 INFO sqlalchemy.engine.Engine base.py:1846: SELECT tables.id, tables.dir_id, tables.md, tables.additional_md, tables.lock_dummy, tableschemaversions.tbl_id, tableschemaversions.schema_version, tableschemaversions.md AS md_1, tableschemaversions.additional_md AS additional_md_1 
FROM tables JOIN tableschemaversions ON tables.id = tableschemaversions.tbl_id 
WHERE tables.id = tableschemaversions.tbl_id AND CAST(tables.md[%(md_2)s::TEXT] AS INTEGER) = tableschemaversions.schema_version AND tables.id = %(id_1)s::UUID
2025-12-23 15:05:53,372 INFO sqlalchemy.engine.Engine base.py:1846: [generated in 0.00014s] {'md_2': 'current_schema_version', 'id_1': UUID('58414fc9-def7-46ef-b621-51d5e813b57d')}
2025-12-23 15:05:53,378 INFO sqlalchemy.engine.Engine base.py:1846: SELECT tables.id, tables.dir_id, tables.md, tables.additional_md, tables.lock_dummy, tableversions.tbl_id, tableversions.version, tableversions.md AS md_1, tableversions.additional_md AS additional_md_1, tableschemaversions.tbl_id AS tbl_id_1, tableschemaversions.schema_version, tableschemaversions.md AS md_2, tableschemaversions.additional_md AS additional_md_2 
FROM tables JOIN tableversions ON tables.id = tableversions.tbl_id JOIN tableschemaversions ON tables.id = tableschemaversions.tbl_id 
WHERE tables.id = %(id_1)s::UUID AND tableversions.tbl_id = %(tbl_id_2)s::UUID AND tableschemaversions.tbl_id = %(tbl_id_3)s::UUID AND CAST(tables.md[%(md_3)s::TEXT] AS INTEGER) = tableversions.version AND CAST(tables.md[%(md_4)s::TEXT] AS INTEGER) = tableschemaversions.schema_version
2025-12-23 15:05:53,378 INFO sqlalchemy.engine.Engine base.py:1846: [generated in 0.00016s] {'id_1': UUID('58414fc9-def7-46ef-b621-51d5e813b57d'), 'tbl_id_2': UUID('58414fc9-def7-46ef-b621-51d5e813b57d'), 'tbl_id_3': UUID('58414fc9-def7-46ef-b621-51d5e813b57d'), 'md_3': 'current_version', 'md_4': 'current_schema_version'}
2025-12-23 15:05:53,384 INFO sqlalchemy.engine.Engine base.py:1846: SELECT count(*) AS count_1 
FROM tables JOIN pendingtableops ON tables.id = pendingtableops.tbl_id 
WHERE pendingtableops.tbl_id = %(tbl_id_1)s::UUID AND tables.id = %(id_1)s::UUID
2025-12-23 15:05:53,384 INFO sqlalchemy.engine.Engine base.py:1846: [generated in 0.00013s] {'tbl_id_1': UUID('58414fc9-def7-46ef-b621-51d5e813b57d'), 'id_1': UUID('58414fc9-def7-46ef-b621-51d5e813b57d')}
2025-12-23 15:05:53,386 INFO sqlalchemy.engine.Engine base.py:1846: SELECT tables.id 
FROM tables 
WHERE ((tables.md[%(md_1)s::TEXT][%(param_1)s::TEXT][%(param_2)s::INT]) ->> %(param_3)s::INT) = %(param_4)s::VARCHAR AND ((tables.md[%(md_2)s::TEXT][%(param_5)s::TEXT][%(param_6)s::INT]) ->> %(param_7)s::INT) IS NULL
2025-12-23 15:05:53,386 INFO sqlalchemy.engine.Engine base.py:1846: [generated in 0.00017s] {'md_1': 'view_md', 'param_1': 'base_versions', 'param_2': 0, 'param_3': 0, 'param_4': '58414fc9def746efb62151d5e813b57d', 'md_2': 'view_md', 'param_5': 'base_versions', 'param_6': 0, 'param_7': 1}
2025-12-23 15:06:00,658 INFO sqlalchemy.engine.Engine base.py:1846: SELECT COUNT(*) FROM pg_catalog.pg_tables WHERE schemaname = 'public' AND tablename = 'tbl_58414fc9def746efb62151d5e813b57d'
2025-12-23 15:06:00,658 INFO sqlalchemy.engine.Engine base.py:1846: [generated in 0.00030s] {}
2025-12-23 15:06:00,663 INFO sqlalchemy.engine.Engine base.py:1846: SELECT column_name FROM information_schema.columns WHERE table_name = 'tbl_58414fc9def746efb62151d5e813b57d' ORDER BY ordinal_position
2025-12-23 15:06:00,663 INFO sqlalchemy.engine.Engine base.py:1846: [generated in 0.00020s] {}
2025-12-23 15:06:00,671 INFO sqlalchemy.engine.Engine base.py:2716: COMMIT
2025-12-23 15:06:00,672 INFO sqlalchemy.engine.Engine base.py:2710: BEGIN (implicit)
2025-12-23 15:06:00,672 INFO sqlalchemy.engine.Engine base.py:1846: SELECT dirs.id, dirs.parent_id, dirs.md, dirs.additional_md, dirs.lock_dummy 
FROM dirs 
WHERE dirs.parent_id IS NULL AND (dirs.md ->> %(md_1)s::TEXT) IS NULL
2025-12-23 15:06:00,673 INFO sqlalchemy.engine.Engine base.py:1846: [cached since 7.31s ago] {'md_1': 'user'}
2025-12-23 15:06:00,674 INFO sqlalchemy.engine.Engine base.py:1846: SELECT dirs.id, dirs.parent_id, dirs.md, dirs.additional_md, dirs.lock_dummy 
FROM dirs 
WHERE dirs.parent_id = %(parent_id_1)s::UUID AND (dirs.md ->> %(md_1)s::TEXT) = %(param_1)s::VARCHAR AND (dirs.md ->> %(md_2)s::TEXT) IS NULL
2025-12-23 15:06:00,674 INFO sqlalchemy.engine.Engine base.py:1846: [cached since 7.309s ago] {'parent_id_1': UUID('a28d586a-8b0d-422d-bb06-2cb6b6ee8695'), 'md_1': 'name', 'param_1': 'knowledge_base_6804', 'md_2': 'user'}
2025-12-23 15:06:00,675 INFO sqlalchemy.engine.Engine base.py:1846: SELECT dirs.id, dirs.parent_id, dirs.md, dirs.additional_md, dirs.lock_dummy 
FROM dirs 
WHERE dirs.parent_id = %(parent_id_1)s::UUID AND (dirs.md ->> %(md_1)s::TEXT) = %(param_1)s::VARCHAR AND (dirs.md ->> %(md_2)s::TEXT) IS NULL
2025-12-23 15:06:00,675 INFO sqlalchemy.engine.Engine base.py:1846: [cached since 7.31s ago] {'parent_id_1': UUID('ec2ab1e6-9d7a-432b-82d7-0415120641c6'), 'md_1': 'name', 'param_1': 'examples', 'md_2': 'user'}
2025-12-23 15:06:00,676 INFO sqlalchemy.engine.Engine base.py:1846: SELECT tables.id 
FROM tables 
WHERE (tables.md ->> %(md_1)s::TEXT) = %(param_1)s::VARCHAR AND tables.dir_id = %(dir_id_1)s::UUID AND coalesce((tables.md ->> %(md_2)s::TEXT), %(coalesce_1)s::VARCHAR) != %(coalesce_2)s::VARCHAR AND (tables.md ->> %(md_3)s::TEXT) IS NULL
2025-12-23 15:06:00,676 INFO sqlalchemy.engine.Engine base.py:1846: [cached since 7.308s ago] {'md_1': 'name', 'param_1': 'examples', 'dir_id_1': UUID('ec2ab1e6-9d7a-432b-82d7-0415120641c6'), 'md_2': 'pending_stmt', 'coalesce_1': '-1', 'coalesce_2': '2', 'md_3': 'user'}
2025-12-23 15:06:00,676 INFO pixeltable catalog.py:1809: Loading table ab5ed723-f203-43ff-9b84-e08f5ca571ed
2025-12-23 15:06:00,677 INFO sqlalchemy.engine.Engine base.py:1846: SELECT count(*) AS count_1 
FROM pendingtableops 
WHERE pendingtableops.tbl_id = %(tbl_id_1)s::UUID
2025-12-23 15:06:00,677 INFO sqlalchemy.engine.Engine base.py:1846: [cached since 7.307s ago] {'tbl_id_1': UUID('ab5ed723-f203-43ff-9b84-e08f5ca571ed')}
2025-12-23 15:06:00,677 INFO sqlalchemy.engine.Engine base.py:1846: SELECT tables.id, tables.dir_id, tables.md, tables.additional_md, tables.lock_dummy, tableschemaversions.tbl_id, tableschemaversions.schema_version, tableschemaversions.md AS md_1, tableschemaversions.additional_md AS additional_md_1 
FROM tables JOIN tableschemaversions ON tables.id = tableschemaversions.tbl_id 
WHERE tables.id = tableschemaversions.tbl_id AND CAST(tables.md[%(md_2)s::TEXT] AS INTEGER) = tableschemaversions.schema_version AND tables.id = %(id_1)s::UUID
2025-12-23 15:06:00,677 INFO sqlalchemy.engine.Engine base.py:1846: [cached since 7.306s ago] {'md_2': 'current_schema_version', 'id_1': UUID('ab5ed723-f203-43ff-9b84-e08f5ca571ed')}
2025-12-23 15:06:00,680 INFO sqlalchemy.engine.Engine base.py:1846: SELECT tables.id, tables.dir_id, tables.md, tables.additional_md, tables.lock_dummy, tableversions.tbl_id, tableversions.version, tableversions.md AS md_1, tableversions.additional_md AS additional_md_1, tableschemaversions.tbl_id AS tbl_id_1, tableschemaversions.schema_version, tableschemaversions.md AS md_2, tableschemaversions.additional_md AS additional_md_2 
FROM tables JOIN tableversions ON tables.id = tableversions.tbl_id JOIN tableschemaversions ON tables.id = tableschemaversions.tbl_id 
WHERE tables.id = %(id_1)s::UUID AND tableversions.tbl_id = %(tbl_id_2)s::UUID AND tableschemaversions.tbl_id = %(tbl_id_3)s::UUID AND CAST(tables.md[%(md_3)s::TEXT] AS INTEGER) = tableversions.version AND CAST(tables.md[%(md_4)s::TEXT] AS INTEGER) = tableschemaversions.schema_version
2025-12-23 15:06:00,680 INFO sqlalchemy.engine.Engine base.py:1846: [cached since 7.302s ago] {'id_1': UUID('ab5ed723-f203-43ff-9b84-e08f5ca571ed'), 'tbl_id_2': UUID('ab5ed723-f203-43ff-9b84-e08f5ca571ed'), 'tbl_id_3': UUID('ab5ed723-f203-43ff-9b84-e08f5ca571ed'), 'md_3': 'current_version', 'md_4': 'current_schema_version'}
2025-12-23 15:06:00,683 INFO sqlalchemy.engine.Engine base.py:1846: SELECT count(*) AS count_1 
FROM tables JOIN pendingtableops ON tables.id = pendingtableops.tbl_id 
WHERE pendingtableops.tbl_id = %(tbl_id_1)s::UUID AND tables.id = %(id_1)s::UUID
2025-12-23 15:06:00,683 INFO sqlalchemy.engine.Engine base.py:1846: [cached since 7.299s ago] {'tbl_id_1': UUID('ab5ed723-f203-43ff-9b84-e08f5ca571ed'), 'id_1': UUID('ab5ed723-f203-43ff-9b84-e08f5ca571ed')}
2025-12-23 15:06:00,684 INFO sqlalchemy.engine.Engine base.py:1846: SELECT tables.id 
FROM tables 
WHERE ((tables.md[%(md_1)s::TEXT][%(param_1)s::TEXT][%(param_2)s::INT]) ->> %(param_3)s::INT) = %(param_4)s::VARCHAR AND ((tables.md[%(md_2)s::TEXT][%(param_5)s::TEXT][%(param_6)s::INT]) ->> %(param_7)s::INT) IS NULL
2025-12-23 15:06:00,685 INFO sqlalchemy.engine.Engine base.py:1846: [cached since 7.299s ago] {'md_1': 'view_md', 'param_1': 'base_versions', 'param_2': 0, 'param_3': 0, 'param_4': 'ab5ed723f20343ff9b84e08f5ca571ed', 'md_2': 'view_md', 'param_5': 'base_versions', 'param_6': 0, 'param_7': 1}
2025-12-23 15:06:00,691 INFO sqlalchemy.engine.Engine base.py:1846: SELECT COUNT(*) FROM pg_catalog.pg_tables WHERE schemaname = 'public' AND tablename = 'tbl_ab5ed723f20343ff9b84e08f5ca571ed'
2025-12-23 15:06:00,691 INFO sqlalchemy.engine.Engine base.py:1846: [generated in 0.00012s] {}
2025-12-23 15:06:00,692 INFO sqlalchemy.engine.Engine base.py:1846: SELECT column_name FROM information_schema.columns WHERE table_name = 'tbl_ab5ed723f20343ff9b84e08f5ca571ed' ORDER BY ordinal_position
2025-12-23 15:06:00,692 INFO sqlalchemy.engine.Engine base.py:1846: [generated in 0.00009s] {}
2025-12-23 15:06:00,695 INFO sqlalchemy.engine.Engine base.py:2716: COMMIT
2025-12-23 15:06:00,696 INFO sqlalchemy.engine.Engine base.py:2710: BEGIN (implicit)
2025-12-23 15:06:00,697 INFO sqlalchemy.engine.Engine base.py:1846: SELECT tables.id, tables.dir_id, tables.md, tables.additional_md, tables.lock_dummy 
FROM tables 
WHERE tables.id = %(id_1)s::UUID
2025-12-23 15:06:00,697 INFO sqlalchemy.engine.Engine base.py:1846: [generated in 0.00011s] {'id_1': UUID('58414fc9-def7-46ef-b621-51d5e813b57d')}
2025-12-23 15:06:00,700 INFO sqlalchemy.engine.Engine base.py:1846: SELECT count(*) AS count_1 
FROM pendingtableops 
WHERE pendingtableops.tbl_id = %(tbl_id_1)s::UUID
2025-12-23 15:06:00,700 INFO sqlalchemy.engine.Engine base.py:1846: [cached since 7.331s ago] {'tbl_id_1': UUID('58414fc9-def7-46ef-b621-51d5e813b57d')}
2025-12-23 15:06:00,701 INFO sqlalchemy.engine.Engine base.py:1846: SELECT tables.md 
FROM tables 
WHERE tables.id = %(id_1)s::UUID AND coalesce((tables.md ->> %(md_1)s::TEXT), %(coalesce_1)s::VARCHAR) != %(coalesce_2)s::VARCHAR
2025-12-23 15:06:00,701 INFO sqlalchemy.engine.Engine base.py:1846: [generated in 0.00014s] {'id_1': UUID('58414fc9-def7-46ef-b621-51d5e813b57d'), 'md_1': 'pending_stmt', 'coalesce_1': '-1', 'coalesce_2': '2'}
2025-12-23 15:06:00,703 INFO sqlalchemy.engine.Engine base.py:1846: SELECT tables.md 
FROM tables 
WHERE tables.id = %(id_1)s::UUID AND coalesce((tables.md ->> %(md_1)s::TEXT), %(coalesce_1)s::VARCHAR) != %(coalesce_2)s::VARCHAR
2025-12-23 15:06:00,703 INFO sqlalchemy.engine.Engine base.py:1846: [cached since 0.00134s ago] {'id_1': UUID('58414fc9-def7-46ef-b621-51d5e813b57d'), 'md_1': 'pending_stmt', 'coalesce_1': '-1', 'coalesce_2': '2'}
2025-12-23 15:06:00,704 INFO sqlalchemy.engine.Engine base.py:2716: COMMIT
2025-12-23 15:06:00,704 INFO sqlalchemy.engine.Engine base.py:2710: BEGIN (implicit)
2025-12-23 15:06:00,705 INFO sqlalchemy.engine.Engine base.py:1846: SELECT tables.md 
FROM tables 
WHERE tables.id = %(id_1)s::UUID AND coalesce((tables.md ->> %(md_1)s::TEXT), %(coalesce_1)s::VARCHAR) != %(coalesce_2)s::VARCHAR
2025-12-23 15:06:00,705 INFO sqlalchemy.engine.Engine base.py:1846: [cached since 0.003438s ago] {'id_1': UUID('58414fc9-def7-46ef-b621-51d5e813b57d'), 'md_1': 'pending_stmt', 'coalesce_1': '-1', 'coalesce_2': '2'}
2025-12-23 15:06:00,706 INFO sqlalchemy.engine.Engine base.py:1846: SELECT tables.md 
FROM tables 
WHERE tables.id = %(id_1)s::UUID AND coalesce((tables.md ->> %(md_1)s::TEXT), %(coalesce_1)s::VARCHAR) != %(coalesce_2)s::VARCHAR
2025-12-23 15:06:00,706 INFO sqlalchemy.engine.Engine base.py:1846: [cached since 0.004685s ago] {'id_1': UUID('58414fc9-def7-46ef-b621-51d5e813b57d'), 'md_1': 'pending_stmt', 'coalesce_1': '-1', 'coalesce_2': '2'}
2025-12-23 15:06:00,711 INFO sqlalchemy.engine.Engine base.py:1846: WITH anon_1 AS 
(SELECT tbl_58414fc9def746efb62151d5e813b57d.col_0 AS col_0, tbl_58414fc9def746efb62151d5e813b57d.col_1 AS col_1, tbl_58414fc9def746efb62151d5e813b57d.col_2 AS col_2, tbl_58414fc9def746efb62151d5e813b57d.col_3 AS col_3, tbl_58414fc9def746efb62151d5e813b57d.col_4 AS col_4, tbl_58414fc9def746efb62151d5e813b57d.col_5 AS col_5, tbl_58414fc9def746efb62151d5e813b57d.col_6 AS col_6, tbl_58414fc9def746efb62151d5e813b57d.col_7 AS col_7, tbl_58414fc9def746efb62151d5e813b57d.col_8 AS col_8, tbl_58414fc9def746efb62151d5e813b57d.col_9 AS col_9, tbl_58414fc9def746efb62151d5e813b57d.col_2_cellmd AS col_2_cellmd, tbl_58414fc9def746efb62151d5e813b57d.rowid AS rowid, tbl_58414fc9def746efb62151d5e813b57d.v_min AS v_min 
FROM tbl_58414fc9def746efb62151d5e813b57d 
WHERE tbl_58414fc9def746efb62151d5e813b57d.v_min <= %(v_min_1)s::BIGINT AND tbl_58414fc9def746efb62151d5e813b57d.v_max > %(v_max_1)s::BIGINT)
 SELECT count(*) AS all_count 
FROM anon_1
2025-12-23 15:06:00,711 INFO sqlalchemy.engine.Engine base.py:1846: [generated in 0.00015s] {'v_min_1': 16, 'v_max_1': 16}
2025-12-23 15:06:00,712 INFO sqlalchemy.engine.Engine base.py:2716: COMMIT
2025-12-23 15:06:00,713 INFO sqlalchemy.engine.Engine base.py:2710: BEGIN (implicit)
2025-12-23 15:06:00,713 INFO sqlalchemy.engine.Engine base.py:1846: SELECT tables.id, tables.dir_id, tables.md, tables.additional_md, tables.lock_dummy 
FROM tables 
WHERE tables.id = %(id_1)s::UUID
2025-12-23 15:06:00,713 INFO sqlalchemy.engine.Engine base.py:1846: [cached since 0.01625s ago] {'id_1': UUID('ab5ed723-f203-43ff-9b84-e08f5ca571ed')}
2025-12-23 15:06:00,715 INFO sqlalchemy.engine.Engine base.py:1846: SELECT count(*) AS count_1 
FROM pendingtableops 
WHERE pendingtableops.tbl_id = %(tbl_id_1)s::UUID
2025-12-23 15:06:00,715 INFO sqlalchemy.engine.Engine base.py:1846: [cached since 7.346s ago] {'tbl_id_1': UUID('ab5ed723-f203-43ff-9b84-e08f5ca571ed')}
2025-12-23 15:06:00,716 INFO sqlalchemy.engine.Engine base.py:1846: SELECT tables.md 
FROM tables 
WHERE tables.id = %(id_1)s::UUID AND coalesce((tables.md ->> %(md_1)s::TEXT), %(coalesce_1)s::VARCHAR) != %(coalesce_2)s::VARCHAR
2025-12-23 15:06:00,716 INFO sqlalchemy.engine.Engine base.py:1846: [cached since 0.01429s ago] {'id_1': UUID('ab5ed723-f203-43ff-9b84-e08f5ca571ed'), 'md_1': 'pending_stmt', 'coalesce_1': '-1', 'coalesce_2': '2'}
2025-12-23 15:06:00,717 INFO sqlalchemy.engine.Engine base.py:1846: SELECT tables.md 
FROM tables 
WHERE tables.id = %(id_1)s::UUID AND coalesce((tables.md ->> %(md_1)s::TEXT), %(coalesce_1)s::VARCHAR) != %(coalesce_2)s::VARCHAR
2025-12-23 15:06:00,717 INFO sqlalchemy.engine.Engine base.py:1846: [cached since 0.01529s ago] {'id_1': UUID('ab5ed723-f203-43ff-9b84-e08f5ca571ed'), 'md_1': 'pending_stmt', 'coalesce_1': '-1', 'coalesce_2': '2'}
2025-12-23 15:06:00,717 INFO sqlalchemy.engine.Engine base.py:2716: COMMIT
2025-12-23 15:06:00,718 INFO sqlalchemy.engine.Engine base.py:2710: BEGIN (implicit)
2025-12-23 15:06:00,718 INFO sqlalchemy.engine.Engine base.py:1846: SELECT tables.md 
FROM tables 
WHERE tables.id = %(id_1)s::UUID AND coalesce((tables.md ->> %(md_1)s::TEXT), %(coalesce_1)s::VARCHAR) != %(coalesce_2)s::VARCHAR
2025-12-23 15:06:00,718 INFO sqlalchemy.engine.Engine base.py:1846: [cached since 0.01707s ago] {'id_1': UUID('ab5ed723-f203-43ff-9b84-e08f5ca571ed'), 'md_1': 'pending_stmt', 'coalesce_1': '-1', 'coalesce_2': '2'}
2025-12-23 15:06:00,719 INFO sqlalchemy.engine.Engine base.py:1846: SELECT tables.md 
FROM tables 
WHERE tables.id = %(id_1)s::UUID AND coalesce((tables.md ->> %(md_1)s::TEXT), %(coalesce_1)s::VARCHAR) != %(coalesce_2)s::VARCHAR
2025-12-23 15:06:00,719 INFO sqlalchemy.engine.Engine base.py:1846: [cached since 0.01809s ago] {'id_1': UUID('ab5ed723-f203-43ff-9b84-e08f5ca571ed'), 'md_1': 'pending_stmt', 'coalesce_1': '-1', 'coalesce_2': '2'}
2025-12-23 15:06:00,722 INFO sqlalchemy.engine.Engine base.py:1846: WITH anon_1 AS 
(SELECT tbl_ab5ed723f20343ff9b84e08f5ca571ed.col_0 AS col_0, tbl_ab5ed723f20343ff9b84e08f5ca571ed.col_1 AS col_1, tbl_ab5ed723f20343ff9b84e08f5ca571ed.col_2 AS col_2, tbl_ab5ed723f20343ff9b84e08f5ca571ed.rowid AS rowid, tbl_ab5ed723f20343ff9b84e08f5ca571ed.v_min AS v_min 
FROM tbl_ab5ed723f20343ff9b84e08f5ca571ed 
WHERE tbl_ab5ed723f20343ff9b84e08f5ca571ed.v_min <= %(v_min_1)s::BIGINT AND tbl_ab5ed723f20343ff9b84e08f5ca571ed.v_max > %(v_max_1)s::BIGINT)
 SELECT count(*) AS all_count 
FROM anon_1
2025-12-23 15:06:00,722 INFO sqlalchemy.engine.Engine base.py:1846: [generated in 0.00014s] {'v_min_1': 15, 'v_max_1': 15}
2025-12-23 15:06:00,723 INFO sqlalchemy.engine.Engine base.py:2716: COMMIT
2025-12-23 15:06:07,163 INFO sqlalchemy.engine.Engine base.py:2710: BEGIN (implicit)
2025-12-23 15:06:07,164 INFO sqlalchemy.engine.Engine base.py:1846: SELECT tables.md 
FROM tables 
WHERE tables.id = %(id_1)s::UUID AND coalesce((tables.md ->> %(md_1)s::TEXT), %(coalesce_1)s::VARCHAR) != %(coalesce_2)s::VARCHAR
2025-12-23 15:06:07,164 INFO sqlalchemy.engine.Engine base.py:1846: [cached since 6.462s ago] {'id_1': UUID('ab5ed723-f203-43ff-9b84-e08f5ca571ed'), 'md_1': 'pending_stmt', 'coalesce_1': '-1', 'coalesce_2': '2'}
2025-12-23 15:06:07,165 INFO sqlalchemy.engine.Engine base.py:1846: SELECT tables.md 
FROM tables 
WHERE tables.id = %(id_1)s::UUID AND coalesce((tables.md ->> %(md_1)s::TEXT), %(coalesce_1)s::VARCHAR) != %(coalesce_2)s::VARCHAR
2025-12-23 15:06:07,165 INFO sqlalchemy.engine.Engine base.py:1846: [cached since 6.464s ago] {'id_1': UUID('ab5ed723-f203-43ff-9b84-e08f5ca571ed'), 'md_1': 'pending_stmt', 'coalesce_1': '-1', 'coalesce_2': '2'}
2025-12-23 15:06:07,167 INFO sqlalchemy.engine.Engine base.py:2716: COMMIT
2025-12-23 15:06:07,167 INFO sqlalchemy.engine.Engine base.py:2710: BEGIN (implicit)
2025-12-23 15:06:07,168 INFO sqlalchemy.engine.Engine base.py:1846: SELECT tables.md 
FROM tables 
WHERE tables.id = %(id_1)s::UUID AND coalesce((tables.md ->> %(md_1)s::TEXT), %(coalesce_1)s::VARCHAR) != %(coalesce_2)s::VARCHAR
2025-12-23 15:06:07,168 INFO sqlalchemy.engine.Engine base.py:1846: [cached since 6.466s ago] {'id_1': UUID('ab5ed723-f203-43ff-9b84-e08f5ca571ed'), 'md_1': 'pending_stmt', 'coalesce_1': '-1', 'coalesce_2': '2'}
2025-12-23 15:06:07,169 INFO sqlalchemy.engine.Engine base.py:1846: SELECT tables.md 
FROM tables 
WHERE tables.id = %(id_1)s::UUID AND coalesce((tables.md ->> %(md_1)s::TEXT), %(coalesce_1)s::VARCHAR) != %(coalesce_2)s::VARCHAR
2025-12-23 15:06:07,169 INFO sqlalchemy.engine.Engine base.py:1846: [cached since 6.467s ago] {'id_1': UUID('ab5ed723-f203-43ff-9b84-e08f5ca571ed'), 'md_1': 'pending_stmt', 'coalesce_1': '-1', 'coalesce_2': '2'}
2025-12-23 15:06:07,172 INFO sqlalchemy.engine.Engine base.py:1846: EXPLAIN SELECT tbl_ab5ed723f20343ff9b84e08f5ca571ed.col_0, tbl_ab5ed723f20343ff9b84e08f5ca571ed.col_1, tbl_ab5ed723f20343ff9b84e08f5ca571ed.col_2, tbl_ab5ed723f20343ff9b84e08f5ca571ed.rowid, tbl_ab5ed723f20343ff9b84e08f5ca571ed.v_min 
FROM tbl_ab5ed723f20343ff9b84e08f5ca571ed 
WHERE tbl_ab5ed723f20343ff9b84e08f5ca571ed.v_min <= 15 AND tbl_ab5ed723f20343ff9b84e08f5ca571ed.v_max > 15
2025-12-23 15:06:07,172 INFO sqlalchemy.engine.Engine base.py:1846: [generated in 0.00011s] {}
2025-12-23 15:06:07,174 INFO sqlalchemy.engine.Engine base.py:1846: SELECT tbl_ab5ed723f20343ff9b84e08f5ca571ed.col_0, tbl_ab5ed723f20343ff9b84e08f5ca571ed.col_1, tbl_ab5ed723f20343ff9b84e08f5ca571ed.col_2, tbl_ab5ed723f20343ff9b84e08f5ca571ed.rowid, tbl_ab5ed723f20343ff9b84e08f5ca571ed.v_min 
FROM tbl_ab5ed723f20343ff9b84e08f5ca571ed 
WHERE tbl_ab5ed723f20343ff9b84e08f5ca571ed.v_min <= %(v_min_1)s::BIGINT AND tbl_ab5ed723f20343ff9b84e08f5ca571ed.v_max > %(v_max_1)s::BIGINT
2025-12-23 15:06:07,174 INFO sqlalchemy.engine.Engine base.py:1846: [generated in 0.00012s] {'v_min_1': 15, 'v_max_1': 15}
2025-12-23 15:06:07,180 INFO sqlalchemy.engine.Engine base.py:2716: COMMIT
2025-12-23 15:06:07,763 INFO sqlalchemy.engine.Engine base.py:2710: BEGIN (implicit)
2025-12-23 15:06:07,764 INFO sqlalchemy.engine.Engine base.py:1846: SELECT tables.md 
FROM tables 
WHERE tables.id = %(id_1)s::UUID AND coalesce((tables.md ->> %(md_1)s::TEXT), %(coalesce_1)s::VARCHAR) != %(coalesce_2)s::VARCHAR
2025-12-23 15:06:07,764 INFO sqlalchemy.engine.Engine base.py:1846: [cached since 7.063s ago] {'id_1': UUID('58414fc9-def7-46ef-b621-51d5e813b57d'), 'md_1': 'pending_stmt', 'coalesce_1': '-1', 'coalesce_2': '2'}
2025-12-23 15:06:07,766 INFO sqlalchemy.engine.Engine base.py:1846: SELECT tables.md 
FROM tables 
WHERE tables.id = %(id_1)s::UUID AND coalesce((tables.md ->> %(md_1)s::TEXT), %(coalesce_1)s::VARCHAR) != %(coalesce_2)s::VARCHAR
2025-12-23 15:06:07,766 INFO sqlalchemy.engine.Engine base.py:1846: [cached since 7.064s ago] {'id_1': UUID('58414fc9-def7-46ef-b621-51d5e813b57d'), 'md_1': 'pending_stmt', 'coalesce_1': '-1', 'coalesce_2': '2'}
2025-12-23 15:06:07,767 INFO sqlalchemy.engine.Engine base.py:2716: COMMIT
2025-12-23 15:06:07,768 INFO sqlalchemy.engine.Engine base.py:2710: BEGIN (implicit)
2025-12-23 15:06:07,768 INFO sqlalchemy.engine.Engine base.py:1846: SELECT tables.md 
FROM tables 
WHERE tables.id = %(id_1)s::UUID AND coalesce((tables.md ->> %(md_1)s::TEXT), %(coalesce_1)s::VARCHAR) != %(coalesce_2)s::VARCHAR
2025-12-23 15:06:07,768 INFO sqlalchemy.engine.Engine base.py:1846: [cached since 7.067s ago] {'id_1': UUID('58414fc9-def7-46ef-b621-51d5e813b57d'), 'md_1': 'pending_stmt', 'coalesce_1': '-1', 'coalesce_2': '2'}
2025-12-23 15:06:07,770 INFO sqlalchemy.engine.Engine base.py:1846: SELECT tables.md 
FROM tables 
WHERE tables.id = %(id_1)s::UUID AND coalesce((tables.md ->> %(md_1)s::TEXT), %(coalesce_1)s::VARCHAR) != %(coalesce_2)s::VARCHAR
2025-12-23 15:06:07,770 INFO sqlalchemy.engine.Engine base.py:1846: [cached since 7.068s ago] {'id_1': UUID('58414fc9-def7-46ef-b621-51d5e813b57d'), 'md_1': 'pending_stmt', 'coalesce_1': '-1', 'coalesce_2': '2'}
2025-12-23 15:06:07,773 INFO sqlalchemy.engine.Engine base.py:1846: EXPLAIN SELECT tbl_58414fc9def746efb62151d5e813b57d.col_0, tbl_58414fc9def746efb62151d5e813b57d.col_1, tbl_58414fc9def746efb62151d5e813b57d.col_3, tbl_58414fc9def746efb62151d5e813b57d.col_4, tbl_58414fc9def746efb62151d5e813b57d.col_5, tbl_58414fc9def746efb62151d5e813b57d.col_2, tbl_58414fc9def746efb62151d5e813b57d.col_6, tbl_58414fc9def746efb62151d5e813b57d.col_2_cellmd, tbl_58414fc9def746efb62151d5e813b57d.rowid, tbl_58414fc9def746efb62151d5e813b57d.v_min 
FROM tbl_58414fc9def746efb62151d5e813b57d 
WHERE tbl_58414fc9def746efb62151d5e813b57d.v_min <= 16 AND tbl_58414fc9def746efb62151d5e813b57d.v_max > 16
2025-12-23 15:06:07,773 INFO sqlalchemy.engine.Engine base.py:1846: [generated in 0.00013s] {}
2025-12-23 15:06:07,775 INFO sqlalchemy.engine.Engine base.py:1846: SELECT tbl_58414fc9def746efb62151d5e813b57d.col_0, tbl_58414fc9def746efb62151d5e813b57d.col_1, tbl_58414fc9def746efb62151d5e813b57d.col_3, tbl_58414fc9def746efb62151d5e813b57d.col_4, tbl_58414fc9def746efb62151d5e813b57d.col_5, tbl_58414fc9def746efb62151d5e813b57d.col_2, tbl_58414fc9def746efb62151d5e813b57d.col_6, tbl_58414fc9def746efb62151d5e813b57d.col_2_cellmd, tbl_58414fc9def746efb62151d5e813b57d.rowid, tbl_58414fc9def746efb62151d5e813b57d.v_min 
FROM tbl_58414fc9def746efb62151d5e813b57d 
WHERE tbl_58414fc9def746efb62151d5e813b57d.v_min <= %(v_min_1)s::BIGINT AND tbl_58414fc9def746efb62151d5e813b57d.v_max > %(v_max_1)s::BIGINT
2025-12-23 15:06:07,775 INFO sqlalchemy.engine.Engine base.py:1846: [generated in 0.00013s] {'v_min_1': 16, 'v_max_1': 16}
2025-12-23 15:06:07,777 INFO sqlalchemy.engine.Engine base.py:2716: COMMIT
2025-12-23 15:06:08,353 INFO sqlalchemy.engine.Engine base.py:2710: BEGIN (implicit)
2025-12-23 15:06:08,353 INFO sqlalchemy.engine.Engine base.py:1846: SELECT tables.md 
FROM tables 
WHERE tables.id = %(id_1)s::UUID AND coalesce((tables.md ->> %(md_1)s::TEXT), %(coalesce_1)s::VARCHAR) != %(coalesce_2)s::VARCHAR
2025-12-23 15:06:08,354 INFO sqlalchemy.engine.Engine base.py:1846: [cached since 7.652s ago] {'id_1': UUID('58414fc9-def7-46ef-b621-51d5e813b57d'), 'md_1': 'pending_stmt', 'coalesce_1': '-1', 'coalesce_2': '2'}
2025-12-23 15:06:08,358 INFO sqlalchemy.engine.Engine base.py:1846: SELECT tables.md 
FROM tables 
WHERE tables.id = %(id_1)s::UUID AND coalesce((tables.md ->> %(md_1)s::TEXT), %(coalesce_1)s::VARCHAR) != %(coalesce_2)s::VARCHAR
2025-12-23 15:06:08,358 INFO sqlalchemy.engine.Engine base.py:1846: [cached since 7.656s ago] {'id_1': UUID('58414fc9-def7-46ef-b621-51d5e813b57d'), 'md_1': 'pending_stmt', 'coalesce_1': '-1', 'coalesce_2': '2'}
2025-12-23 15:06:08,362 INFO sqlalchemy.engine.Engine base.py:1846: EXPLAIN SELECT tbl_58414fc9def746efb62151d5e813b57d.col_0, tbl_58414fc9def746efb62151d5e813b57d.col_1, tbl_58414fc9def746efb62151d5e813b57d.col_2, tbl_58414fc9def746efb62151d5e813b57d.col_3, tbl_58414fc9def746efb62151d5e813b57d.col_4, tbl_58414fc9def746efb62151d5e813b57d.col_5, tbl_58414fc9def746efb62151d5e813b57d.col_6, tbl_58414fc9def746efb62151d5e813b57d.col_7, tbl_58414fc9def746efb62151d5e813b57d.col_8, tbl_58414fc9def746efb62151d5e813b57d.col_9, tbl_58414fc9def746efb62151d5e813b57d.col_2_cellmd, tbl_58414fc9def746efb62151d5e813b57d.rowid, tbl_58414fc9def746efb62151d5e813b57d.v_min 
FROM tbl_58414fc9def746efb62151d5e813b57d 
WHERE tbl_58414fc9def746efb62151d5e813b57d.v_min <= 16 AND tbl_58414fc9def746efb62151d5e813b57d.v_max > 16
2025-12-23 15:06:08,362 INFO sqlalchemy.engine.Engine base.py:1846: [generated in 0.00020s] {}
2025-12-23 15:06:08,363 INFO sqlalchemy.engine.Engine base.py:1846: SELECT tbl_58414fc9def746efb62151d5e813b57d.col_0, tbl_58414fc9def746efb62151d5e813b57d.col_1, tbl_58414fc9def746efb62151d5e813b57d.col_2, tbl_58414fc9def746efb62151d5e813b57d.col_3, tbl_58414fc9def746efb62151d5e813b57d.col_4, tbl_58414fc9def746efb62151d5e813b57d.col_5, tbl_58414fc9def746efb62151d5e813b57d.col_6, tbl_58414fc9def746efb62151d5e813b57d.col_7, tbl_58414fc9def746efb62151d5e813b57d.col_8, tbl_58414fc9def746efb62151d5e813b57d.col_9, tbl_58414fc9def746efb62151d5e813b57d.col_2_cellmd, tbl_58414fc9def746efb62151d5e813b57d.rowid, tbl_58414fc9def746efb62151d5e813b57d.v_min 
FROM tbl_58414fc9def746efb62151d5e813b57d 
WHERE tbl_58414fc9def746efb62151d5e813b57d.v_min <= %(v_min_1)s::BIGINT AND tbl_58414fc9def746efb62151d5e813b57d.v_max > %(v_max_1)s::BIGINT
2025-12-23 15:06:08,363 INFO sqlalchemy.engine.Engine base.py:1846: [generated in 0.00018s] {'v_min_1': 16, 'v_max_1': 16}
2025-12-23 15:06:08,365 INFO sqlalchemy.engine.Engine base.py:2716: COMMIT
2025-12-23 15:06:08,367 INFO sqlalchemy.engine.Engine base.py:2710: BEGIN (implicit)
2025-12-23 15:06:08,368 INFO sqlalchemy.engine.Engine base.py:1846: SELECT tables.md 
FROM tables 
WHERE tables.id = %(id_1)s::UUID AND coalesce((tables.md ->> %(md_1)s::TEXT), %(coalesce_1)s::VARCHAR) != %(coalesce_2)s::VARCHAR
2025-12-23 15:06:08,368 INFO sqlalchemy.engine.Engine base.py:1846: [cached since 7.666s ago] {'id_1': UUID('58414fc9-def7-46ef-b621-51d5e813b57d'), 'md_1': 'pending_stmt', 'coalesce_1': '-1', 'coalesce_2': '2'}
2025-12-23 15:06:08,369 INFO sqlalchemy.engine.Engine base.py:1846: SELECT tables.md 
FROM tables 
WHERE tables.id = %(id_1)s::UUID AND coalesce((tables.md ->> %(md_1)s::TEXT), %(coalesce_1)s::VARCHAR) != %(coalesce_2)s::VARCHAR
2025-12-23 15:06:08,369 INFO sqlalchemy.engine.Engine base.py:1846: [cached since 7.668s ago] {'id_1': UUID('58414fc9-def7-46ef-b621-51d5e813b57d'), 'md_1': 'pending_stmt', 'coalesce_1': '-1', 'coalesce_2': '2'}
2025-12-23 15:06:08,371 INFO sqlalchemy.engine.Engine base.py:2716: COMMIT
2025-12-23 15:06:08,371 INFO sqlalchemy.engine.Engine base.py:2710: BEGIN (implicit)
2025-12-23 15:06:08,372 INFO sqlalchemy.engine.Engine base.py:1846: SELECT tables.md 
FROM tables 
WHERE tables.id = %(id_1)s::UUID AND coalesce((tables.md ->> %(md_1)s::TEXT), %(coalesce_1)s::VARCHAR) != %(coalesce_2)s::VARCHAR
2025-12-23 15:06:08,372 INFO sqlalchemy.engine.Engine base.py:1846: [cached since 7.671s ago] {'id_1': UUID('58414fc9-def7-46ef-b621-51d5e813b57d'), 'md_1': 'pending_stmt', 'coalesce_1': '-1', 'coalesce_2': '2'}
2025-12-23 15:06:08,373 INFO sqlalchemy.engine.Engine base.py:1846: SELECT tables.md 
FROM tables 
WHERE tables.id = %(id_1)s::UUID AND coalesce((tables.md ->> %(md_1)s::TEXT), %(coalesce_1)s::VARCHAR) != %(coalesce_2)s::VARCHAR
2025-12-23 15:06:08,373 INFO sqlalchemy.engine.Engine base.py:1846: [cached since 7.672s ago] {'id_1': UUID('58414fc9-def7-46ef-b621-51d5e813b57d'), 'md_1': 'pending_stmt', 'coalesce_1': '-1', 'coalesce_2': '2'}
2025-12-23 15:06:08,376 INFO sqlalchemy.engine.Engine base.py:1846: EXPLAIN SELECT tbl_58414fc9def746efb62151d5e813b57d.col_0, tbl_58414fc9def746efb62151d5e813b57d.col_1, tbl_58414fc9def746efb62151d5e813b57d.col_3, tbl_58414fc9def746efb62151d5e813b57d.col_5, tbl_58414fc9def746efb62151d5e813b57d.rowid, tbl_58414fc9def746efb62151d5e813b57d.v_min 
FROM tbl_58414fc9def746efb62151d5e813b57d 
WHERE tbl_58414fc9def746efb62151d5e813b57d.v_min <= 16 AND tbl_58414fc9def746efb62151d5e813b57d.v_max > 16
2025-12-23 15:06:08,376 INFO sqlalchemy.engine.Engine base.py:1846: [generated in 0.00019s] {}
2025-12-23 15:06:08,377 INFO sqlalchemy.engine.Engine base.py:1846: SELECT tbl_58414fc9def746efb62151d5e813b57d.col_0, tbl_58414fc9def746efb62151d5e813b57d.col_1, tbl_58414fc9def746efb62151d5e813b57d.col_3, tbl_58414fc9def746efb62151d5e813b57d.col_5, tbl_58414fc9def746efb62151d5e813b57d.rowid, tbl_58414fc9def746efb62151d5e813b57d.v_min 
FROM tbl_58414fc9def746efb62151d5e813b57d 
WHERE tbl_58414fc9def746efb62151d5e813b57d.v_min <= %(v_min_1)s::BIGINT AND tbl_58414fc9def746efb62151d5e813b57d.v_max > %(v_max_1)s::BIGINT
2025-12-23 15:06:08,377 INFO sqlalchemy.engine.Engine base.py:1846: [generated in 0.00017s] {'v_min_1': 16, 'v_max_1': 16}
2025-12-23 15:06:08,379 INFO sqlalchemy.engine.Engine base.py:2716: COMMIT
2025-12-23 15:06:08,379 INFO sqlalchemy.engine.Engine base.py:2710: BEGIN (implicit)
2025-12-23 15:06:08,380 INFO sqlalchemy.engine.Engine base.py:1846: SELECT tables.md 
FROM tables 
WHERE tables.id = %(id_1)s::UUID AND coalesce((tables.md ->> %(md_1)s::TEXT), %(coalesce_1)s::VARCHAR) != %(coalesce_2)s::VARCHAR
2025-12-23 15:06:08,380 INFO sqlalchemy.engine.Engine base.py:1846: [cached since 7.679s ago] {'id_1': UUID('ab5ed723-f203-43ff-9b84-e08f5ca571ed'), 'md_1': 'pending_stmt', 'coalesce_1': '-1', 'coalesce_2': '2'}
2025-12-23 15:06:08,381 INFO sqlalchemy.engine.Engine base.py:1846: SELECT tables.md 
FROM tables 
WHERE tables.id = %(id_1)s::UUID AND coalesce((tables.md ->> %(md_1)s::TEXT), %(coalesce_1)s::VARCHAR) != %(coalesce_2)s::VARCHAR
2025-12-23 15:06:08,381 INFO sqlalchemy.engine.Engine base.py:1846: [cached since 7.68s ago] {'id_1': UUID('ab5ed723-f203-43ff-9b84-e08f5ca571ed'), 'md_1': 'pending_stmt', 'coalesce_1': '-1', 'coalesce_2': '2'}
2025-12-23 15:06:08,382 INFO sqlalchemy.engine.Engine base.py:2716: COMMIT
2025-12-23 15:06:08,383 INFO sqlalchemy.engine.Engine base.py:2710: BEGIN (implicit)
2025-12-23 15:06:08,383 INFO sqlalchemy.engine.Engine base.py:1846: SELECT tables.md 
FROM tables 
WHERE tables.id = %(id_1)s::UUID AND coalesce((tables.md ->> %(md_1)s::TEXT), %(coalesce_1)s::VARCHAR) != %(coalesce_2)s::VARCHAR
2025-12-23 15:06:08,383 INFO sqlalchemy.engine.Engine base.py:1846: [cached since 7.682s ago] {'id_1': UUID('ab5ed723-f203-43ff-9b84-e08f5ca571ed'), 'md_1': 'pending_stmt', 'coalesce_1': '-1', 'coalesce_2': '2'}
2025-12-23 15:06:08,384 INFO sqlalchemy.engine.Engine base.py:1846: SELECT tables.md 
FROM tables 
WHERE tables.id = %(id_1)s::UUID AND coalesce((tables.md ->> %(md_1)s::TEXT), %(coalesce_1)s::VARCHAR) != %(coalesce_2)s::VARCHAR
2025-12-23 15:06:08,384 INFO sqlalchemy.engine.Engine base.py:1846: [cached since 7.683s ago] {'id_1': UUID('ab5ed723-f203-43ff-9b84-e08f5ca571ed'), 'md_1': 'pending_stmt', 'coalesce_1': '-1', 'coalesce_2': '2'}
2025-12-23 15:06:08,386 INFO sqlalchemy.engine.Engine base.py:1846: EXPLAIN SELECT tbl_ab5ed723f20343ff9b84e08f5ca571ed.col_0, tbl_ab5ed723f20343ff9b84e08f5ca571ed.col_1, tbl_ab5ed723f20343ff9b84e08f5ca571ed.rowid, tbl_ab5ed723f20343ff9b84e08f5ca571ed.v_min 
FROM tbl_ab5ed723f20343ff9b84e08f5ca571ed 
WHERE tbl_ab5ed723f20343ff9b84e08f5ca571ed.v_min <= 15 AND tbl_ab5ed723f20343ff9b84e08f5ca571ed.v_max > 15
2025-12-23 15:06:08,387 INFO sqlalchemy.engine.Engine base.py:1846: [generated in 0.00019s] {}
2025-12-23 15:06:08,387 INFO sqlalchemy.engine.Engine base.py:1846: SELECT tbl_ab5ed723f20343ff9b84e08f5ca571ed.col_0, tbl_ab5ed723f20343ff9b84e08f5ca571ed.col_1, tbl_ab5ed723f20343ff9b84e08f5ca571ed.rowid, tbl_ab5ed723f20343ff9b84e08f5ca571ed.v_min 
FROM tbl_ab5ed723f20343ff9b84e08f5ca571ed 
WHERE tbl_ab5ed723f20343ff9b84e08f5ca571ed.v_min <= %(v_min_1)s::BIGINT AND tbl_ab5ed723f20343ff9b84e08f5ca571ed.v_max > %(v_max_1)s::BIGINT
2025-12-23 15:06:08,388 INFO sqlalchemy.engine.Engine base.py:1846: [generated in 0.00017s] {'v_min_1': 15, 'v_max_1': 15}
2025-12-23 15:06:08,393 INFO sqlalchemy.engine.Engine base.py:2716: COMMIT
2025-12-23 15:06:13,507 INFO sqlalchemy.engine.Engine base.py:2710: BEGIN (implicit)
2025-12-23 15:06:13,508 INFO sqlalchemy.engine.Engine base.py:1846: SELECT tables.md 
FROM tables 
WHERE tables.id = %(id_1)s::UUID AND coalesce((tables.md ->> %(md_1)s::TEXT), %(coalesce_1)s::VARCHAR) != %(coalesce_2)s::VARCHAR
2025-12-23 15:06:13,508 INFO sqlalchemy.engine.Engine base.py:1846: [cached since 12.81s ago] {'id_1': UUID('58414fc9-def7-46ef-b621-51d5e813b57d'), 'md_1': 'pending_stmt', 'coalesce_1': '-1', 'coalesce_2': '2'}
2025-12-23 15:06:13,510 INFO sqlalchemy.engine.Engine base.py:1846: SELECT tables.md 
FROM tables 
WHERE tables.id = %(id_1)s::UUID AND coalesce((tables.md ->> %(md_1)s::TEXT), %(coalesce_1)s::VARCHAR) != %(coalesce_2)s::VARCHAR
2025-12-23 15:06:13,510 INFO sqlalchemy.engine.Engine base.py:1846: [cached since 12.81s ago] {'id_1': UUID('58414fc9-def7-46ef-b621-51d5e813b57d'), 'md_1': 'pending_stmt', 'coalesce_1': '-1', 'coalesce_2': '2'}
2025-12-23 15:06:13,513 INFO sqlalchemy.engine.Engine base.py:1846: EXPLAIN SELECT tbl_58414fc9def746efb62151d5e813b57d.col_0, tbl_58414fc9def746efb62151d5e813b57d.col_1, tbl_58414fc9def746efb62151d5e813b57d.col_2, tbl_58414fc9def746efb62151d5e813b57d.col_3, tbl_58414fc9def746efb62151d5e813b57d.col_4, tbl_58414fc9def746efb62151d5e813b57d.col_5, tbl_58414fc9def746efb62151d5e813b57d.col_6, tbl_58414fc9def746efb62151d5e813b57d.col_7, tbl_58414fc9def746efb62151d5e813b57d.col_8, tbl_58414fc9def746efb62151d5e813b57d.col_9, tbl_58414fc9def746efb62151d5e813b57d.col_2_cellmd, tbl_58414fc9def746efb62151d5e813b57d.rowid, tbl_58414fc9def746efb62151d5e813b57d.v_min 
FROM tbl_58414fc9def746efb62151d5e813b57d 
WHERE tbl_58414fc9def746efb62151d5e813b57d.v_min <= 16 AND tbl_58414fc9def746efb62151d5e813b57d.v_max > 16
2025-12-23 15:06:13,514 INFO sqlalchemy.engine.Engine base.py:1846: [cached since 5.152s ago] {}
2025-12-23 15:06:13,514 INFO sqlalchemy.engine.Engine base.py:1846: SELECT tbl_58414fc9def746efb62151d5e813b57d.col_0, tbl_58414fc9def746efb62151d5e813b57d.col_1, tbl_58414fc9def746efb62151d5e813b57d.col_2, tbl_58414fc9def746efb62151d5e813b57d.col_3, tbl_58414fc9def746efb62151d5e813b57d.col_4, tbl_58414fc9def746efb62151d5e813b57d.col_5, tbl_58414fc9def746efb62151d5e813b57d.col_6, tbl_58414fc9def746efb62151d5e813b57d.col_7, tbl_58414fc9def746efb62151d5e813b57d.col_8, tbl_58414fc9def746efb62151d5e813b57d.col_9, tbl_58414fc9def746efb62151d5e813b57d.col_2_cellmd, tbl_58414fc9def746efb62151d5e813b57d.rowid, tbl_58414fc9def746efb62151d5e813b57d.v_min 
FROM tbl_58414fc9def746efb62151d5e813b57d 
WHERE tbl_58414fc9def746efb62151d5e813b57d.v_min <= %(v_min_1)s::BIGINT AND tbl_58414fc9def746efb62151d5e813b57d.v_max > %(v_max_1)s::BIGINT
2025-12-23 15:06:13,514 INFO sqlalchemy.engine.Engine base.py:1846: [cached since 5.151s ago] {'v_min_1': 16, 'v_max_1': 16}
2025-12-23 15:06:13,516 INFO sqlalchemy.engine.Engine base.py:2716: COMMIT
2025-12-23 15:09:40,421 INFO sqlalchemy.engine.Engine base.py:2710: BEGIN (implicit)
2025-12-23 15:09:40,422 INFO sqlalchemy.engine.Engine base.py:1846: SELECT tables.md 
FROM tables 
WHERE tables.id = %(id_1)s::UUID AND coalesce((tables.md ->> %(md_1)s::TEXT), %(coalesce_1)s::VARCHAR) != %(coalesce_2)s::VARCHAR
2025-12-23 15:09:40,423 INFO sqlalchemy.engine.Engine base.py:1846: [cached since 219.7s ago] {'id_1': UUID('58414fc9-def7-46ef-b621-51d5e813b57d'), 'md_1': 'pending_stmt', 'coalesce_1': '-1', 'coalesce_2': '2'}
2025-12-23 15:09:40,424 INFO sqlalchemy.engine.Engine base.py:1846: SELECT tables.md 
FROM tables 
WHERE tables.id = %(id_1)s::UUID AND coalesce((tables.md ->> %(md_1)s::TEXT), %(coalesce_1)s::VARCHAR) != %(coalesce_2)s::VARCHAR
2025-12-23 15:09:40,425 INFO sqlalchemy.engine.Engine base.py:1846: [cached since 219.7s ago] {'id_1': UUID('58414fc9-def7-46ef-b621-51d5e813b57d'), 'md_1': 'pending_stmt', 'coalesce_1': '-1', 'coalesce_2': '2'}
2025-12-23 15:09:40,430 INFO sqlalchemy.engine.Engine base.py:1846: EXPLAIN SELECT tbl_58414fc9def746efb62151d5e813b57d.col_0, tbl_58414fc9def746efb62151d5e813b57d.col_1, tbl_58414fc9def746efb62151d5e813b57d.col_2, tbl_58414fc9def746efb62151d5e813b57d.col_3, tbl_58414fc9def746efb62151d5e813b57d.col_4, tbl_58414fc9def746efb62151d5e813b57d.col_5, tbl_58414fc9def746efb62151d5e813b57d.col_6, tbl_58414fc9def746efb62151d5e813b57d.col_7, tbl_58414fc9def746efb62151d5e813b57d.col_8, tbl_58414fc9def746efb62151d5e813b57d.col_9, tbl_58414fc9def746efb62151d5e813b57d.col_2_cellmd, tbl_58414fc9def746efb62151d5e813b57d.rowid, tbl_58414fc9def746efb62151d5e813b57d.v_min 
FROM tbl_58414fc9def746efb62151d5e813b57d 
WHERE tbl_58414fc9def746efb62151d5e813b57d.v_min <= 16 AND tbl_58414fc9def746efb62151d5e813b57d.v_max > 16
2025-12-23 15:09:40,430 INFO sqlalchemy.engine.Engine base.py:1846: [cached since 212.1s ago] {}
2025-12-23 15:09:40,431 INFO sqlalchemy.engine.Engine base.py:1846: SELECT tbl_58414fc9def746efb62151d5e813b57d.col_0, tbl_58414fc9def746efb62151d5e813b57d.col_1, tbl_58414fc9def746efb62151d5e813b57d.col_2, tbl_58414fc9def746efb62151d5e813b57d.col_3, tbl_58414fc9def746efb62151d5e813b57d.col_4, tbl_58414fc9def746efb62151d5e813b57d.col_5, tbl_58414fc9def746efb62151d5e813b57d.col_6, tbl_58414fc9def746efb62151d5e813b57d.col_7, tbl_58414fc9def746efb62151d5e813b57d.col_8, tbl_58414fc9def746efb62151d5e813b57d.col_9, tbl_58414fc9def746efb62151d5e813b57d.col_2_cellmd, tbl_58414fc9def746efb62151d5e813b57d.rowid, tbl_58414fc9def746efb62151d5e813b57d.v_min 
FROM tbl_58414fc9def746efb62151d5e813b57d 
WHERE tbl_58414fc9def746efb62151d5e813b57d.v_min <= %(v_min_1)s::BIGINT AND tbl_58414fc9def746efb62151d5e813b57d.v_max > %(v_max_1)s::BIGINT
2025-12-23 15:09:40,431 INFO sqlalchemy.engine.Engine base.py:1846: [cached since 212.1s ago] {'v_min_1': 16, 'v_max_1': 16}
2025-12-23 15:09:40,433 INFO sqlalchemy.engine.Engine base.py:2716: COMMIT
