2025-12-24 10:46:05,795 INFO sqlalchemy.engine.Engine base.py:1846: select pg_catalog.version()
2025-12-24 10:46:05,795 INFO sqlalchemy.engine.Engine base.py:1846: [raw sql] {}
2025-12-24 10:46:05,796 INFO sqlalchemy.engine.Engine base.py:1846: select current_schema()
2025-12-24 10:46:05,796 INFO sqlalchemy.engine.Engine base.py:1846: [raw sql] {}
2025-12-24 10:46:05,797 INFO sqlalchemy.engine.Engine base.py:1846: show standard_conforming_strings
2025-12-24 10:46:05,797 INFO sqlalchemy.engine.Engine base.py:1846: [raw sql] {}
2025-12-24 10:46:05,798 INFO sqlalchemy.engine.Engine base.py:2710: BEGIN (implicit)
2025-12-24 10:46:05,799 INFO sqlalchemy.engine.Engine base.py:1846: SELECT COUNT(*) FROM pg_database WHERE datname = 'pixeltable'
2025-12-24 10:46:05,799 INFO sqlalchemy.engine.Engine base.py:1846: [generated in 0.00011s] {}
2025-12-24 10:46:05,799 INFO sqlalchemy.engine.Engine base.py:2716: COMMIT
2025-12-24 10:46:05,799 INFO pixeltable env.py:499: found database at: postgresql+psycopg://postgres:@/pixeltable?host=/home/javis-ai/Javis_AI_UAT/Javis_AI_DEMO/6804_DDQ/data_models/database/pixeltable/pgdata
2025-12-24 10:46:05,800 INFO pixeltable env.py:582: Created SQLAlchemy engine at: postgresql+psycopg://postgres:@/pixeltable?host=/home/javis-ai/Javis_AI_UAT/Javis_AI_DEMO/6804_DDQ/data_models/database/pixeltable/pgdata
2025-12-24 10:46:05,800 INFO pixeltable env.py:583: Engine dialect: postgresql
2025-12-24 10:46:05,800 INFO pixeltable env.py:584: Engine driver : psycopg
2025-12-24 10:46:05,803 INFO sqlalchemy.engine.Engine base.py:1846: select pg_catalog.version()
2025-12-24 10:46:05,803 INFO sqlalchemy.engine.Engine base.py:1846: [raw sql] {}
2025-12-24 10:46:05,803 INFO sqlalchemy.engine.Engine base.py:1846: select current_schema()
2025-12-24 10:46:05,803 INFO sqlalchemy.engine.Engine base.py:1846: [raw sql] {}
2025-12-24 10:46:05,804 INFO sqlalchemy.engine.Engine base.py:1846: show standard_conforming_strings
2025-12-24 10:46:05,804 INFO sqlalchemy.engine.Engine base.py:1846: [raw sql] {}
2025-12-24 10:46:05,805 INFO sqlalchemy.engine.Engine base.py:2710: BEGIN (implicit)
2025-12-24 10:46:05,805 INFO sqlalchemy.engine.Engine base.py:1846: SHOW TIME ZONE
2025-12-24 10:46:05,805 INFO sqlalchemy.engine.Engine base.py:1846: [generated in 0.00007s] {}
2025-12-24 10:46:05,805 INFO pixeltable env.py:589: Database time zone is now: Asia/Ho_Chi_Minh
2025-12-24 10:46:05,805 INFO sqlalchemy.engine.Engine base.py:2716: COMMIT
2025-12-24 10:46:05,805 INFO sqlalchemy.engine.Engine base.py:2710: BEGIN (implicit)
2025-12-24 10:46:05,809 INFO sqlalchemy.engine.Engine base.py:1846: SELECT pg_catalog.pg_class.relname 
FROM pg_catalog.pg_class JOIN pg_catalog.pg_namespace ON pg_catalog.pg_namespace.oid = pg_catalog.pg_class.relnamespace 
WHERE pg_catalog.pg_class.relname = %(table_name)s::VARCHAR AND pg_catalog.pg_class.relkind = ANY (ARRAY[%(param_1)s::VARCHAR, %(param_2)s::VARCHAR, %(param_3)s::VARCHAR, %(param_4)s::VARCHAR, %(param_5)s::VARCHAR]) AND pg_catalog.pg_table_is_visible(pg_catalog.pg_class.oid) AND pg_catalog.pg_namespace.nspname != %(nspname_1)s::VARCHAR
2025-12-24 10:46:05,809 INFO sqlalchemy.engine.Engine base.py:1846: [generated in 0.00016s] {'table_name': 'systeminfo', 'param_1': 'r', 'param_2': 'p', 'param_3': 'f', 'param_4': 'v', 'param_5': 'm', 'nspname_1': 'pg_catalog'}
2025-12-24 10:46:05,810 INFO sqlalchemy.engine.Engine base.py:1846: SELECT pg_catalog.pg_class.relname 
FROM pg_catalog.pg_class JOIN pg_catalog.pg_namespace ON pg_catalog.pg_namespace.oid = pg_catalog.pg_class.relnamespace 
WHERE pg_catalog.pg_class.relname = %(table_name)s::VARCHAR AND pg_catalog.pg_class.relkind = ANY (ARRAY[%(param_1)s::VARCHAR, %(param_2)s::VARCHAR, %(param_3)s::VARCHAR, %(param_4)s::VARCHAR, %(param_5)s::VARCHAR]) AND pg_catalog.pg_table_is_visible(pg_catalog.pg_class.oid) AND pg_catalog.pg_namespace.nspname != %(nspname_1)s::VARCHAR
2025-12-24 10:46:05,810 INFO sqlalchemy.engine.Engine base.py:1846: [cached since 0.001238s ago] {'table_name': 'dirs', 'param_1': 'r', 'param_2': 'p', 'param_3': 'f', 'param_4': 'v', 'param_5': 'm', 'nspname_1': 'pg_catalog'}
2025-12-24 10:46:05,810 INFO sqlalchemy.engine.Engine base.py:1846: SELECT pg_catalog.pg_class.relname 
FROM pg_catalog.pg_class JOIN pg_catalog.pg_namespace ON pg_catalog.pg_namespace.oid = pg_catalog.pg_class.relnamespace 
WHERE pg_catalog.pg_class.relname = %(table_name)s::VARCHAR AND pg_catalog.pg_class.relkind = ANY (ARRAY[%(param_1)s::VARCHAR, %(param_2)s::VARCHAR, %(param_3)s::VARCHAR, %(param_4)s::VARCHAR, %(param_5)s::VARCHAR]) AND pg_catalog.pg_table_is_visible(pg_catalog.pg_class.oid) AND pg_catalog.pg_namespace.nspname != %(nspname_1)s::VARCHAR
2025-12-24 10:46:05,810 INFO sqlalchemy.engine.Engine base.py:1846: [cached since 0.001634s ago] {'table_name': 'tables', 'param_1': 'r', 'param_2': 'p', 'param_3': 'f', 'param_4': 'v', 'param_5': 'm', 'nspname_1': 'pg_catalog'}
2025-12-24 10:46:05,811 INFO sqlalchemy.engine.Engine base.py:1846: SELECT pg_catalog.pg_class.relname 
FROM pg_catalog.pg_class JOIN pg_catalog.pg_namespace ON pg_catalog.pg_namespace.oid = pg_catalog.pg_class.relnamespace 
WHERE pg_catalog.pg_class.relname = %(table_name)s::VARCHAR AND pg_catalog.pg_class.relkind = ANY (ARRAY[%(param_1)s::VARCHAR, %(param_2)s::VARCHAR, %(param_3)s::VARCHAR, %(param_4)s::VARCHAR, %(param_5)s::VARCHAR]) AND pg_catalog.pg_table_is_visible(pg_catalog.pg_class.oid) AND pg_catalog.pg_namespace.nspname != %(nspname_1)s::VARCHAR
2025-12-24 10:46:05,811 INFO sqlalchemy.engine.Engine base.py:1846: [cached since 0.001973s ago] {'table_name': 'tableversions', 'param_1': 'r', 'param_2': 'p', 'param_3': 'f', 'param_4': 'v', 'param_5': 'm', 'nspname_1': 'pg_catalog'}
2025-12-24 10:46:05,811 INFO sqlalchemy.engine.Engine base.py:1846: SELECT pg_catalog.pg_class.relname 
FROM pg_catalog.pg_class JOIN pg_catalog.pg_namespace ON pg_catalog.pg_namespace.oid = pg_catalog.pg_class.relnamespace 
WHERE pg_catalog.pg_class.relname = %(table_name)s::VARCHAR AND pg_catalog.pg_class.relkind = ANY (ARRAY[%(param_1)s::VARCHAR, %(param_2)s::VARCHAR, %(param_3)s::VARCHAR, %(param_4)s::VARCHAR, %(param_5)s::VARCHAR]) AND pg_catalog.pg_table_is_visible(pg_catalog.pg_class.oid) AND pg_catalog.pg_namespace.nspname != %(nspname_1)s::VARCHAR
2025-12-24 10:46:05,811 INFO sqlalchemy.engine.Engine base.py:1846: [cached since 0.002271s ago] {'table_name': 'tableschemaversions', 'param_1': 'r', 'param_2': 'p', 'param_3': 'f', 'param_4': 'v', 'param_5': 'm', 'nspname_1': 'pg_catalog'}
2025-12-24 10:46:05,811 INFO sqlalchemy.engine.Engine base.py:1846: SELECT pg_catalog.pg_class.relname 
FROM pg_catalog.pg_class JOIN pg_catalog.pg_namespace ON pg_catalog.pg_namespace.oid = pg_catalog.pg_class.relnamespace 
WHERE pg_catalog.pg_class.relname = %(table_name)s::VARCHAR AND pg_catalog.pg_class.relkind = ANY (ARRAY[%(param_1)s::VARCHAR, %(param_2)s::VARCHAR, %(param_3)s::VARCHAR, %(param_4)s::VARCHAR, %(param_5)s::VARCHAR]) AND pg_catalog.pg_table_is_visible(pg_catalog.pg_class.oid) AND pg_catalog.pg_namespace.nspname != %(nspname_1)s::VARCHAR
2025-12-24 10:46:05,811 INFO sqlalchemy.engine.Engine base.py:1846: [cached since 0.002538s ago] {'table_name': 'pendingtableops', 'param_1': 'r', 'param_2': 'p', 'param_3': 'f', 'param_4': 'v', 'param_5': 'm', 'nspname_1': 'pg_catalog'}
2025-12-24 10:46:05,811 INFO sqlalchemy.engine.Engine base.py:1846: SELECT pg_catalog.pg_class.relname 
FROM pg_catalog.pg_class JOIN pg_catalog.pg_namespace ON pg_catalog.pg_namespace.oid = pg_catalog.pg_class.relnamespace 
WHERE pg_catalog.pg_class.relname = %(table_name)s::VARCHAR AND pg_catalog.pg_class.relkind = ANY (ARRAY[%(param_1)s::VARCHAR, %(param_2)s::VARCHAR, %(param_3)s::VARCHAR, %(param_4)s::VARCHAR, %(param_5)s::VARCHAR]) AND pg_catalog.pg_table_is_visible(pg_catalog.pg_class.oid) AND pg_catalog.pg_namespace.nspname != %(nspname_1)s::VARCHAR
2025-12-24 10:46:05,811 INFO sqlalchemy.engine.Engine base.py:1846: [cached since 0.002851s ago] {'table_name': 'functions', 'param_1': 'r', 'param_2': 'p', 'param_3': 'f', 'param_4': 'v', 'param_5': 'm', 'nspname_1': 'pg_catalog'}
2025-12-24 10:46:05,812 INFO sqlalchemy.engine.Engine base.py:2716: COMMIT
2025-12-24 10:46:05,814 INFO sqlalchemy.engine.Engine base.py:2710: BEGIN (implicit)
2025-12-24 10:46:05,817 INFO sqlalchemy.engine.Engine base.py:1846: SELECT count(*) AS count_1 
FROM (SELECT systeminfo.dummy AS systeminfo_dummy, systeminfo.md AS systeminfo_md 
FROM systeminfo) AS anon_1
2025-12-24 10:46:05,817 INFO sqlalchemy.engine.Engine base.py:1846: [generated in 0.00011s] {}
2025-12-24 10:46:05,817 INFO sqlalchemy.engine.Engine base.py:2713: ROLLBACK
2025-12-24 10:46:05,817 INFO pixeltable env.py:507: Connected to Pixeltable database at: postgresql+psycopg://postgres:@/pixeltable?host=/home/javis-ai/Javis_AI_UAT/Javis_AI_DEMO/6804_DDQ/data_models/database/pixeltable/pgdata
2025-12-24 10:46:05,820 INFO sqlalchemy.engine.Engine base.py:2710: BEGIN (implicit)
2025-12-24 10:46:05,820 INFO sqlalchemy.engine.Engine base.py:1846: SELECT systeminfo.dummy AS systeminfo_dummy, systeminfo.md AS systeminfo_md 
FROM systeminfo FOR UPDATE
2025-12-24 10:46:05,821 INFO sqlalchemy.engine.Engine base.py:1846: [generated in 0.00009s] {}
2025-12-24 10:46:05,821 INFO pixeltable __init__.py:62: Current database version: 44, installed version: 44
2025-12-24 10:46:05,821 INFO sqlalchemy.engine.Engine base.py:2713: ROLLBACK
2025-12-24 10:46:05,821 INFO sqlalchemy.engine.Engine base.py:2710: BEGIN (implicit)
2025-12-24 10:46:05,824 INFO sqlalchemy.engine.Engine base.py:1846: SELECT count(*) AS count_1 
FROM (SELECT dirs.id AS dirs_id, dirs.parent_id AS dirs_parent_id, dirs.md AS dirs_md, dirs.additional_md AS dirs_additional_md, dirs.lock_dummy AS dirs_lock_dummy 
FROM dirs 
WHERE (dirs.md ->> %(md_1)s::TEXT) IS NULL) AS anon_1
2025-12-24 10:46:05,824 INFO sqlalchemy.engine.Engine base.py:1846: [generated in 0.00016s] {'md_1': 'user'}
2025-12-24 10:46:05,825 INFO sqlalchemy.engine.Engine base.py:2716: COMMIT
2025-12-24 10:46:05,825 INFO pixeltable catalog.py:2361: Initialized catalog.
2025-12-24 10:46:05,825 INFO sqlalchemy.engine.Engine base.py:2710: BEGIN (implicit)
2025-12-24 10:46:05,826 INFO sqlalchemy.engine.Engine base.py:1846: SELECT dirs.id, dirs.parent_id, dirs.md, dirs.additional_md, dirs.lock_dummy 
FROM dirs 
WHERE dirs.parent_id IS NULL AND (dirs.md ->> %(md_1)s::TEXT) IS NULL
2025-12-24 10:46:05,826 INFO sqlalchemy.engine.Engine base.py:1846: [generated in 0.00010s] {'md_1': 'user'}
2025-12-24 10:46:05,827 INFO sqlalchemy.engine.Engine base.py:1846: SELECT dirs.id, dirs.parent_id, dirs.md, dirs.additional_md, dirs.lock_dummy 
FROM dirs 
WHERE dirs.parent_id = %(parent_id_1)s::UUID AND (dirs.md ->> %(md_1)s::TEXT) = %(param_1)s::VARCHAR AND (dirs.md ->> %(md_2)s::TEXT) IS NULL
2025-12-24 10:46:05,827 INFO sqlalchemy.engine.Engine base.py:1846: [generated in 0.00012s] {'parent_id_1': UUID('a28d586a-8b0d-422d-bb06-2cb6b6ee8695'), 'md_1': 'name', 'param_1': 'knowledge_base_6804', 'md_2': 'user'}
2025-12-24 10:46:05,828 INFO sqlalchemy.engine.Engine base.py:1846: SELECT dirs.id, dirs.parent_id, dirs.md, dirs.additional_md, dirs.lock_dummy 
FROM dirs 
WHERE dirs.parent_id = %(parent_id_1)s::UUID AND (dirs.md ->> %(md_1)s::TEXT) = %(param_1)s::VARCHAR AND (dirs.md ->> %(md_2)s::TEXT) IS NULL
2025-12-24 10:46:05,828 INFO sqlalchemy.engine.Engine base.py:1846: [cached since 0.001046s ago] {'parent_id_1': UUID('ec2ab1e6-9d7a-432b-82d7-0415120641c6'), 'md_1': 'name', 'param_1': 'documents_6804', 'md_2': 'user'}
2025-12-24 10:46:05,830 INFO sqlalchemy.engine.Engine base.py:1846: SELECT tables.id 
FROM tables 
WHERE (tables.md ->> %(md_1)s::TEXT) = %(param_1)s::VARCHAR AND tables.dir_id = %(dir_id_1)s::UUID AND coalesce((tables.md ->> %(md_2)s::TEXT), %(coalesce_1)s::VARCHAR) != %(coalesce_2)s::VARCHAR AND (tables.md ->> %(md_3)s::TEXT) IS NULL
2025-12-24 10:46:05,830 INFO sqlalchemy.engine.Engine base.py:1846: [generated in 0.00013s] {'md_1': 'name', 'param_1': 'documents_6804', 'dir_id_1': UUID('ec2ab1e6-9d7a-432b-82d7-0415120641c6'), 'md_2': 'pending_stmt', 'coalesce_1': '-1', 'coalesce_2': '2', 'md_3': 'user'}
2025-12-24 10:46:05,831 INFO pixeltable catalog.py:1809: Loading table 58414fc9-def7-46ef-b621-51d5e813b57d
2025-12-24 10:46:05,831 INFO sqlalchemy.engine.Engine base.py:1846: SELECT count(*) AS count_1 
FROM pendingtableops 
WHERE pendingtableops.tbl_id = %(tbl_id_1)s::UUID
2025-12-24 10:46:05,831 INFO sqlalchemy.engine.Engine base.py:1846: [generated in 0.00010s] {'tbl_id_1': UUID('58414fc9-def7-46ef-b621-51d5e813b57d')}
2025-12-24 10:46:05,833 INFO sqlalchemy.engine.Engine base.py:1846: SELECT tables.id, tables.dir_id, tables.md, tables.additional_md, tables.lock_dummy, tableschemaversions.tbl_id, tableschemaversions.schema_version, tableschemaversions.md AS md_1, tableschemaversions.additional_md AS additional_md_1 
FROM tables JOIN tableschemaversions ON tables.id = tableschemaversions.tbl_id 
WHERE tables.id = tableschemaversions.tbl_id AND CAST(tables.md[%(md_2)s::TEXT] AS INTEGER) = tableschemaversions.schema_version AND tables.id = %(id_1)s::UUID
2025-12-24 10:46:05,833 INFO sqlalchemy.engine.Engine base.py:1846: [generated in 0.00012s] {'md_2': 'current_schema_version', 'id_1': UUID('58414fc9-def7-46ef-b621-51d5e813b57d')}
2025-12-24 10:46:05,838 INFO sqlalchemy.engine.Engine base.py:1846: SELECT tables.id, tables.dir_id, tables.md, tables.additional_md, tables.lock_dummy, tableversions.tbl_id, tableversions.version, tableversions.md AS md_1, tableversions.additional_md AS additional_md_1, tableschemaversions.tbl_id AS tbl_id_1, tableschemaversions.schema_version, tableschemaversions.md AS md_2, tableschemaversions.additional_md AS additional_md_2 
FROM tables JOIN tableversions ON tables.id = tableversions.tbl_id JOIN tableschemaversions ON tables.id = tableschemaversions.tbl_id 
WHERE tables.id = %(id_1)s::UUID AND tableversions.tbl_id = %(tbl_id_2)s::UUID AND tableschemaversions.tbl_id = %(tbl_id_3)s::UUID AND CAST(tables.md[%(md_3)s::TEXT] AS INTEGER) = tableversions.version AND CAST(tables.md[%(md_4)s::TEXT] AS INTEGER) = tableschemaversions.schema_version
2025-12-24 10:46:05,838 INFO sqlalchemy.engine.Engine base.py:1846: [generated in 0.00013s] {'id_1': UUID('58414fc9-def7-46ef-b621-51d5e813b57d'), 'tbl_id_2': UUID('58414fc9-def7-46ef-b621-51d5e813b57d'), 'tbl_id_3': UUID('58414fc9-def7-46ef-b621-51d5e813b57d'), 'md_3': 'current_version', 'md_4': 'current_schema_version'}
2025-12-24 10:46:05,842 INFO sqlalchemy.engine.Engine base.py:1846: SELECT count(*) AS count_1 
FROM tables JOIN pendingtableops ON tables.id = pendingtableops.tbl_id 
WHERE pendingtableops.tbl_id = %(tbl_id_1)s::UUID AND tables.id = %(id_1)s::UUID
2025-12-24 10:46:05,842 INFO sqlalchemy.engine.Engine base.py:1846: [generated in 0.00012s] {'tbl_id_1': UUID('58414fc9-def7-46ef-b621-51d5e813b57d'), 'id_1': UUID('58414fc9-def7-46ef-b621-51d5e813b57d')}
2025-12-24 10:46:05,843 INFO sqlalchemy.engine.Engine base.py:1846: SELECT tables.id 
FROM tables 
WHERE ((tables.md[%(md_1)s::TEXT][%(param_1)s::TEXT][%(param_2)s::INT]) ->> %(param_3)s::INT) = %(param_4)s::VARCHAR AND ((tables.md[%(md_2)s::TEXT][%(param_5)s::TEXT][%(param_6)s::INT]) ->> %(param_7)s::INT) IS NULL
2025-12-24 10:46:05,843 INFO sqlalchemy.engine.Engine base.py:1846: [generated in 0.00013s] {'md_1': 'view_md', 'param_1': 'base_versions', 'param_2': 0, 'param_3': 0, 'param_4': '58414fc9def746efb62151d5e813b57d', 'md_2': 'view_md', 'param_5': 'base_versions', 'param_6': 0, 'param_7': 1}
2025-12-24 10:46:13,882 INFO sqlalchemy.engine.Engine base.py:1846: SELECT COUNT(*) FROM pg_catalog.pg_tables WHERE schemaname = 'public' AND tablename = 'tbl_58414fc9def746efb62151d5e813b57d'
2025-12-24 10:46:13,882 INFO sqlalchemy.engine.Engine base.py:1846: [generated in 0.00032s] {}
2025-12-24 10:46:13,885 INFO sqlalchemy.engine.Engine base.py:1846: SELECT column_name FROM information_schema.columns WHERE table_name = 'tbl_58414fc9def746efb62151d5e813b57d' ORDER BY ordinal_position
2025-12-24 10:46:13,885 INFO sqlalchemy.engine.Engine base.py:1846: [generated in 0.00008s] {}
2025-12-24 10:46:13,891 INFO sqlalchemy.engine.Engine base.py:2716: COMMIT
2025-12-24 10:46:13,892 INFO sqlalchemy.engine.Engine base.py:2710: BEGIN (implicit)
2025-12-24 10:46:13,892 INFO sqlalchemy.engine.Engine base.py:1846: SELECT dirs.id, dirs.parent_id, dirs.md, dirs.additional_md, dirs.lock_dummy 
FROM dirs 
WHERE dirs.parent_id IS NULL AND (dirs.md ->> %(md_1)s::TEXT) IS NULL
2025-12-24 10:46:13,892 INFO sqlalchemy.engine.Engine base.py:1846: [cached since 8.067s ago] {'md_1': 'user'}
2025-12-24 10:46:13,893 INFO sqlalchemy.engine.Engine base.py:1846: SELECT dirs.id, dirs.parent_id, dirs.md, dirs.additional_md, dirs.lock_dummy 
FROM dirs 
WHERE dirs.parent_id = %(parent_id_1)s::UUID AND (dirs.md ->> %(md_1)s::TEXT) = %(param_1)s::VARCHAR AND (dirs.md ->> %(md_2)s::TEXT) IS NULL
2025-12-24 10:46:13,893 INFO sqlalchemy.engine.Engine base.py:1846: [cached since 8.066s ago] {'parent_id_1': UUID('a28d586a-8b0d-422d-bb06-2cb6b6ee8695'), 'md_1': 'name', 'param_1': 'knowledge_base_6804', 'md_2': 'user'}
2025-12-24 10:46:13,894 INFO sqlalchemy.engine.Engine base.py:1846: SELECT dirs.id, dirs.parent_id, dirs.md, dirs.additional_md, dirs.lock_dummy 
FROM dirs 
WHERE dirs.parent_id = %(parent_id_1)s::UUID AND (dirs.md ->> %(md_1)s::TEXT) = %(param_1)s::VARCHAR AND (dirs.md ->> %(md_2)s::TEXT) IS NULL
2025-12-24 10:46:13,894 INFO sqlalchemy.engine.Engine base.py:1846: [cached since 8.067s ago] {'parent_id_1': UUID('ec2ab1e6-9d7a-432b-82d7-0415120641c6'), 'md_1': 'name', 'param_1': 'examples', 'md_2': 'user'}
2025-12-24 10:46:13,894 INFO sqlalchemy.engine.Engine base.py:1846: SELECT tables.id 
FROM tables 
WHERE (tables.md ->> %(md_1)s::TEXT) = %(param_1)s::VARCHAR AND tables.dir_id = %(dir_id_1)s::UUID AND coalesce((tables.md ->> %(md_2)s::TEXT), %(coalesce_1)s::VARCHAR) != %(coalesce_2)s::VARCHAR AND (tables.md ->> %(md_3)s::TEXT) IS NULL
2025-12-24 10:46:13,895 INFO sqlalchemy.engine.Engine base.py:1846: [cached since 8.065s ago] {'md_1': 'name', 'param_1': 'examples', 'dir_id_1': UUID('ec2ab1e6-9d7a-432b-82d7-0415120641c6'), 'md_2': 'pending_stmt', 'coalesce_1': '-1', 'coalesce_2': '2', 'md_3': 'user'}
2025-12-24 10:46:13,895 INFO pixeltable catalog.py:1809: Loading table ab5ed723-f203-43ff-9b84-e08f5ca571ed
2025-12-24 10:46:13,895 INFO sqlalchemy.engine.Engine base.py:1846: SELECT count(*) AS count_1 
FROM pendingtableops 
WHERE pendingtableops.tbl_id = %(tbl_id_1)s::UUID
2025-12-24 10:46:13,895 INFO sqlalchemy.engine.Engine base.py:1846: [cached since 8.064s ago] {'tbl_id_1': UUID('ab5ed723-f203-43ff-9b84-e08f5ca571ed')}
2025-12-24 10:46:13,896 INFO sqlalchemy.engine.Engine base.py:1846: SELECT tables.id, tables.dir_id, tables.md, tables.additional_md, tables.lock_dummy, tableschemaversions.tbl_id, tableschemaversions.schema_version, tableschemaversions.md AS md_1, tableschemaversions.additional_md AS additional_md_1 
FROM tables JOIN tableschemaversions ON tables.id = tableschemaversions.tbl_id 
WHERE tables.id = tableschemaversions.tbl_id AND CAST(tables.md[%(md_2)s::TEXT] AS INTEGER) = tableschemaversions.schema_version AND tables.id = %(id_1)s::UUID
2025-12-24 10:46:13,896 INFO sqlalchemy.engine.Engine base.py:1846: [cached since 8.063s ago] {'md_2': 'current_schema_version', 'id_1': UUID('ab5ed723-f203-43ff-9b84-e08f5ca571ed')}
2025-12-24 10:46:13,898 INFO sqlalchemy.engine.Engine base.py:1846: SELECT tables.id, tables.dir_id, tables.md, tables.additional_md, tables.lock_dummy, tableversions.tbl_id, tableversions.version, tableversions.md AS md_1, tableversions.additional_md AS additional_md_1, tableschemaversions.tbl_id AS tbl_id_1, tableschemaversions.schema_version, tableschemaversions.md AS md_2, tableschemaversions.additional_md AS additional_md_2 
FROM tables JOIN tableversions ON tables.id = tableversions.tbl_id JOIN tableschemaversions ON tables.id = tableschemaversions.tbl_id 
WHERE tables.id = %(id_1)s::UUID AND tableversions.tbl_id = %(tbl_id_2)s::UUID AND tableschemaversions.tbl_id = %(tbl_id_3)s::UUID AND CAST(tables.md[%(md_3)s::TEXT] AS INTEGER) = tableversions.version AND CAST(tables.md[%(md_4)s::TEXT] AS INTEGER) = tableschemaversions.schema_version
2025-12-24 10:46:13,898 INFO sqlalchemy.engine.Engine base.py:1846: [cached since 8.06s ago] {'id_1': UUID('ab5ed723-f203-43ff-9b84-e08f5ca571ed'), 'tbl_id_2': UUID('ab5ed723-f203-43ff-9b84-e08f5ca571ed'), 'tbl_id_3': UUID('ab5ed723-f203-43ff-9b84-e08f5ca571ed'), 'md_3': 'current_version', 'md_4': 'current_schema_version'}
2025-12-24 10:46:13,900 INFO sqlalchemy.engine.Engine base.py:1846: SELECT count(*) AS count_1 
FROM tables JOIN pendingtableops ON tables.id = pendingtableops.tbl_id 
WHERE pendingtableops.tbl_id = %(tbl_id_1)s::UUID AND tables.id = %(id_1)s::UUID
2025-12-24 10:46:13,900 INFO sqlalchemy.engine.Engine base.py:1846: [cached since 8.058s ago] {'tbl_id_1': UUID('ab5ed723-f203-43ff-9b84-e08f5ca571ed'), 'id_1': UUID('ab5ed723-f203-43ff-9b84-e08f5ca571ed')}
2025-12-24 10:46:13,901 INFO sqlalchemy.engine.Engine base.py:1846: SELECT tables.id 
FROM tables 
WHERE ((tables.md[%(md_1)s::TEXT][%(param_1)s::TEXT][%(param_2)s::INT]) ->> %(param_3)s::INT) = %(param_4)s::VARCHAR AND ((tables.md[%(md_2)s::TEXT][%(param_5)s::TEXT][%(param_6)s::INT]) ->> %(param_7)s::INT) IS NULL
2025-12-24 10:46:13,901 INFO sqlalchemy.engine.Engine base.py:1846: [cached since 8.057s ago] {'md_1': 'view_md', 'param_1': 'base_versions', 'param_2': 0, 'param_3': 0, 'param_4': 'ab5ed723f20343ff9b84e08f5ca571ed', 'md_2': 'view_md', 'param_5': 'base_versions', 'param_6': 0, 'param_7': 1}
2025-12-24 10:46:13,906 INFO sqlalchemy.engine.Engine base.py:1846: SELECT COUNT(*) FROM pg_catalog.pg_tables WHERE schemaname = 'public' AND tablename = 'tbl_ab5ed723f20343ff9b84e08f5ca571ed'
2025-12-24 10:46:13,906 INFO sqlalchemy.engine.Engine base.py:1846: [generated in 0.00011s] {}
2025-12-24 10:46:13,906 INFO sqlalchemy.engine.Engine base.py:1846: SELECT column_name FROM information_schema.columns WHERE table_name = 'tbl_ab5ed723f20343ff9b84e08f5ca571ed' ORDER BY ordinal_position
2025-12-24 10:46:13,906 INFO sqlalchemy.engine.Engine base.py:1846: [generated in 0.00007s] {}
2025-12-24 10:46:13,909 INFO sqlalchemy.engine.Engine base.py:2716: COMMIT
2025-12-24 10:46:13,910 INFO sqlalchemy.engine.Engine base.py:2710: BEGIN (implicit)
2025-12-24 10:46:13,910 INFO sqlalchemy.engine.Engine base.py:1846: SELECT tables.id, tables.dir_id, tables.md, tables.additional_md, tables.lock_dummy 
FROM tables 
WHERE tables.id = %(id_1)s::UUID
2025-12-24 10:46:13,910 INFO sqlalchemy.engine.Engine base.py:1846: [generated in 0.00009s] {'id_1': UUID('58414fc9-def7-46ef-b621-51d5e813b57d')}
2025-12-24 10:46:13,912 INFO sqlalchemy.engine.Engine base.py:1846: SELECT count(*) AS count_1 
FROM pendingtableops 
WHERE pendingtableops.tbl_id = %(tbl_id_1)s::UUID
2025-12-24 10:46:13,913 INFO sqlalchemy.engine.Engine base.py:1846: [cached since 8.081s ago] {'tbl_id_1': UUID('58414fc9-def7-46ef-b621-51d5e813b57d')}
2025-12-24 10:46:13,914 INFO sqlalchemy.engine.Engine base.py:1846: SELECT tables.md 
FROM tables 
WHERE tables.id = %(id_1)s::UUID AND coalesce((tables.md ->> %(md_1)s::TEXT), %(coalesce_1)s::VARCHAR) != %(coalesce_2)s::VARCHAR
2025-12-24 10:46:13,914 INFO sqlalchemy.engine.Engine base.py:1846: [generated in 0.00011s] {'id_1': UUID('58414fc9-def7-46ef-b621-51d5e813b57d'), 'md_1': 'pending_stmt', 'coalesce_1': '-1', 'coalesce_2': '2'}
2025-12-24 10:46:13,914 INFO sqlalchemy.engine.Engine base.py:1846: SELECT tables.md 
FROM tables 
WHERE tables.id = %(id_1)s::UUID AND coalesce((tables.md ->> %(md_1)s::TEXT), %(coalesce_1)s::VARCHAR) != %(coalesce_2)s::VARCHAR
2025-12-24 10:46:13,914 INFO sqlalchemy.engine.Engine base.py:1846: [cached since 0.0009042s ago] {'id_1': UUID('58414fc9-def7-46ef-b621-51d5e813b57d'), 'md_1': 'pending_stmt', 'coalesce_1': '-1', 'coalesce_2': '2'}
2025-12-24 10:46:13,915 INFO sqlalchemy.engine.Engine base.py:2716: COMMIT
2025-12-24 10:46:13,916 INFO sqlalchemy.engine.Engine base.py:2710: BEGIN (implicit)
2025-12-24 10:46:13,916 INFO sqlalchemy.engine.Engine base.py:1846: SELECT tables.md 
FROM tables 
WHERE tables.id = %(id_1)s::UUID AND coalesce((tables.md ->> %(md_1)s::TEXT), %(coalesce_1)s::VARCHAR) != %(coalesce_2)s::VARCHAR
2025-12-24 10:46:13,916 INFO sqlalchemy.engine.Engine base.py:1846: [cached since 0.002424s ago] {'id_1': UUID('58414fc9-def7-46ef-b621-51d5e813b57d'), 'md_1': 'pending_stmt', 'coalesce_1': '-1', 'coalesce_2': '2'}
2025-12-24 10:46:13,917 INFO sqlalchemy.engine.Engine base.py:1846: SELECT tables.md 
FROM tables 
WHERE tables.id = %(id_1)s::UUID AND coalesce((tables.md ->> %(md_1)s::TEXT), %(coalesce_1)s::VARCHAR) != %(coalesce_2)s::VARCHAR
2025-12-24 10:46:13,917 INFO sqlalchemy.engine.Engine base.py:1846: [cached since 0.003217s ago] {'id_1': UUID('58414fc9-def7-46ef-b621-51d5e813b57d'), 'md_1': 'pending_stmt', 'coalesce_1': '-1', 'coalesce_2': '2'}
2025-12-24 10:46:13,920 INFO sqlalchemy.engine.Engine base.py:1846: WITH anon_1 AS 
(SELECT tbl_58414fc9def746efb62151d5e813b57d.col_0 AS col_0, tbl_58414fc9def746efb62151d5e813b57d.col_1 AS col_1, tbl_58414fc9def746efb62151d5e813b57d.col_2 AS col_2, tbl_58414fc9def746efb62151d5e813b57d.col_3 AS col_3, tbl_58414fc9def746efb62151d5e813b57d.col_4 AS col_4, tbl_58414fc9def746efb62151d5e813b57d.col_5 AS col_5, tbl_58414fc9def746efb62151d5e813b57d.col_6 AS col_6, tbl_58414fc9def746efb62151d5e813b57d.col_7 AS col_7, tbl_58414fc9def746efb62151d5e813b57d.col_8 AS col_8, tbl_58414fc9def746efb62151d5e813b57d.col_9 AS col_9, tbl_58414fc9def746efb62151d5e813b57d.col_2_cellmd AS col_2_cellmd, tbl_58414fc9def746efb62151d5e813b57d.rowid AS rowid, tbl_58414fc9def746efb62151d5e813b57d.v_min AS v_min 
FROM tbl_58414fc9def746efb62151d5e813b57d 
WHERE tbl_58414fc9def746efb62151d5e813b57d.v_min <= %(v_min_1)s::BIGINT AND tbl_58414fc9def746efb62151d5e813b57d.v_max > %(v_max_1)s::BIGINT)
 SELECT count(*) AS all_count 
FROM anon_1
2025-12-24 10:46:13,920 INFO sqlalchemy.engine.Engine base.py:1846: [generated in 0.00013s] {'v_min_1': 16, 'v_max_1': 16}
2025-12-24 10:46:13,921 INFO sqlalchemy.engine.Engine base.py:2716: COMMIT
2025-12-24 10:46:13,922 INFO sqlalchemy.engine.Engine base.py:2710: BEGIN (implicit)
2025-12-24 10:46:13,922 INFO sqlalchemy.engine.Engine base.py:1846: SELECT tables.id, tables.dir_id, tables.md, tables.additional_md, tables.lock_dummy 
FROM tables 
WHERE tables.id = %(id_1)s::UUID
2025-12-24 10:46:13,922 INFO sqlalchemy.engine.Engine base.py:1846: [cached since 0.01172s ago] {'id_1': UUID('ab5ed723-f203-43ff-9b84-e08f5ca571ed')}
2025-12-24 10:46:13,923 INFO sqlalchemy.engine.Engine base.py:1846: SELECT count(*) AS count_1 
FROM pendingtableops 
WHERE pendingtableops.tbl_id = %(tbl_id_1)s::UUID
2025-12-24 10:46:13,923 INFO sqlalchemy.engine.Engine base.py:1846: [cached since 8.092s ago] {'tbl_id_1': UUID('ab5ed723-f203-43ff-9b84-e08f5ca571ed')}
2025-12-24 10:46:13,924 INFO sqlalchemy.engine.Engine base.py:1846: SELECT tables.md 
FROM tables 
WHERE tables.id = %(id_1)s::UUID AND coalesce((tables.md ->> %(md_1)s::TEXT), %(coalesce_1)s::VARCHAR) != %(coalesce_2)s::VARCHAR
2025-12-24 10:46:13,924 INFO sqlalchemy.engine.Engine base.py:1846: [cached since 0.01036s ago] {'id_1': UUID('ab5ed723-f203-43ff-9b84-e08f5ca571ed'), 'md_1': 'pending_stmt', 'coalesce_1': '-1', 'coalesce_2': '2'}
2025-12-24 10:46:13,924 INFO sqlalchemy.engine.Engine base.py:1846: SELECT tables.md 
FROM tables 
WHERE tables.id = %(id_1)s::UUID AND coalesce((tables.md ->> %(md_1)s::TEXT), %(coalesce_1)s::VARCHAR) != %(coalesce_2)s::VARCHAR
2025-12-24 10:46:13,925 INFO sqlalchemy.engine.Engine base.py:1846: [cached since 0.01099s ago] {'id_1': UUID('ab5ed723-f203-43ff-9b84-e08f5ca571ed'), 'md_1': 'pending_stmt', 'coalesce_1': '-1', 'coalesce_2': '2'}
2025-12-24 10:46:13,925 INFO sqlalchemy.engine.Engine base.py:2716: COMMIT
2025-12-24 10:46:13,925 INFO sqlalchemy.engine.Engine base.py:2710: BEGIN (implicit)
2025-12-24 10:46:13,926 INFO sqlalchemy.engine.Engine base.py:1846: SELECT tables.md 
FROM tables 
WHERE tables.id = %(id_1)s::UUID AND coalesce((tables.md ->> %(md_1)s::TEXT), %(coalesce_1)s::VARCHAR) != %(coalesce_2)s::VARCHAR
2025-12-24 10:46:13,926 INFO sqlalchemy.engine.Engine base.py:1846: [cached since 0.01231s ago] {'id_1': UUID('ab5ed723-f203-43ff-9b84-e08f5ca571ed'), 'md_1': 'pending_stmt', 'coalesce_1': '-1', 'coalesce_2': '2'}
2025-12-24 10:46:13,926 INFO sqlalchemy.engine.Engine base.py:1846: SELECT tables.md 
FROM tables 
WHERE tables.id = %(id_1)s::UUID AND coalesce((tables.md ->> %(md_1)s::TEXT), %(coalesce_1)s::VARCHAR) != %(coalesce_2)s::VARCHAR
2025-12-24 10:46:13,926 INFO sqlalchemy.engine.Engine base.py:1846: [cached since 0.01297s ago] {'id_1': UUID('ab5ed723-f203-43ff-9b84-e08f5ca571ed'), 'md_1': 'pending_stmt', 'coalesce_1': '-1', 'coalesce_2': '2'}
2025-12-24 10:46:13,928 INFO sqlalchemy.engine.Engine base.py:1846: WITH anon_1 AS 
(SELECT tbl_ab5ed723f20343ff9b84e08f5ca571ed.col_0 AS col_0, tbl_ab5ed723f20343ff9b84e08f5ca571ed.col_1 AS col_1, tbl_ab5ed723f20343ff9b84e08f5ca571ed.col_2 AS col_2, tbl_ab5ed723f20343ff9b84e08f5ca571ed.rowid AS rowid, tbl_ab5ed723f20343ff9b84e08f5ca571ed.v_min AS v_min 
FROM tbl_ab5ed723f20343ff9b84e08f5ca571ed 
WHERE tbl_ab5ed723f20343ff9b84e08f5ca571ed.v_min <= %(v_min_1)s::BIGINT AND tbl_ab5ed723f20343ff9b84e08f5ca571ed.v_max > %(v_max_1)s::BIGINT)
 SELECT count(*) AS all_count 
FROM anon_1
2025-12-24 10:46:13,929 INFO sqlalchemy.engine.Engine base.py:1846: [generated in 0.00012s] {'v_min_1': 15, 'v_max_1': 15}
2025-12-24 10:46:13,929 INFO sqlalchemy.engine.Engine base.py:2716: COMMIT
2025-12-24 10:46:19,414 INFO sqlalchemy.engine.Engine base.py:2710: BEGIN (implicit)
2025-12-24 10:46:19,415 INFO sqlalchemy.engine.Engine base.py:1846: SELECT tables.md 
FROM tables 
WHERE tables.id = %(id_1)s::UUID AND coalesce((tables.md ->> %(md_1)s::TEXT), %(coalesce_1)s::VARCHAR) != %(coalesce_2)s::VARCHAR
2025-12-24 10:46:19,415 INFO sqlalchemy.engine.Engine base.py:1846: [cached since 5.501s ago] {'id_1': UUID('ab5ed723-f203-43ff-9b84-e08f5ca571ed'), 'md_1': 'pending_stmt', 'coalesce_1': '-1', 'coalesce_2': '2'}
2025-12-24 10:46:19,417 INFO sqlalchemy.engine.Engine base.py:1846: SELECT tables.md 
FROM tables 
WHERE tables.id = %(id_1)s::UUID AND coalesce((tables.md ->> %(md_1)s::TEXT), %(coalesce_1)s::VARCHAR) != %(coalesce_2)s::VARCHAR
2025-12-24 10:46:19,417 INFO sqlalchemy.engine.Engine base.py:1846: [cached since 5.503s ago] {'id_1': UUID('ab5ed723-f203-43ff-9b84-e08f5ca571ed'), 'md_1': 'pending_stmt', 'coalesce_1': '-1', 'coalesce_2': '2'}
2025-12-24 10:46:19,418 INFO sqlalchemy.engine.Engine base.py:2716: COMMIT
2025-12-24 10:46:19,418 INFO sqlalchemy.engine.Engine base.py:2710: BEGIN (implicit)
2025-12-24 10:46:19,419 INFO sqlalchemy.engine.Engine base.py:1846: SELECT tables.md 
FROM tables 
WHERE tables.id = %(id_1)s::UUID AND coalesce((tables.md ->> %(md_1)s::TEXT), %(coalesce_1)s::VARCHAR) != %(coalesce_2)s::VARCHAR
2025-12-24 10:46:19,419 INFO sqlalchemy.engine.Engine base.py:1846: [cached since 5.505s ago] {'id_1': UUID('ab5ed723-f203-43ff-9b84-e08f5ca571ed'), 'md_1': 'pending_stmt', 'coalesce_1': '-1', 'coalesce_2': '2'}
2025-12-24 10:46:19,419 INFO sqlalchemy.engine.Engine base.py:1846: SELECT tables.md 
FROM tables 
WHERE tables.id = %(id_1)s::UUID AND coalesce((tables.md ->> %(md_1)s::TEXT), %(coalesce_1)s::VARCHAR) != %(coalesce_2)s::VARCHAR
2025-12-24 10:46:19,419 INFO sqlalchemy.engine.Engine base.py:1846: [cached since 5.506s ago] {'id_1': UUID('ab5ed723-f203-43ff-9b84-e08f5ca571ed'), 'md_1': 'pending_stmt', 'coalesce_1': '-1', 'coalesce_2': '2'}
2025-12-24 10:46:19,422 INFO sqlalchemy.engine.Engine base.py:1846: EXPLAIN SELECT tbl_ab5ed723f20343ff9b84e08f5ca571ed.col_0, tbl_ab5ed723f20343ff9b84e08f5ca571ed.col_1, tbl_ab5ed723f20343ff9b84e08f5ca571ed.col_2, tbl_ab5ed723f20343ff9b84e08f5ca571ed.rowid, tbl_ab5ed723f20343ff9b84e08f5ca571ed.v_min 
FROM tbl_ab5ed723f20343ff9b84e08f5ca571ed 
WHERE tbl_ab5ed723f20343ff9b84e08f5ca571ed.v_min <= 15 AND tbl_ab5ed723f20343ff9b84e08f5ca571ed.v_max > 15
2025-12-24 10:46:19,422 INFO sqlalchemy.engine.Engine base.py:1846: [generated in 0.00010s] {}
2025-12-24 10:46:19,423 INFO sqlalchemy.engine.Engine base.py:1846: SELECT tbl_ab5ed723f20343ff9b84e08f5ca571ed.col_0, tbl_ab5ed723f20343ff9b84e08f5ca571ed.col_1, tbl_ab5ed723f20343ff9b84e08f5ca571ed.col_2, tbl_ab5ed723f20343ff9b84e08f5ca571ed.rowid, tbl_ab5ed723f20343ff9b84e08f5ca571ed.v_min 
FROM tbl_ab5ed723f20343ff9b84e08f5ca571ed 
WHERE tbl_ab5ed723f20343ff9b84e08f5ca571ed.v_min <= %(v_min_1)s::BIGINT AND tbl_ab5ed723f20343ff9b84e08f5ca571ed.v_max > %(v_max_1)s::BIGINT
2025-12-24 10:46:19,423 INFO sqlalchemy.engine.Engine base.py:1846: [generated in 0.00009s] {'v_min_1': 15, 'v_max_1': 15}
2025-12-24 10:46:19,427 INFO sqlalchemy.engine.Engine base.py:2716: COMMIT
2025-12-24 10:46:19,921 INFO sqlalchemy.engine.Engine base.py:2710: BEGIN (implicit)
2025-12-24 10:46:19,922 INFO sqlalchemy.engine.Engine base.py:1846: SELECT tables.md 
FROM tables 
WHERE tables.id = %(id_1)s::UUID AND coalesce((tables.md ->> %(md_1)s::TEXT), %(coalesce_1)s::VARCHAR) != %(coalesce_2)s::VARCHAR
2025-12-24 10:46:19,922 INFO sqlalchemy.engine.Engine base.py:1846: [cached since 6.008s ago] {'id_1': UUID('58414fc9-def7-46ef-b621-51d5e813b57d'), 'md_1': 'pending_stmt', 'coalesce_1': '-1', 'coalesce_2': '2'}
2025-12-24 10:46:19,923 INFO sqlalchemy.engine.Engine base.py:1846: SELECT tables.md 
FROM tables 
WHERE tables.id = %(id_1)s::UUID AND coalesce((tables.md ->> %(md_1)s::TEXT), %(coalesce_1)s::VARCHAR) != %(coalesce_2)s::VARCHAR
2025-12-24 10:46:19,923 INFO sqlalchemy.engine.Engine base.py:1846: [cached since 6.01s ago] {'id_1': UUID('58414fc9-def7-46ef-b621-51d5e813b57d'), 'md_1': 'pending_stmt', 'coalesce_1': '-1', 'coalesce_2': '2'}
2025-12-24 10:46:19,925 INFO sqlalchemy.engine.Engine base.py:2716: COMMIT
2025-12-24 10:46:19,925 INFO sqlalchemy.engine.Engine base.py:2710: BEGIN (implicit)
2025-12-24 10:46:19,926 INFO sqlalchemy.engine.Engine base.py:1846: SELECT tables.md 
FROM tables 
WHERE tables.id = %(id_1)s::UUID AND coalesce((tables.md ->> %(md_1)s::TEXT), %(coalesce_1)s::VARCHAR) != %(coalesce_2)s::VARCHAR
2025-12-24 10:46:19,926 INFO sqlalchemy.engine.Engine base.py:1846: [cached since 6.012s ago] {'id_1': UUID('58414fc9-def7-46ef-b621-51d5e813b57d'), 'md_1': 'pending_stmt', 'coalesce_1': '-1', 'coalesce_2': '2'}
2025-12-24 10:46:19,926 INFO sqlalchemy.engine.Engine base.py:1846: SELECT tables.md 
FROM tables 
WHERE tables.id = %(id_1)s::UUID AND coalesce((tables.md ->> %(md_1)s::TEXT), %(coalesce_1)s::VARCHAR) != %(coalesce_2)s::VARCHAR
2025-12-24 10:46:19,926 INFO sqlalchemy.engine.Engine base.py:1846: [cached since 6.013s ago] {'id_1': UUID('58414fc9-def7-46ef-b621-51d5e813b57d'), 'md_1': 'pending_stmt', 'coalesce_1': '-1', 'coalesce_2': '2'}
2025-12-24 10:46:19,929 INFO sqlalchemy.engine.Engine base.py:1846: EXPLAIN SELECT tbl_58414fc9def746efb62151d5e813b57d.col_0, tbl_58414fc9def746efb62151d5e813b57d.col_1, tbl_58414fc9def746efb62151d5e813b57d.col_3, tbl_58414fc9def746efb62151d5e813b57d.col_4, tbl_58414fc9def746efb62151d5e813b57d.col_5, tbl_58414fc9def746efb62151d5e813b57d.col_2, tbl_58414fc9def746efb62151d5e813b57d.col_6, tbl_58414fc9def746efb62151d5e813b57d.col_2_cellmd, tbl_58414fc9def746efb62151d5e813b57d.rowid, tbl_58414fc9def746efb62151d5e813b57d.v_min 
FROM tbl_58414fc9def746efb62151d5e813b57d 
WHERE tbl_58414fc9def746efb62151d5e813b57d.v_min <= 16 AND tbl_58414fc9def746efb62151d5e813b57d.v_max > 16
2025-12-24 10:46:19,929 INFO sqlalchemy.engine.Engine base.py:1846: [generated in 0.00010s] {}
2025-12-24 10:46:19,930 INFO sqlalchemy.engine.Engine base.py:1846: SELECT tbl_58414fc9def746efb62151d5e813b57d.col_0, tbl_58414fc9def746efb62151d5e813b57d.col_1, tbl_58414fc9def746efb62151d5e813b57d.col_3, tbl_58414fc9def746efb62151d5e813b57d.col_4, tbl_58414fc9def746efb62151d5e813b57d.col_5, tbl_58414fc9def746efb62151d5e813b57d.col_2, tbl_58414fc9def746efb62151d5e813b57d.col_6, tbl_58414fc9def746efb62151d5e813b57d.col_2_cellmd, tbl_58414fc9def746efb62151d5e813b57d.rowid, tbl_58414fc9def746efb62151d5e813b57d.v_min 
FROM tbl_58414fc9def746efb62151d5e813b57d 
WHERE tbl_58414fc9def746efb62151d5e813b57d.v_min <= %(v_min_1)s::BIGINT AND tbl_58414fc9def746efb62151d5e813b57d.v_max > %(v_max_1)s::BIGINT
2025-12-24 10:46:19,930 INFO sqlalchemy.engine.Engine base.py:1846: [generated in 0.00008s] {'v_min_1': 16, 'v_max_1': 16}
2025-12-24 10:46:19,931 INFO sqlalchemy.engine.Engine base.py:2716: COMMIT
2025-12-24 10:46:20,138 INFO sqlalchemy.engine.Engine base.py:2710: BEGIN (implicit)
2025-12-24 10:46:20,139 INFO sqlalchemy.engine.Engine base.py:1846: SELECT tables.md 
FROM tables 
WHERE tables.id = %(id_1)s::UUID AND coalesce((tables.md ->> %(md_1)s::TEXT), %(coalesce_1)s::VARCHAR) != %(coalesce_2)s::VARCHAR
2025-12-24 10:46:20,139 INFO sqlalchemy.engine.Engine base.py:1846: [cached since 6.225s ago] {'id_1': UUID('58414fc9-def7-46ef-b621-51d5e813b57d'), 'md_1': 'pending_stmt', 'coalesce_1': '-1', 'coalesce_2': '2'}
2025-12-24 10:46:20,140 INFO sqlalchemy.engine.Engine base.py:1846: SELECT tables.md 
FROM tables 
WHERE tables.id = %(id_1)s::UUID AND coalesce((tables.md ->> %(md_1)s::TEXT), %(coalesce_1)s::VARCHAR) != %(coalesce_2)s::VARCHAR
2025-12-24 10:46:20,140 INFO sqlalchemy.engine.Engine base.py:1846: [cached since 6.226s ago] {'id_1': UUID('58414fc9-def7-46ef-b621-51d5e813b57d'), 'md_1': 'pending_stmt', 'coalesce_1': '-1', 'coalesce_2': '2'}
2025-12-24 10:46:20,143 INFO sqlalchemy.engine.Engine base.py:1846: EXPLAIN SELECT tbl_58414fc9def746efb62151d5e813b57d.col_0, tbl_58414fc9def746efb62151d5e813b57d.col_1, tbl_58414fc9def746efb62151d5e813b57d.col_2, tbl_58414fc9def746efb62151d5e813b57d.col_3, tbl_58414fc9def746efb62151d5e813b57d.col_4, tbl_58414fc9def746efb62151d5e813b57d.col_5, tbl_58414fc9def746efb62151d5e813b57d.col_6, tbl_58414fc9def746efb62151d5e813b57d.col_7, tbl_58414fc9def746efb62151d5e813b57d.col_8, tbl_58414fc9def746efb62151d5e813b57d.col_9, tbl_58414fc9def746efb62151d5e813b57d.col_2_cellmd, tbl_58414fc9def746efb62151d5e813b57d.rowid, tbl_58414fc9def746efb62151d5e813b57d.v_min 
FROM tbl_58414fc9def746efb62151d5e813b57d 
WHERE tbl_58414fc9def746efb62151d5e813b57d.v_min <= 16 AND tbl_58414fc9def746efb62151d5e813b57d.v_max > 16
2025-12-24 10:46:20,143 INFO sqlalchemy.engine.Engine base.py:1846: [generated in 0.00010s] {}
2025-12-24 10:46:20,144 INFO sqlalchemy.engine.Engine base.py:1846: SELECT tbl_58414fc9def746efb62151d5e813b57d.col_0, tbl_58414fc9def746efb62151d5e813b57d.col_1, tbl_58414fc9def746efb62151d5e813b57d.col_2, tbl_58414fc9def746efb62151d5e813b57d.col_3, tbl_58414fc9def746efb62151d5e813b57d.col_4, tbl_58414fc9def746efb62151d5e813b57d.col_5, tbl_58414fc9def746efb62151d5e813b57d.col_6, tbl_58414fc9def746efb62151d5e813b57d.col_7, tbl_58414fc9def746efb62151d5e813b57d.col_8, tbl_58414fc9def746efb62151d5e813b57d.col_9, tbl_58414fc9def746efb62151d5e813b57d.col_2_cellmd, tbl_58414fc9def746efb62151d5e813b57d.rowid, tbl_58414fc9def746efb62151d5e813b57d.v_min 
FROM tbl_58414fc9def746efb62151d5e813b57d 
WHERE tbl_58414fc9def746efb62151d5e813b57d.v_min <= %(v_min_1)s::BIGINT AND tbl_58414fc9def746efb62151d5e813b57d.v_max > %(v_max_1)s::BIGINT
2025-12-24 10:46:20,144 INFO sqlalchemy.engine.Engine base.py:1846: [generated in 0.00009s] {'v_min_1': 16, 'v_max_1': 16}
2025-12-24 10:46:20,145 INFO sqlalchemy.engine.Engine base.py:2716: COMMIT
2025-12-24 10:46:20,146 INFO sqlalchemy.engine.Engine base.py:2710: BEGIN (implicit)
2025-12-24 10:46:20,147 INFO sqlalchemy.engine.Engine base.py:1846: SELECT tables.md 
FROM tables 
WHERE tables.id = %(id_1)s::UUID AND coalesce((tables.md ->> %(md_1)s::TEXT), %(coalesce_1)s::VARCHAR) != %(coalesce_2)s::VARCHAR
2025-12-24 10:46:20,147 INFO sqlalchemy.engine.Engine base.py:1846: [cached since 6.233s ago] {'id_1': UUID('58414fc9-def7-46ef-b621-51d5e813b57d'), 'md_1': 'pending_stmt', 'coalesce_1': '-1', 'coalesce_2': '2'}
2025-12-24 10:46:20,148 INFO sqlalchemy.engine.Engine base.py:1846: SELECT tables.md 
FROM tables 
WHERE tables.id = %(id_1)s::UUID AND coalesce((tables.md ->> %(md_1)s::TEXT), %(coalesce_1)s::VARCHAR) != %(coalesce_2)s::VARCHAR
2025-12-24 10:46:20,148 INFO sqlalchemy.engine.Engine base.py:1846: [cached since 6.234s ago] {'id_1': UUID('58414fc9-def7-46ef-b621-51d5e813b57d'), 'md_1': 'pending_stmt', 'coalesce_1': '-1', 'coalesce_2': '2'}
2025-12-24 10:46:20,149 INFO sqlalchemy.engine.Engine base.py:2716: COMMIT
2025-12-24 10:46:20,149 INFO sqlalchemy.engine.Engine base.py:2710: BEGIN (implicit)
2025-12-24 10:46:20,150 INFO sqlalchemy.engine.Engine base.py:1846: SELECT tables.md 
FROM tables 
WHERE tables.id = %(id_1)s::UUID AND coalesce((tables.md ->> %(md_1)s::TEXT), %(coalesce_1)s::VARCHAR) != %(coalesce_2)s::VARCHAR
2025-12-24 10:46:20,150 INFO sqlalchemy.engine.Engine base.py:1846: [cached since 6.236s ago] {'id_1': UUID('58414fc9-def7-46ef-b621-51d5e813b57d'), 'md_1': 'pending_stmt', 'coalesce_1': '-1', 'coalesce_2': '2'}
2025-12-24 10:46:20,150 INFO sqlalchemy.engine.Engine base.py:1846: SELECT tables.md 
FROM tables 
WHERE tables.id = %(id_1)s::UUID AND coalesce((tables.md ->> %(md_1)s::TEXT), %(coalesce_1)s::VARCHAR) != %(coalesce_2)s::VARCHAR
2025-12-24 10:46:20,151 INFO sqlalchemy.engine.Engine base.py:1846: [cached since 6.237s ago] {'id_1': UUID('58414fc9-def7-46ef-b621-51d5e813b57d'), 'md_1': 'pending_stmt', 'coalesce_1': '-1', 'coalesce_2': '2'}
2025-12-24 10:46:20,153 INFO sqlalchemy.engine.Engine base.py:1846: EXPLAIN SELECT tbl_58414fc9def746efb62151d5e813b57d.col_0, tbl_58414fc9def746efb62151d5e813b57d.col_1, tbl_58414fc9def746efb62151d5e813b57d.col_3, tbl_58414fc9def746efb62151d5e813b57d.col_5, tbl_58414fc9def746efb62151d5e813b57d.rowid, tbl_58414fc9def746efb62151d5e813b57d.v_min 
FROM tbl_58414fc9def746efb62151d5e813b57d 
WHERE tbl_58414fc9def746efb62151d5e813b57d.v_min <= 16 AND tbl_58414fc9def746efb62151d5e813b57d.v_max > 16
2025-12-24 10:46:20,153 INFO sqlalchemy.engine.Engine base.py:1846: [generated in 0.00009s] {}
2025-12-24 10:46:20,153 INFO sqlalchemy.engine.Engine base.py:1846: SELECT tbl_58414fc9def746efb62151d5e813b57d.col_0, tbl_58414fc9def746efb62151d5e813b57d.col_1, tbl_58414fc9def746efb62151d5e813b57d.col_3, tbl_58414fc9def746efb62151d5e813b57d.col_5, tbl_58414fc9def746efb62151d5e813b57d.rowid, tbl_58414fc9def746efb62151d5e813b57d.v_min 
FROM tbl_58414fc9def746efb62151d5e813b57d 
WHERE tbl_58414fc9def746efb62151d5e813b57d.v_min <= %(v_min_1)s::BIGINT AND tbl_58414fc9def746efb62151d5e813b57d.v_max > %(v_max_1)s::BIGINT
2025-12-24 10:46:20,153 INFO sqlalchemy.engine.Engine base.py:1846: [generated in 0.00008s] {'v_min_1': 16, 'v_max_1': 16}
2025-12-24 10:46:20,154 INFO sqlalchemy.engine.Engine base.py:2716: COMMIT
2025-12-24 10:46:20,155 INFO sqlalchemy.engine.Engine base.py:2710: BEGIN (implicit)
2025-12-24 10:46:20,155 INFO sqlalchemy.engine.Engine base.py:1846: SELECT tables.md 
FROM tables 
WHERE tables.id = %(id_1)s::UUID AND coalesce((tables.md ->> %(md_1)s::TEXT), %(coalesce_1)s::VARCHAR) != %(coalesce_2)s::VARCHAR
2025-12-24 10:46:20,155 INFO sqlalchemy.engine.Engine base.py:1846: [cached since 6.242s ago] {'id_1': UUID('ab5ed723-f203-43ff-9b84-e08f5ca571ed'), 'md_1': 'pending_stmt', 'coalesce_1': '-1', 'coalesce_2': '2'}
2025-12-24 10:46:20,156 INFO sqlalchemy.engine.Engine base.py:1846: SELECT tables.md 
FROM tables 
WHERE tables.id = %(id_1)s::UUID AND coalesce((tables.md ->> %(md_1)s::TEXT), %(coalesce_1)s::VARCHAR) != %(coalesce_2)s::VARCHAR
2025-12-24 10:46:20,156 INFO sqlalchemy.engine.Engine base.py:1846: [cached since 6.242s ago] {'id_1': UUID('ab5ed723-f203-43ff-9b84-e08f5ca571ed'), 'md_1': 'pending_stmt', 'coalesce_1': '-1', 'coalesce_2': '2'}
2025-12-24 10:46:20,157 INFO sqlalchemy.engine.Engine base.py:2716: COMMIT
2025-12-24 10:46:20,157 INFO sqlalchemy.engine.Engine base.py:2710: BEGIN (implicit)
2025-12-24 10:46:20,157 INFO sqlalchemy.engine.Engine base.py:1846: SELECT tables.md 
FROM tables 
WHERE tables.id = %(id_1)s::UUID AND coalesce((tables.md ->> %(md_1)s::TEXT), %(coalesce_1)s::VARCHAR) != %(coalesce_2)s::VARCHAR
2025-12-24 10:46:20,157 INFO sqlalchemy.engine.Engine base.py:1846: [cached since 6.244s ago] {'id_1': UUID('ab5ed723-f203-43ff-9b84-e08f5ca571ed'), 'md_1': 'pending_stmt', 'coalesce_1': '-1', 'coalesce_2': '2'}
2025-12-24 10:46:20,158 INFO sqlalchemy.engine.Engine base.py:1846: SELECT tables.md 
FROM tables 
WHERE tables.id = %(id_1)s::UUID AND coalesce((tables.md ->> %(md_1)s::TEXT), %(coalesce_1)s::VARCHAR) != %(coalesce_2)s::VARCHAR
2025-12-24 10:46:20,158 INFO sqlalchemy.engine.Engine base.py:1846: [cached since 6.244s ago] {'id_1': UUID('ab5ed723-f203-43ff-9b84-e08f5ca571ed'), 'md_1': 'pending_stmt', 'coalesce_1': '-1', 'coalesce_2': '2'}
2025-12-24 10:46:20,160 INFO sqlalchemy.engine.Engine base.py:1846: EXPLAIN SELECT tbl_ab5ed723f20343ff9b84e08f5ca571ed.col_0, tbl_ab5ed723f20343ff9b84e08f5ca571ed.col_1, tbl_ab5ed723f20343ff9b84e08f5ca571ed.rowid, tbl_ab5ed723f20343ff9b84e08f5ca571ed.v_min 
FROM tbl_ab5ed723f20343ff9b84e08f5ca571ed 
WHERE tbl_ab5ed723f20343ff9b84e08f5ca571ed.v_min <= 15 AND tbl_ab5ed723f20343ff9b84e08f5ca571ed.v_max > 15
2025-12-24 10:46:20,160 INFO sqlalchemy.engine.Engine base.py:1846: [generated in 0.00010s] {}
2025-12-24 10:46:20,160 INFO sqlalchemy.engine.Engine base.py:1846: SELECT tbl_ab5ed723f20343ff9b84e08f5ca571ed.col_0, tbl_ab5ed723f20343ff9b84e08f5ca571ed.col_1, tbl_ab5ed723f20343ff9b84e08f5ca571ed.rowid, tbl_ab5ed723f20343ff9b84e08f5ca571ed.v_min 
FROM tbl_ab5ed723f20343ff9b84e08f5ca571ed 
WHERE tbl_ab5ed723f20343ff9b84e08f5ca571ed.v_min <= %(v_min_1)s::BIGINT AND tbl_ab5ed723f20343ff9b84e08f5ca571ed.v_max > %(v_max_1)s::BIGINT
2025-12-24 10:46:20,160 INFO sqlalchemy.engine.Engine base.py:1846: [generated in 0.00008s] {'v_min_1': 15, 'v_max_1': 15}
2025-12-24 10:46:20,163 INFO sqlalchemy.engine.Engine base.py:2716: COMMIT
2025-12-24 11:01:32,117 INFO sqlalchemy.engine.Engine base.py:2710: BEGIN (implicit)
2025-12-24 11:01:32,119 INFO sqlalchemy.engine.Engine base.py:1846: SELECT tables.md 
FROM tables 
WHERE tables.id = %(id_1)s::UUID AND coalesce((tables.md ->> %(md_1)s::TEXT), %(coalesce_1)s::VARCHAR) != %(coalesce_2)s::VARCHAR
2025-12-24 11:01:32,119 INFO sqlalchemy.engine.Engine base.py:1846: [cached since 918.8s ago] {'id_1': UUID('58414fc9-def7-46ef-b621-51d5e813b57d'), 'md_1': 'pending_stmt', 'coalesce_1': '-1', 'coalesce_2': '2'}
2025-12-24 11:01:32,121 INFO sqlalchemy.engine.Engine base.py:1846: SELECT tables.md 
FROM tables 
WHERE tables.id = %(id_1)s::UUID AND coalesce((tables.md ->> %(md_1)s::TEXT), %(coalesce_1)s::VARCHAR) != %(coalesce_2)s::VARCHAR
2025-12-24 11:01:32,121 INFO sqlalchemy.engine.Engine base.py:1846: [cached since 918.8s ago] {'id_1': UUID('58414fc9-def7-46ef-b621-51d5e813b57d'), 'md_1': 'pending_stmt', 'coalesce_1': '-1', 'coalesce_2': '2'}
2025-12-24 11:01:32,125 INFO sqlalchemy.engine.Engine base.py:1846: EXPLAIN SELECT tbl_58414fc9def746efb62151d5e813b57d.col_0, tbl_58414fc9def746efb62151d5e813b57d.col_1, tbl_58414fc9def746efb62151d5e813b57d.col_2, tbl_58414fc9def746efb62151d5e813b57d.col_3, tbl_58414fc9def746efb62151d5e813b57d.col_4, tbl_58414fc9def746efb62151d5e813b57d.col_5, tbl_58414fc9def746efb62151d5e813b57d.col_6, tbl_58414fc9def746efb62151d5e813b57d.col_7, tbl_58414fc9def746efb62151d5e813b57d.col_8, tbl_58414fc9def746efb62151d5e813b57d.col_9, tbl_58414fc9def746efb62151d5e813b57d.col_2_cellmd, tbl_58414fc9def746efb62151d5e813b57d.rowid, tbl_58414fc9def746efb62151d5e813b57d.v_min 
FROM tbl_58414fc9def746efb62151d5e813b57d 
WHERE tbl_58414fc9def746efb62151d5e813b57d.v_min <= 16 AND tbl_58414fc9def746efb62151d5e813b57d.v_max > 16
2025-12-24 11:01:32,125 INFO sqlalchemy.engine.Engine base.py:1846: [cached since 912.5s ago] {}
2025-12-24 11:01:32,126 INFO sqlalchemy.engine.Engine base.py:1846: SELECT tbl_58414fc9def746efb62151d5e813b57d.col_0, tbl_58414fc9def746efb62151d5e813b57d.col_1, tbl_58414fc9def746efb62151d5e813b57d.col_2, tbl_58414fc9def746efb62151d5e813b57d.col_3, tbl_58414fc9def746efb62151d5e813b57d.col_4, tbl_58414fc9def746efb62151d5e813b57d.col_5, tbl_58414fc9def746efb62151d5e813b57d.col_6, tbl_58414fc9def746efb62151d5e813b57d.col_7, tbl_58414fc9def746efb62151d5e813b57d.col_8, tbl_58414fc9def746efb62151d5e813b57d.col_9, tbl_58414fc9def746efb62151d5e813b57d.col_2_cellmd, tbl_58414fc9def746efb62151d5e813b57d.rowid, tbl_58414fc9def746efb62151d5e813b57d.v_min 
FROM tbl_58414fc9def746efb62151d5e813b57d 
WHERE tbl_58414fc9def746efb62151d5e813b57d.v_min <= %(v_min_1)s::BIGINT AND tbl_58414fc9def746efb62151d5e813b57d.v_max > %(v_max_1)s::BIGINT
2025-12-24 11:01:32,126 INFO sqlalchemy.engine.Engine base.py:1846: [cached since 912.5s ago] {'v_min_1': 16, 'v_max_1': 16}
2025-12-24 11:01:32,127 INFO sqlalchemy.engine.Engine base.py:2716: COMMIT
2025-12-24 11:01:33,553 INFO sqlalchemy.engine.Engine base.py:2710: BEGIN (implicit)
2025-12-24 11:01:33,554 INFO sqlalchemy.engine.Engine base.py:1846: SELECT tables.md 
FROM tables 
WHERE tables.id = %(id_1)s::UUID AND coalesce((tables.md ->> %(md_1)s::TEXT), %(coalesce_1)s::VARCHAR) != %(coalesce_2)s::VARCHAR
2025-12-24 11:01:33,554 INFO sqlalchemy.engine.Engine base.py:1846: [cached since 920.2s ago] {'id_1': UUID('58414fc9-def7-46ef-b621-51d5e813b57d'), 'md_1': 'pending_stmt', 'coalesce_1': '-1', 'coalesce_2': '2'}
2025-12-24 11:01:33,556 INFO sqlalchemy.engine.Engine base.py:1846: SELECT tables.md 
FROM tables 
WHERE tables.id = %(id_1)s::UUID AND coalesce((tables.md ->> %(md_1)s::TEXT), %(coalesce_1)s::VARCHAR) != %(coalesce_2)s::VARCHAR
2025-12-24 11:01:33,556 INFO sqlalchemy.engine.Engine base.py:1846: [cached since 920.2s ago] {'id_1': UUID('58414fc9-def7-46ef-b621-51d5e813b57d'), 'md_1': 'pending_stmt', 'coalesce_1': '-1', 'coalesce_2': '2'}
2025-12-24 11:01:33,559 INFO sqlalchemy.engine.Engine base.py:1846: EXPLAIN SELECT tbl_58414fc9def746efb62151d5e813b57d.col_0, tbl_58414fc9def746efb62151d5e813b57d.col_1, tbl_58414fc9def746efb62151d5e813b57d.col_2, tbl_58414fc9def746efb62151d5e813b57d.col_3, tbl_58414fc9def746efb62151d5e813b57d.col_4, tbl_58414fc9def746efb62151d5e813b57d.col_5, tbl_58414fc9def746efb62151d5e813b57d.col_6, tbl_58414fc9def746efb62151d5e813b57d.col_7, tbl_58414fc9def746efb62151d5e813b57d.col_8, tbl_58414fc9def746efb62151d5e813b57d.col_9, tbl_58414fc9def746efb62151d5e813b57d.col_2_cellmd, tbl_58414fc9def746efb62151d5e813b57d.rowid, tbl_58414fc9def746efb62151d5e813b57d.v_min 
FROM tbl_58414fc9def746efb62151d5e813b57d 
WHERE tbl_58414fc9def746efb62151d5e813b57d.v_min <= 16 AND tbl_58414fc9def746efb62151d5e813b57d.v_max > 16
2025-12-24 11:01:33,559 INFO sqlalchemy.engine.Engine base.py:1846: [cached since 914s ago] {}
2025-12-24 11:01:33,560 INFO sqlalchemy.engine.Engine base.py:1846: SELECT tbl_58414fc9def746efb62151d5e813b57d.col_0, tbl_58414fc9def746efb62151d5e813b57d.col_1, tbl_58414fc9def746efb62151d5e813b57d.col_2, tbl_58414fc9def746efb62151d5e813b57d.col_3, tbl_58414fc9def746efb62151d5e813b57d.col_4, tbl_58414fc9def746efb62151d5e813b57d.col_5, tbl_58414fc9def746efb62151d5e813b57d.col_6, tbl_58414fc9def746efb62151d5e813b57d.col_7, tbl_58414fc9def746efb62151d5e813b57d.col_8, tbl_58414fc9def746efb62151d5e813b57d.col_9, tbl_58414fc9def746efb62151d5e813b57d.col_2_cellmd, tbl_58414fc9def746efb62151d5e813b57d.rowid, tbl_58414fc9def746efb62151d5e813b57d.v_min 
FROM tbl_58414fc9def746efb62151d5e813b57d 
WHERE tbl_58414fc9def746efb62151d5e813b57d.v_min <= %(v_min_1)s::BIGINT AND tbl_58414fc9def746efb62151d5e813b57d.v_max > %(v_max_1)s::BIGINT
2025-12-24 11:01:33,560 INFO sqlalchemy.engine.Engine base.py:1846: [cached since 914s ago] {'v_min_1': 16, 'v_max_1': 16}
2025-12-24 11:01:33,561 INFO sqlalchemy.engine.Engine base.py:2716: COMMIT
