2026-01-05 17:10:58 | DEBUG    | log:153 | [index] Serving web UI
2026-01-05 17:10:58 | DEBUG    | log:153 | [list_documents] Fetching all documents...
2026-01-05 17:10:58 | DEBUG    | log:153 | [get_tables] Getting tables...
2026-01-05 17:10:58 | DEBUG    | log:153 | [get_tables] Returning cached tables
2026-01-05 17:10:58 | INFO     | log:151 | [list_documents] Found 20 documents
2026-01-05 17:12:32 | INFO     | log:151 | [config] Loaded config | DEBUG_MODE=3
2026-01-05 17:12:35 | INFO     | log:151 | [main] FastAPI app initialized (Per-Example Embedding Architecture)
2026-01-05 17:13:14 | INFO     | log:151 | [config] Loaded config | DEBUG_MODE=3
2026-01-05 17:13:16 | INFO     | log:151 | [main] FastAPI app initialized (Per-Example Embedding Architecture)
2026-01-05 17:13:56 | INFO     | log:151 | [config] Loaded config | DEBUG_MODE=3
2026-01-05 17:13:59 | INFO     | log:151 | [main] FastAPI app initialized (Per-Example Embedding Architecture)
2026-01-05 17:14:00 | INFO     | log:151 | [lifespan] Server starting - running warmup...
2026-01-05 17:14:00 | INFO     | log:151 | [warmup] Loading tables...
2026-01-05 17:14:00 | DEBUG    | log:153 | [get_tables] Getting tables...
2026-01-05 17:14:07 | DEBUG    | log:153 | [get_tables] Loaded existing tables
2026-01-05 17:14:07 | INFO     | log:151 | [warmup] Tables loaded: 20 docs, 351 examples
2026-01-05 17:14:07 | INFO     | log:151 | [warmup] Loading embedding model...
2026-01-05 17:14:07 | INFO     | log:151 | [get_embedding_model] Loading model on GPU (NVIDIA RTX A5000)...
2026-01-05 17:14:40 | INFO     | log:151 | [get_embedding_model] Model loaded on GPU (NVIDIA RTX A5000)
2026-01-05 17:14:40 | INFO     | log:151 | [warmup] Embedding model loaded on GPU (NVIDIA RTX A5000)
2026-01-05 17:14:40 | INFO     | log:151 | [warmup] Building embeddings cache...
2026-01-05 17:14:40 | INFO     | log:151 | [build_embeddings_cache] Building embeddings cache...
2026-01-05 17:14:41 | INFO     | log:151 | [build_embeddings_cache] Cache built in 0.84s: 351 examples, 20 docs on GPU (NVIDIA RTX A5000)
2026-01-05 17:14:41 | INFO     | log:151 | [warmup] Embeddings cache built
2026-01-05 17:14:41 | INFO     | log:151 | [warmup] Building corpus stats cache...
2026-01-05 17:14:41 | INFO     | log:151 | [get_corpus_stats] Rebuilding corpus stats cache...
2026-01-05 17:14:41 | INFO     | log:151 | [warmup] Corpus stats cache built
2026-01-05 17:14:41 | INFO     | log:151 | [warmup] System ready in 41.35s | URLs: ['http://localhost:6804', 'http://192.168.3.7:6804']
2026-01-05 17:14:52 | DEBUG    | log:153 | [index] Serving web UI
2026-01-05 17:14:52 | DEBUG    | log:153 | [list_documents] Fetching all documents...
2026-01-05 17:14:52 | DEBUG    | log:153 | [get_tables] Getting tables...
2026-01-05 17:14:52 | DEBUG    | log:153 | [get_tables] Returning cached tables
2026-01-05 17:14:52 | INFO     | log:151 | [list_documents] Found 20 documents
2026-01-05 17:16:53 | INFO     | log:151 | [lifespan] Server shutting down
2026-01-05 17:16:59 | INFO     | log:151 | [config] Loaded config | DEBUG_MODE=3
2026-01-05 17:17:01 | INFO     | log:151 | [main] FastAPI app initialized (Per-Example Embedding Architecture)
2026-01-05 17:17:02 | INFO     | log:151 | [lifespan] Server starting - running warmup...
2026-01-05 17:17:02 | INFO     | log:151 | [warmup] Loading tables...
2026-01-05 17:17:02 | DEBUG    | log:153 | [get_tables] Getting tables...
2026-01-05 17:17:09 | DEBUG    | log:153 | [get_tables] Loaded existing tables
2026-01-05 17:17:09 | INFO     | log:151 | [warmup] Tables loaded: 20 docs, 351 examples
2026-01-05 17:17:09 | INFO     | log:151 | [warmup] Loading embedding model...
2026-01-05 17:17:09 | INFO     | log:151 | [get_embedding_model] Loading model on GPU (NVIDIA RTX A5000)...
2026-01-05 17:17:15 | INFO     | log:151 | [get_embedding_model] Model loaded on GPU (NVIDIA RTX A5000)
2026-01-05 17:17:15 | INFO     | log:151 | [warmup] Embedding model loaded on GPU (NVIDIA RTX A5000)
2026-01-05 17:17:15 | INFO     | log:151 | [warmup] Building embeddings cache...
2026-01-05 17:17:15 | INFO     | log:151 | [build_embeddings_cache] Building embeddings cache...
2026-01-05 17:17:16 | INFO     | log:151 | [build_embeddings_cache] Cache built in 0.72s: 351 examples, 20 docs on GPU (NVIDIA RTX A5000)
2026-01-05 17:17:16 | INFO     | log:151 | [warmup] Embeddings cache built
2026-01-05 17:17:16 | INFO     | log:151 | [warmup] Building corpus stats cache...
2026-01-05 17:17:16 | INFO     | log:151 | [get_corpus_stats] Rebuilding corpus stats cache...
2026-01-05 17:17:16 | INFO     | log:151 | [warmup] Corpus stats cache built
2026-01-05 17:17:16 | INFO     | log:151 | [warmup] System ready in 13.81s | URLs: ['http://localhost:6804', 'http://192.168.3.7:6804']
2026-01-05 17:22:17 | INFO     | log:151 | [lifespan] Server shutting down
