2026-01-05 20:01:46 | INFO     | log:151 | [config] Loaded config | DEBUG_MODE=3
2026-01-05 20:01:48 | INFO     | log:151 | [main] FastAPI app initialized (Per-Example Embedding Architecture)
2026-01-05 20:01:50 | INFO     | log:151 | [main] Starting server...
2026-01-05 20:01:50 | INFO     | log:151 | [lifespan] Server starting - running warmup...
2026-01-05 20:01:50 | INFO     | log:151 | [warmup] Loading tables...
2026-01-05 20:01:50 | DEBUG    | log:153 | [get_tables] Getting tables...
2026-01-05 20:01:50 | CRITICAL | log:149 | [get_tables] ERROR loading tables (NOT 'not found'): [Errno 13] Permission denied: b'/tmp/.lockfile'
2026-01-05 20:01:50 | CRITICAL | log:149 | [warmup] ERROR during warmup: [Errno 13] Permission denied: b'/tmp/.lockfile'
2026-01-05 20:01:58 | DEBUG    | log:153 | [index] Serving web UI
2026-01-05 20:01:58 | DEBUG    | log:153 | [list_documents] Fetching all documents...
2026-01-05 20:01:58 | DEBUG    | log:153 | [get_tables] Getting tables...
2026-01-05 20:01:58 | CRITICAL | log:149 | [get_tables] ERROR loading tables (NOT 'not found'): [Errno 13] Permission denied: b'/tmp/.lockfile'
2026-01-05 20:02:40 | INFO     | log:151 | [search_single] Searching: 'Cho tôi xem lịch sử giao dịch của tài khoản 020063...' (top_k=10)
2026-01-05 20:02:40 | DEBUG    | log:153 | [get_tables] Getting tables...
2026-01-05 20:02:40 | CRITICAL | log:149 | [get_tables] ERROR loading tables (NOT 'not found'): [Errno 13] Permission denied: b'/tmp/.lockfile'
2026-01-05 20:03:09 | INFO     | log:151 | [lifespan] Server shutting down
2026-01-05 20:03:14 | INFO     | log:151 | [config] Loaded config | DEBUG_MODE=3
2026-01-05 20:03:17 | INFO     | log:151 | [main] FastAPI app initialized (Per-Example Embedding Architecture)
2026-01-05 20:03:18 | INFO     | log:151 | [main] Starting server...
2026-01-05 20:03:18 | INFO     | log:151 | [lifespan] Server starting - running warmup...
2026-01-05 20:03:18 | INFO     | log:151 | [warmup] Loading tables...
2026-01-05 20:03:18 | DEBUG    | log:153 | [get_tables] Getting tables...
2026-01-05 20:03:18 | CRITICAL | log:149 | [get_tables] ERROR loading tables (NOT 'not found'): [Errno 13] Permission denied: b'/tmp/.lockfile'
2026-01-05 20:03:18 | CRITICAL | log:149 | [warmup] ERROR during warmup: [Errno 13] Permission denied: b'/tmp/.lockfile'
2026-01-05 20:03:33 | INFO     | log:151 | [search_single] Searching: 'Cho tôi xem lịch sử giao dịch của tài khoản 020063...' (top_k=10)
2026-01-05 20:03:33 | DEBUG    | log:153 | [get_tables] Getting tables...
2026-01-05 20:03:33 | CRITICAL | log:149 | [get_tables] ERROR loading tables (NOT 'not found'): [Errno 13] Permission denied: b'/tmp/.lockfile'
2026-01-05 20:03:37 | INFO     | log:151 | [lifespan] Server shutting down
2026-01-05 20:04:45 | INFO     | log:151 | [config] Loaded config | DEBUG_MODE=3
2026-01-05 20:04:47 | INFO     | log:151 | [main] FastAPI app initialized (Per-Example Embedding Architecture)
2026-01-05 20:04:48 | INFO     | log:151 | [main] Starting server...
2026-01-05 20:04:48 | INFO     | log:151 | [lifespan] Server starting - running warmup...
2026-01-05 20:04:48 | INFO     | log:151 | [warmup] Loading tables...
2026-01-05 20:04:48 | DEBUG    | log:153 | [get_tables] Getting tables...
2026-01-05 20:04:48 | CRITICAL | log:149 | [get_tables] ERROR loading tables (NOT 'not found'): [Errno 13] Permission denied: b'/tmp/.lockfile'
2026-01-05 20:04:48 | CRITICAL | log:149 | [warmup] ERROR during warmup: [Errno 13] Permission denied: b'/tmp/.lockfile'
2026-01-05 20:05:17 | INFO     | log:151 | [search_single] Searching: 'Cho tôi xem lịch sử giao dịch của tài khoản 020063...' (top_k=10)
2026-01-05 20:05:17 | DEBUG    | log:153 | [get_tables] Getting tables...
2026-01-05 20:05:17 | CRITICAL | log:149 | [get_tables] ERROR loading tables (NOT 'not found'): [Errno 13] Permission denied: b'/tmp/.lockfile'
2026-01-05 20:05:33 | INFO     | log:151 | [lifespan] Server shutting down
2026-01-05 20:06:13 | INFO     | log:151 | [config] Loaded config | DEBUG_MODE=3
2026-01-05 20:06:15 | INFO     | log:151 | [main] FastAPI app initialized (Per-Example Embedding Architecture)
2026-01-05 20:06:16 | INFO     | log:151 | [lifespan] Server starting - running warmup...
2026-01-05 20:06:16 | INFO     | log:151 | [warmup] Loading tables...
2026-01-05 20:06:16 | DEBUG    | log:153 | [get_tables] Getting tables...
2026-01-05 20:06:22 | DEBUG    | log:153 | [get_tables] Loaded existing tables
2026-01-05 20:06:22 | INFO     | log:151 | [warmup] Tables loaded: 20 docs, 351 examples
2026-01-05 20:06:22 | INFO     | log:151 | [warmup] Loading embedding model...
2026-01-05 20:06:22 | INFO     | log:151 | [get_embedding_model] Loading model on GPU (NVIDIA RTX A5000)...
2026-01-05 20:06:28 | INFO     | log:151 | [get_embedding_model] Model loaded on GPU (NVIDIA RTX A5000)
2026-01-05 20:06:28 | INFO     | log:151 | [warmup] Embedding model loaded on GPU (NVIDIA RTX A5000)
2026-01-05 20:06:28 | INFO     | log:151 | [warmup] Building embeddings cache...
2026-01-05 20:06:28 | INFO     | log:151 | [build_embeddings_cache] Building embeddings cache...
2026-01-05 20:06:29 | INFO     | log:151 | [build_embeddings_cache] Cache built in 0.48s: 351 examples, 20 docs on GPU (NVIDIA RTX A5000)
2026-01-05 20:06:29 | INFO     | log:151 | [warmup] Embeddings cache built
2026-01-05 20:06:29 | INFO     | log:151 | [warmup] Building corpus stats cache...
2026-01-05 20:06:29 | INFO     | log:151 | [get_corpus_stats] Rebuilding corpus stats cache...
2026-01-05 20:06:29 | INFO     | log:151 | [warmup] Corpus stats cache built
2026-01-05 20:06:29 | INFO     | log:151 | [warmup] System ready in 13.49s | URLs: ['http://localhost:6868', 'http://192.168.3.7:6868']
2026-01-05 20:06:35 | INFO     | log:151 | [search_single] Searching: 'Cho tôi xem lịch sử giao dịch của tài khoản 020063...' (top_k=10)
2026-01-05 20:06:35 | DEBUG    | log:153 | [get_tables] Getting tables...
2026-01-05 20:06:35 | DEBUG    | log:153 | [get_tables] Returning cached tables
2026-01-05 20:06:35 | DEBUG    | log:153 | [normalize_query] 'Cho tôi xem lịch sử giao dịch của tài kh...' -> 'Cho tôi xem lịch sử giao dịch của tài kh...'
2026-01-05 20:06:35 | DEBUG    | log:153 | [perform_hybrid_search] query_text: [Cho tôi xem lịch sử giao dịch của tài khoản 020063535533] - formatted_query: [Cho tôi xem lịch sử giao dịch của tài khoản 020063535533] - normalized_query: [Cho tôi xem lịch sử giao dịch của tài khoản 020063535533]
2026-01-05 20:06:35 | DEBUG    | log:153 | [perform_hybrid_search] BM25 raw scores: min=2.7944, max=15.3401
2026-01-05 20:06:35 | DEBUG    | log:153 | [get_keyword_boost] Query: 'Cho tôi xem lịch sử giao dịch ...' | Doc: Tra cứu lịch sử giao | Boost: 0.25 | Matched: ['tài khoản']
2026-01-05 20:06:35 | DEBUG    | log:153 | [get_keyword_boost] Query: 'Cho tôi xem lịch sử giao dịch ...' | Doc: getTransactionList | | Boost: 0.50 | Matched: ['tài khoản', 'của tài khoản']
2026-01-05 20:06:35 | DEBUG    | log:153 | [classify_query_intent] Classified: 'Cho tôi xem lịch sử giao dịch ...' -> getTransactionList | Tra cứu g (score=2)
2026-01-05 20:06:35 | INFO     | log:151 | [search_single] Found 10 results
2026-01-05 20:06:35 | DEBUG    | log:153 | [search_single] Top: Tra cứu lịch sử giao dịch theo số tài khoản... (score=0.8484, sem=0.8905, bm25=1.0000, boost=0.2500)
2026-01-05 20:07:30 | INFO     | log:151 | [lifespan] Server shutting down
2026-01-05 20:07:34 | INFO     | log:151 | [config] Loaded config | DEBUG_MODE=3
2026-01-05 20:07:37 | INFO     | log:151 | [main] FastAPI app initialized (Per-Example Embedding Architecture)
2026-01-05 20:07:37 | INFO     | log:151 | [lifespan] Server starting - running warmup...
2026-01-05 20:07:37 | INFO     | log:151 | [warmup] Loading tables...
2026-01-05 20:07:37 | DEBUG    | log:153 | [get_tables] Getting tables...
2026-01-05 20:07:43 | DEBUG    | log:153 | [get_tables] Loaded existing tables
2026-01-05 20:07:43 | INFO     | log:151 | [warmup] Tables loaded: 20 docs, 351 examples
2026-01-05 20:07:43 | INFO     | log:151 | [warmup] Loading embedding model...
2026-01-05 20:07:43 | INFO     | log:151 | [get_embedding_model] Loading model on GPU (NVIDIA RTX A5000)...
2026-01-05 20:07:48 | INFO     | log:151 | [get_embedding_model] Model loaded on GPU (NVIDIA RTX A5000)
2026-01-05 20:07:48 | INFO     | log:151 | [warmup] Embedding model loaded on GPU (NVIDIA RTX A5000)
2026-01-05 20:07:48 | INFO     | log:151 | [warmup] Building embeddings cache...
2026-01-05 20:07:48 | INFO     | log:151 | [build_embeddings_cache] Building embeddings cache...
2026-01-05 20:07:49 | INFO     | log:151 | [build_embeddings_cache] Cache built in 0.48s: 351 examples, 20 docs on GPU (NVIDIA RTX A5000)
2026-01-05 20:07:49 | INFO     | log:151 | [warmup] Embeddings cache built
2026-01-05 20:07:49 | INFO     | log:151 | [warmup] Building corpus stats cache...
2026-01-05 20:07:49 | INFO     | log:151 | [get_corpus_stats] Rebuilding corpus stats cache...
2026-01-05 20:07:49 | INFO     | log:151 | [warmup] Corpus stats cache built
2026-01-05 20:07:49 | INFO     | log:151 | [warmup] System ready in 11.52s | URLs: ['http://localhost:6868', 'http://192.168.3.7:6868']
2026-01-05 20:07:52 | INFO     | log:151 | [search_single] Searching: 'Cho tôi xem lịch sử giao dịch của tài khoản 020063...' (top_k=10)
2026-01-05 20:07:52 | DEBUG    | log:153 | [get_tables] Getting tables...
2026-01-05 20:07:52 | DEBUG    | log:153 | [get_tables] Returning cached tables
2026-01-05 20:07:52 | DEBUG    | log:153 | [normalize_query] 'Cho tôi xem lịch sử giao dịch của tài kh...' -> 'Cho tôi xem lịch sử giao dịch của tài kh...'
2026-01-05 20:07:52 | DEBUG    | log:153 | [perform_hybrid_search] query_text: [Cho tôi xem lịch sử giao dịch của tài khoản 020063535533] - formatted_query: [Cho tôi xem lịch sử giao dịch của tài khoản 020063535533] - normalized_query: [Cho tôi xem lịch sử giao dịch của tài khoản 020063535533]
2026-01-05 20:07:52 | DEBUG    | log:153 | [perform_hybrid_search] BM25 raw scores: min=2.7944, max=15.3401
2026-01-05 20:07:52 | DEBUG    | log:153 | [get_keyword_boost] Query: 'Cho tôi xem lịch sử giao dịch ...' | Doc: Tra cứu lịch sử giao | Boost: 0.25 | Matched: ['tài khoản']
2026-01-05 20:07:52 | DEBUG    | log:153 | [get_keyword_boost] Query: 'Cho tôi xem lịch sử giao dịch ...' | Doc: getTransactionList | | Boost: 0.50 | Matched: ['tài khoản', 'của tài khoản']
2026-01-05 20:07:52 | DEBUG    | log:153 | [classify_query_intent] Classified: 'Cho tôi xem lịch sử giao dịch ...' -> getTransactionList | Tra cứu g (score=2)
2026-01-05 20:07:52 | INFO     | log:151 | [search_single] Found 10 results
2026-01-05 20:07:52 | DEBUG    | log:153 | [search_single] Top: Tra cứu lịch sử giao dịch theo số tài khoản... (score=0.8484, sem=0.8905, bm25=1.0000, boost=0.2500)
2026-01-05 20:08:18 | INFO     | log:151 | [search_single] Searching: 'Cho tôi xem lịch sử gd của tk 020063535533...' (top_k=10)
2026-01-05 20:08:18 | DEBUG    | log:153 | [get_tables] Getting tables...
2026-01-05 20:08:18 | DEBUG    | log:153 | [get_tables] Returning cached tables
2026-01-05 20:08:18 | DEBUG    | log:153 | [normalize_query] 'Cho tôi xem lịch sử gd của tk 0200635355...' -> 'Cho tôi xem lịch sử gd của tk 0200635355...'
2026-01-05 20:08:18 | DEBUG    | log:153 | [perform_hybrid_search] query_text: [Cho tôi xem lịch sử gd của tk 020063535533] - formatted_query: [Cho tôi xem lịch sử gd của tk 020063535533] - normalized_query: [Cho tôi xem lịch sử gd của tk 020063535533]
2026-01-05 20:08:18 | DEBUG    | log:153 | [perform_hybrid_search] BM25 raw scores: min=1.3215, max=11.7883
2026-01-05 20:08:18 | DEBUG    | log:153 | [get_keyword_boost] Query: 'Cho tôi xem lịch sử gd của tk ...' | Doc: Tra cứu lịch sử giao | Boost: 0.25 | Matched: ['tk']
2026-01-05 20:08:18 | DEBUG    | log:153 | [classify_query_intent] Classified: 'Cho tôi xem lịch sử gd của tk ...' -> Tra cứu lịch sử giao dịch theo (score=1)
2026-01-05 20:08:18 | INFO     | log:151 | [search_single] Found 10 results
2026-01-05 20:08:18 | DEBUG    | log:153 | [search_single] Top: Tra cứu lịch sử giao dịch theo số tài khoản... (score=0.8089, sem=0.8502, bm25=0.9440, boost=0.2500)
2026-01-05 20:14:48 | INFO     | log:151 | [lifespan] Server shutting down
2026-01-05 20:14:51 | INFO     | log:151 | [config] Loaded config | DEBUG_MODE=3
2026-01-05 20:14:54 | INFO     | log:151 | [main] FastAPI app initialized (Per-Example Embedding Architecture)
2026-01-05 20:14:54 | INFO     | log:151 | [lifespan] Server starting - running warmup...
2026-01-05 20:14:54 | INFO     | log:151 | [warmup] Loading tables...
2026-01-05 20:14:54 | DEBUG    | log:153 | [get_tables] Getting tables...
2026-01-05 20:15:00 | DEBUG    | log:153 | [get_tables] Loaded existing tables
2026-01-05 20:15:00 | INFO     | log:151 | [warmup] Tables loaded: 20 docs, 351 examples
2026-01-05 20:15:00 | INFO     | log:151 | [warmup] Loading embedding model...
2026-01-05 20:15:00 | INFO     | log:151 | [get_embedding_model] Loading model on GPU (NVIDIA RTX A5000)...
2026-01-05 20:15:07 | INFO     | log:151 | [get_embedding_model] Model loaded on GPU (NVIDIA RTX A5000)
2026-01-05 20:15:07 | INFO     | log:151 | [warmup] Embedding model loaded on GPU (NVIDIA RTX A5000)
2026-01-05 20:15:07 | INFO     | log:151 | [warmup] Building embeddings cache...
2026-01-05 20:15:07 | INFO     | log:151 | [build_embeddings_cache] Building embeddings cache...
2026-01-05 20:15:07 | INFO     | log:151 | [build_embeddings_cache] Cache built in 0.81s: 351 examples, 20 docs on GPU (NVIDIA RTX A5000)
2026-01-05 20:15:07 | INFO     | log:151 | [warmup] Embeddings cache built
2026-01-05 20:15:07 | INFO     | log:151 | [warmup] Building corpus stats cache...
2026-01-05 20:15:07 | INFO     | log:151 | [get_corpus_stats] Rebuilding corpus stats cache...
2026-01-05 20:15:07 | INFO     | log:151 | [warmup] Corpus stats cache built
2026-01-05 20:15:07 | INFO     | log:151 | [warmup] System ready in 13.30s | URLs: ['http://localhost:6868', 'http://192.168.3.7:6868']
2026-01-05 20:15:15 | INFO     | log:151 | [lifespan] Server shutting down
2026-01-05 20:15:18 | INFO     | log:151 | [config] Loaded config | DEBUG_MODE=3
2026-01-05 20:15:20 | INFO     | log:151 | [main] FastAPI app initialized (Per-Example Embedding Architecture)
2026-01-05 20:15:21 | INFO     | log:151 | [lifespan] Server starting - running warmup...
2026-01-05 20:15:21 | INFO     | log:151 | [warmup] Loading tables...
2026-01-05 20:15:21 | DEBUG    | log:153 | [get_tables] Getting tables...
2026-01-05 20:15:26 | DEBUG    | log:153 | [get_tables] Loaded existing tables
2026-01-05 20:15:26 | INFO     | log:151 | [warmup] Tables loaded: 20 docs, 351 examples
2026-01-05 20:15:26 | INFO     | log:151 | [warmup] Loading embedding model...
2026-01-05 20:15:26 | INFO     | log:151 | [get_embedding_model] Loading model on GPU (NVIDIA RTX A5000)...
2026-01-05 20:15:32 | INFO     | log:151 | [get_embedding_model] Model loaded on GPU (NVIDIA RTX A5000)
2026-01-05 20:15:32 | INFO     | log:151 | [warmup] Embedding model loaded on GPU (NVIDIA RTX A5000)
2026-01-05 20:15:32 | INFO     | log:151 | [warmup] Building embeddings cache...
2026-01-05 20:15:32 | INFO     | log:151 | [build_embeddings_cache] Building embeddings cache...
2026-01-05 20:15:32 | INFO     | log:151 | [build_embeddings_cache] Cache built in 0.60s: 351 examples, 20 docs on GPU (NVIDIA RTX A5000)
2026-01-05 20:15:32 | INFO     | log:151 | [warmup] Embeddings cache built
2026-01-05 20:15:32 | INFO     | log:151 | [warmup] Building corpus stats cache...
2026-01-05 20:15:32 | INFO     | log:151 | [get_corpus_stats] Rebuilding corpus stats cache...
2026-01-05 20:15:32 | INFO     | log:151 | [warmup] Corpus stats cache built
2026-01-05 20:15:32 | INFO     | log:151 | [warmup] System ready in 11.62s | URLs: ['http://localhost:6868', 'http://192.168.3.7:6868']
2026-01-05 20:16:17 | INFO     | log:151 | [lifespan] Server shutting down
2026-01-05 20:16:20 | INFO     | log:151 | [config] Loaded config | DEBUG_MODE=3
2026-01-05 20:16:22 | INFO     | log:151 | [main] FastAPI app initialized (Per-Example Embedding Architecture)
2026-01-05 20:16:23 | INFO     | log:151 | [lifespan] Server starting - running warmup...
2026-01-05 20:16:23 | INFO     | log:151 | [warmup] Loading tables...
2026-01-05 20:16:23 | DEBUG    | log:153 | [get_tables] Getting tables...
2026-01-05 20:16:29 | DEBUG    | log:153 | [get_tables] Loaded existing tables
2026-01-05 20:16:29 | INFO     | log:151 | [warmup] Tables loaded: 20 docs, 351 examples
2026-01-05 20:16:29 | INFO     | log:151 | [warmup] Loading embedding model...
2026-01-05 20:16:29 | INFO     | log:151 | [get_embedding_model] Loading model on GPU (NVIDIA RTX A5000)...
2026-01-05 20:16:34 | INFO     | log:151 | [get_embedding_model] Model loaded on GPU (NVIDIA RTX A5000)
2026-01-05 20:16:34 | INFO     | log:151 | [warmup] Embedding model loaded on GPU (NVIDIA RTX A5000)
2026-01-05 20:16:34 | INFO     | log:151 | [warmup] Building embeddings cache...
2026-01-05 20:16:34 | INFO     | log:151 | [build_embeddings_cache] Building embeddings cache...
2026-01-05 20:16:34 | INFO     | log:151 | [build_embeddings_cache] Cache built in 0.48s: 351 examples, 20 docs on GPU (NVIDIA RTX A5000)
2026-01-05 20:16:34 | INFO     | log:151 | [warmup] Embeddings cache built
2026-01-05 20:16:34 | INFO     | log:151 | [warmup] Building corpus stats cache...
2026-01-05 20:16:34 | INFO     | log:151 | [get_corpus_stats] Rebuilding corpus stats cache...
2026-01-05 20:16:34 | INFO     | log:151 | [warmup] Corpus stats cache built
2026-01-05 20:16:34 | INFO     | log:151 | [warmup] System ready in 11.62s | URLs: ['http://localhost:6868', 'http://192.168.3.7:6868']
2026-01-05 20:17:55 | INFO     | log:151 | [lifespan] Server shutting down
2026-01-05 20:17:58 | INFO     | log:151 | [config] Loaded config | DEBUG_MODE=3
2026-01-05 20:18:00 | INFO     | log:151 | [main] FastAPI app initialized (Per-Example Embedding Architecture)
2026-01-05 20:18:01 | INFO     | log:151 | [lifespan] Server starting - running warmup...
2026-01-05 20:18:01 | INFO     | log:151 | [warmup] Loading tables...
2026-01-05 20:18:01 | DEBUG    | log:153 | [get_tables] Getting tables...
2026-01-05 20:18:07 | DEBUG    | log:153 | [get_tables] Loaded existing tables
2026-01-05 20:18:07 | INFO     | log:151 | [warmup] Tables loaded: 20 docs, 351 examples
2026-01-05 20:18:07 | INFO     | log:151 | [warmup] Loading embedding model...
2026-01-05 20:18:07 | INFO     | log:151 | [get_embedding_model] Loading model on GPU (NVIDIA RTX A5000)...
2026-01-05 20:18:12 | INFO     | log:151 | [get_embedding_model] Model loaded on GPU (NVIDIA RTX A5000)
2026-01-05 20:18:12 | INFO     | log:151 | [warmup] Embedding model loaded on GPU (NVIDIA RTX A5000)
2026-01-05 20:18:12 | INFO     | log:151 | [warmup] Building embeddings cache...
2026-01-05 20:18:12 | INFO     | log:151 | [build_embeddings_cache] Building embeddings cache...
2026-01-05 20:18:13 | INFO     | log:151 | [build_embeddings_cache] Cache built in 0.49s: 351 examples, 20 docs on GPU (NVIDIA RTX A5000)
2026-01-05 20:18:13 | INFO     | log:151 | [warmup] Embeddings cache built
2026-01-05 20:18:13 | INFO     | log:151 | [warmup] Building corpus stats cache...
2026-01-05 20:18:13 | INFO     | log:151 | [get_corpus_stats] Rebuilding corpus stats cache...
2026-01-05 20:18:13 | INFO     | log:151 | [warmup] Corpus stats cache built
2026-01-05 20:18:13 | INFO     | log:151 | [warmup] System ready in 11.84s | URLs: ['http://localhost:6868', 'http://192.168.3.7:6868']
2026-01-05 20:19:42 | INFO     | log:151 | [lifespan] Server shutting down
2026-01-05 20:19:45 | INFO     | log:151 | [config] Loaded config | DEBUG_MODE=3
2026-01-05 20:19:47 | INFO     | log:151 | [main] FastAPI app initialized (Per-Example Embedding Architecture)
2026-01-05 20:19:48 | INFO     | log:151 | [lifespan] Server starting - running warmup...
2026-01-05 20:19:48 | INFO     | log:151 | [warmup] Loading tables...
2026-01-05 20:19:48 | DEBUG    | log:153 | [get_tables] Getting tables...
2026-01-05 20:19:53 | DEBUG    | log:153 | [get_tables] Loaded existing tables
2026-01-05 20:19:53 | INFO     | log:151 | [warmup] Tables loaded: 20 docs, 351 examples
2026-01-05 20:19:53 | INFO     | log:151 | [warmup] Loading embedding model...
2026-01-05 20:19:53 | INFO     | log:151 | [get_embedding_model] Loading model on GPU (NVIDIA RTX A5000)...
2026-01-05 20:19:59 | INFO     | log:151 | [get_embedding_model] Model loaded on GPU (NVIDIA RTX A5000)
2026-01-05 20:19:59 | INFO     | log:151 | [warmup] Embedding model loaded on GPU (NVIDIA RTX A5000)
2026-01-05 20:19:59 | INFO     | log:151 | [warmup] Building embeddings cache...
2026-01-05 20:19:59 | INFO     | log:151 | [build_embeddings_cache] Building embeddings cache...
2026-01-05 20:20:00 | INFO     | log:151 | [build_embeddings_cache] Cache built in 0.81s: 351 examples, 20 docs on GPU (NVIDIA RTX A5000)
2026-01-05 20:20:00 | INFO     | log:151 | [warmup] Embeddings cache built
2026-01-05 20:20:00 | INFO     | log:151 | [warmup] Building corpus stats cache...
2026-01-05 20:20:00 | INFO     | log:151 | [get_corpus_stats] Rebuilding corpus stats cache...
2026-01-05 20:20:00 | INFO     | log:151 | [warmup] Corpus stats cache built
2026-01-05 20:20:00 | INFO     | log:151 | [warmup] System ready in 12.17s | URLs: ['http://localhost:6868', 'http://192.168.3.7:6868']
2026-01-05 20:20:03 | INFO     | log:151 | [config] Loaded config | DEBUG_MODE=3
2026-01-05 20:20:05 | INFO     | log:151 | [main] FastAPI app initialized (Per-Example Embedding Architecture)
2026-01-05 20:20:06 | INFO     | log:151 | [lifespan] Server starting - running warmup...
2026-01-05 20:20:06 | INFO     | log:151 | [warmup] Loading tables...
2026-01-05 20:20:06 | DEBUG    | log:153 | [get_tables] Getting tables...
2026-01-05 20:20:11 | DEBUG    | log:153 | [get_tables] Loaded existing tables
2026-01-05 20:20:11 | INFO     | log:151 | [warmup] Tables loaded: 20 docs, 351 examples
2026-01-05 20:20:11 | INFO     | log:151 | [warmup] Loading embedding model...
2026-01-05 20:20:11 | INFO     | log:151 | [get_embedding_model] Loading model on GPU (NVIDIA RTX A5000)...
2026-01-05 20:20:17 | INFO     | log:151 | [get_embedding_model] Model loaded on GPU (NVIDIA RTX A5000)
2026-01-05 20:20:17 | INFO     | log:151 | [warmup] Embedding model loaded on GPU (NVIDIA RTX A5000)
2026-01-05 20:20:17 | INFO     | log:151 | [warmup] Building embeddings cache...
2026-01-05 20:20:17 | INFO     | log:151 | [build_embeddings_cache] Building embeddings cache...
2026-01-05 20:20:18 | INFO     | log:151 | [build_embeddings_cache] Cache built in 0.49s: 351 examples, 20 docs on GPU (NVIDIA RTX A5000)
2026-01-05 20:20:18 | INFO     | log:151 | [warmup] Embeddings cache built
2026-01-05 20:20:18 | INFO     | log:151 | [warmup] Building corpus stats cache...
2026-01-05 20:20:18 | INFO     | log:151 | [get_corpus_stats] Rebuilding corpus stats cache...
2026-01-05 20:20:18 | INFO     | log:151 | [warmup] Corpus stats cache built
2026-01-05 20:20:18 | INFO     | log:151 | [warmup] System ready in 12.11s | URLs: ['http://localhost:6868', 'http://192.168.3.7:6868']
2026-01-05 20:23:01 | INFO     | log:151 | [lifespan] Server shutting down
2026-01-05 20:23:04 | INFO     | log:151 | [config] Loaded config | DEBUG_MODE=3
2026-01-05 20:23:07 | INFO     | log:151 | [main] FastAPI app initialized (Per-Example Embedding Architecture)
2026-01-05 20:23:07 | INFO     | log:151 | [lifespan] Server starting - running warmup...
2026-01-05 20:23:07 | INFO     | log:151 | [warmup] Loading tables...
2026-01-05 20:23:07 | DEBUG    | log:153 | [get_tables] Getting tables...
2026-01-05 20:23:13 | DEBUG    | log:153 | [get_tables] Loaded existing tables
2026-01-05 20:23:13 | INFO     | log:151 | [warmup] Tables loaded: 20 docs, 351 examples
2026-01-05 20:23:13 | INFO     | log:151 | [warmup] Loading embedding model...
2026-01-05 20:23:13 | INFO     | log:151 | [get_embedding_model] Loading model on GPU (NVIDIA RTX A5000)...
2026-01-05 20:23:18 | INFO     | log:151 | [get_embedding_model] Model loaded on GPU (NVIDIA RTX A5000)
2026-01-05 20:23:18 | INFO     | log:151 | [warmup] Embedding model loaded on GPU (NVIDIA RTX A5000)
2026-01-05 20:23:18 | INFO     | log:151 | [warmup] Building embeddings cache...
2026-01-05 20:23:18 | INFO     | log:151 | [build_embeddings_cache] Building embeddings cache...
2026-01-05 20:23:19 | INFO     | log:151 | [build_embeddings_cache] Cache built in 0.48s: 351 examples, 20 docs on GPU (NVIDIA RTX A5000)
2026-01-05 20:23:19 | INFO     | log:151 | [warmup] Embeddings cache built
2026-01-05 20:23:19 | INFO     | log:151 | [warmup] Building corpus stats cache...
2026-01-05 20:23:19 | INFO     | log:151 | [get_corpus_stats] Rebuilding corpus stats cache...
2026-01-05 20:23:19 | INFO     | log:151 | [warmup] Corpus stats cache built
2026-01-05 20:23:19 | INFO     | log:151 | [warmup] System ready in 12.12s | URLs: ['http://localhost:6868', 'http://192.168.3.7:6868']
2026-01-05 20:24:35 | INFO     | log:151 | [lifespan] Server shutting down
2026-01-05 20:24:38 | INFO     | log:151 | [config] Loaded config | DEBUG_MODE=3
2026-01-05 20:24:40 | INFO     | log:151 | [main] FastAPI app initialized (Per-Example Embedding Architecture)
2026-01-05 20:24:41 | INFO     | log:151 | [lifespan] Server starting - running warmup...
2026-01-05 20:24:41 | INFO     | log:151 | [warmup] Loading tables...
2026-01-05 20:24:41 | DEBUG    | log:153 | [get_tables] Getting tables...
2026-01-05 20:24:47 | DEBUG    | log:153 | [get_tables] Loaded existing tables
2026-01-05 20:24:47 | INFO     | log:151 | [warmup] Tables loaded: 20 docs, 351 examples
2026-01-05 20:24:47 | INFO     | log:151 | [warmup] Loading embedding model...
2026-01-05 20:24:47 | INFO     | log:151 | [get_embedding_model] Loading model on GPU (NVIDIA RTX A5000)...
2026-01-05 20:24:52 | INFO     | log:151 | [get_embedding_model] Model loaded on GPU (NVIDIA RTX A5000)
2026-01-05 20:24:52 | INFO     | log:151 | [warmup] Embedding model loaded on GPU (NVIDIA RTX A5000)
2026-01-05 20:24:52 | INFO     | log:151 | [warmup] Building embeddings cache...
2026-01-05 20:24:52 | INFO     | log:151 | [build_embeddings_cache] Building embeddings cache...
2026-01-05 20:24:52 | INFO     | log:151 | [build_embeddings_cache] Cache built in 0.49s: 351 examples, 20 docs on GPU (NVIDIA RTX A5000)
2026-01-05 20:24:52 | INFO     | log:151 | [warmup] Embeddings cache built
2026-01-05 20:24:52 | INFO     | log:151 | [warmup] Building corpus stats cache...
2026-01-05 20:24:52 | INFO     | log:151 | [get_corpus_stats] Rebuilding corpus stats cache...
2026-01-05 20:24:52 | INFO     | log:151 | [warmup] Corpus stats cache built
2026-01-05 20:24:52 | INFO     | log:151 | [warmup] System ready in 11.76s | URLs: ['http://localhost:6868', 'http://192.168.3.7:6868']
2026-01-05 20:25:04 | INFO     | log:151 | [search_single] Searching: 'Cho tôi xem lịch sử gd của tk 020063535533...' (top_k=10)
2026-01-05 20:25:04 | DEBUG    | log:153 | [get_tables] Getting tables...
2026-01-05 20:25:04 | DEBUG    | log:153 | [get_tables] Returning cached tables
2026-01-05 20:25:04 | DEBUG    | log:153 | [normalize_query] 'Cho tôi xem lịch sử gd của tk 0200635355...' -> 'Cho tôi xem lịch sử gd của tk 0200635355...'
2026-01-05 20:25:04 | DEBUG    | log:153 | [perform_hybrid_search] query_text: [Cho tôi xem lịch sử gd của tk 020063535533] - formatted_query: [Cho tôi xem lịch sử gd của tk 020063535533] - normalized_query: [Cho tôi xem lịch sử gd của tk 020063535533]
2026-01-05 20:25:04 | DEBUG    | log:153 | [perform_hybrid_search] BM25 raw scores: min=1.3215, max=11.7883
2026-01-05 20:25:04 | DEBUG    | log:153 | [get_keyword_boost] Query: 'Cho tôi xem lịch sử gd của tk ...' | Doc: Tra cứu lịch sử giao | Boost: 0.25 | Matched: ['tk']
2026-01-05 20:25:04 | DEBUG    | log:153 | [classify_query_intent] Classified: 'Cho tôi xem lịch sử gd của tk ...' -> Tra cứu lịch sử giao dịch theo (score=1)
2026-01-05 20:25:04 | INFO     | log:151 | [search_single] Found 10 results
2026-01-05 20:25:04 | DEBUG    | log:153 | [search_single] Top: Tra cứu lịch sử giao dịch theo số tài khoản... (score=0.8089, sem=0.8502, bm25=0.9440, boost=0.2500)
2026-01-05 20:25:31 | INFO     | log:151 | [search_single] Searching: 'cho tôi xem lịch sử giao dịch của tài khoản 020063...' (top_k=10)
2026-01-05 20:25:31 | DEBUG    | log:153 | [get_tables] Getting tables...
2026-01-05 20:25:31 | DEBUG    | log:153 | [get_tables] Returning cached tables
2026-01-05 20:25:31 | DEBUG    | log:153 | [normalize_query] 'cho tôi xem lịch sử giao dịch của tài kh...' -> 'Cho tôi xem lịch sử giao dịch của tài kh...'
2026-01-05 20:25:31 | DEBUG    | log:153 | [perform_hybrid_search] query_text: [cho tôi xem lịch sử giao dịch của tài khoản 020063535533] - formatted_query: [Cho tôi xem lịch sử giao dịch của tài khoản 020063535533] - normalized_query: [Cho tôi xem lịch sử giao dịch của tài khoản 020063535533]
2026-01-05 20:25:31 | DEBUG    | log:153 | [perform_hybrid_search] BM25 raw scores: min=2.7944, max=15.3401
2026-01-05 20:25:31 | DEBUG    | log:153 | [get_keyword_boost] Query: 'Cho tôi xem lịch sử giao dịch ...' | Doc: Tra cứu lịch sử giao | Boost: 0.25 | Matched: ['tài khoản']
2026-01-05 20:25:31 | DEBUG    | log:153 | [get_keyword_boost] Query: 'Cho tôi xem lịch sử giao dịch ...' | Doc: getTransactionList | | Boost: 0.50 | Matched: ['tài khoản', 'của tài khoản']
2026-01-05 20:25:31 | DEBUG    | log:153 | [classify_query_intent] Classified: 'Cho tôi xem lịch sử giao dịch ...' -> getTransactionList | Tra cứu g (score=2)
2026-01-05 20:25:31 | INFO     | log:151 | [search_single] Found 10 results
2026-01-05 20:25:31 | DEBUG    | log:153 | [search_single] Top: Tra cứu lịch sử giao dịch theo số tài khoản... (score=0.8484, sem=0.8905, bm25=1.0000, boost=0.2500)
2026-01-05 20:28:00 | INFO     | log:151 | [lifespan] Server shutting down
2026-01-05 20:28:15 | INFO     | log:151 | [lifespan] Server shutting down
2026-01-05 20:28:20 | INFO     | log:151 | [config] Loaded config | DEBUG_MODE=3
2026-01-05 20:28:23 | INFO     | log:151 | [main] FastAPI app initialized (Per-Example Embedding Architecture)
2026-01-05 20:28:23 | INFO     | log:151 | [lifespan] Server starting - running warmup...
2026-01-05 20:28:23 | INFO     | log:151 | [warmup] Loading tables...
2026-01-05 20:28:23 | DEBUG    | log:153 | [get_tables] Getting tables...
2026-01-05 20:28:30 | DEBUG    | log:153 | [get_tables] Loaded existing tables
2026-01-05 20:28:30 | INFO     | log:151 | [warmup] Tables loaded: 20 docs, 351 examples
2026-01-05 20:28:30 | INFO     | log:151 | [warmup] Loading embedding model...
2026-01-05 20:28:30 | INFO     | log:151 | [get_embedding_model] Loading model on GPU (NVIDIA RTX A5000)...
2026-01-05 20:28:36 | INFO     | log:151 | [get_embedding_model] Model loaded on GPU (NVIDIA RTX A5000)
2026-01-05 20:28:36 | INFO     | log:151 | [warmup] Embedding model loaded on GPU (NVIDIA RTX A5000)
2026-01-05 20:28:36 | INFO     | log:151 | [warmup] Building embeddings cache...
2026-01-05 20:28:36 | INFO     | log:151 | [build_embeddings_cache] Building embeddings cache...
2026-01-05 20:28:37 | INFO     | log:151 | [build_embeddings_cache] Cache built in 0.99s: 351 examples, 20 docs on GPU (NVIDIA RTX A5000)
2026-01-05 20:28:37 | INFO     | log:151 | [warmup] Embeddings cache built
2026-01-05 20:28:37 | INFO     | log:151 | [warmup] Building corpus stats cache...
2026-01-05 20:28:37 | INFO     | log:151 | [get_corpus_stats] Rebuilding corpus stats cache...
2026-01-05 20:28:37 | INFO     | log:151 | [warmup] Corpus stats cache built
2026-01-05 20:28:37 | INFO     | log:151 | [warmup] System ready in 13.83s | URLs: ['http://localhost:6804', 'http://192.168.3.7:6804']
