2025-12-24 10:41:13 | INFO     | log:151 | [search_single] Searching: 'tổng số tiền đã giao dịch trong năm 2024 là bao nh...' (top_k=10)
2025-12-24 10:41:13 | DEBUG    | log:153 | [get_tables] Getting tables...
2025-12-24 10:41:13 | DEBUG    | log:153 | [get_tables] Returning cached tables
2025-12-24 10:41:13 | DEBUG    | log:153 | [normalize_query] 'tổng số tiền đã giao dịch trong năm 2024...' -> 'Tổng số tiền đã giao dịch trong năm 2024...'
2025-12-24 10:41:13 | DEBUG    | log:153 | [perform_hybrid_search] query_text: [tổng số tiền đã giao dịch trong năm 2024 là bao nhiêu?] - formatted_query: [Tổng số tiền đã giao dịch trong năm 2024 là bao nhiêu] - normalized_query: [Tổng số tiền đã giao dịch trong năm 2024 là bao nhiêu]
2025-12-24 10:41:13 | DEBUG    | log:153 | [perform_hybrid_search] BM25 raw scores: min=0.3512, max=23.1966
2025-12-24 10:41:13 | DEBUG    | log:153 | [get_keyword_boost] Query: 'Tổng số tiền đã giao dịch tron...' | Doc: Tra cứu lịch sử giao | Boost: 0.25 | Matched: ['năm']
2025-12-24 10:41:13 | DEBUG    | log:153 | [get_keyword_boost] Query: 'Tổng số tiền đã giao dịch tron...' | Doc: Tổng hợp số tiền gia | Boost: 0.25 | Matched: ['tổng']
2025-12-24 10:41:13 | DEBUG    | log:153 | [classify_query_intent] Ambiguous: 'Tổng số tiền đã giao dịch tron...' | Scores: {'Tra cứu lịch sử giao dịch theo khoảng thời gian': 1, 'Tổng hợp số tiền giao dịch': 1}
2025-12-24 10:41:13 | INFO     | log:151 | [search_single] Found 10 results
2025-12-24 10:41:13 | DEBUG    | log:153 | [search_single] Top: Tổng hợp số tiền giao dịch... (score=0.8212, sem=0.8518, bm25=1.0000, boost=0.2500)
2025-12-24 10:45:57 | INFO     | log:151 | [lifespan] Server shutting down
2025-12-24 10:46:03 | INFO     | log:151 | [config] Loaded config | DEBUG_MODE=3
2025-12-24 10:46:05 | INFO     | log:151 | [main] FastAPI app initialized (Per-Example Embedding Architecture)
2025-12-24 10:46:05 | INFO     | log:151 | [lifespan] Server starting - running warmup...
2025-12-24 10:46:05 | INFO     | log:151 | [warmup] Loading tables...
2025-12-24 10:46:05 | DEBUG    | log:153 | [get_tables] Getting tables...
2025-12-24 10:46:13 | DEBUG    | log:153 | [get_tables] Loaded existing tables
2025-12-24 10:46:13 | INFO     | log:151 | [warmup] Tables loaded: 15 docs, 251 examples
2025-12-24 10:46:13 | INFO     | log:151 | [warmup] Loading embedding model...
2025-12-24 10:46:13 | INFO     | log:151 | [get_embedding_model] Loading model on GPU (NVIDIA RTX A5000)...
2025-12-24 10:46:19 | INFO     | log:151 | [get_embedding_model] Model loaded on GPU (NVIDIA RTX A5000)
2025-12-24 10:46:19 | INFO     | log:151 | [warmup] Embedding model loaded on GPU (NVIDIA RTX A5000)
2025-12-24 10:46:19 | INFO     | log:151 | [warmup] Building embeddings cache...
2025-12-24 10:46:19 | INFO     | log:151 | [build_embeddings_cache] Building embeddings cache...
2025-12-24 10:46:20 | INFO     | log:151 | [build_embeddings_cache] Cache built in 0.72s: 251 examples, 15 docs on GPU (NVIDIA RTX A5000)
2025-12-24 10:46:20 | INFO     | log:151 | [warmup] Embeddings cache built
2025-12-24 10:46:20 | INFO     | log:151 | [warmup] Building corpus stats cache...
2025-12-24 10:46:20 | INFO     | log:151 | [get_corpus_stats] Rebuilding corpus stats cache...
2025-12-24 10:46:20 | INFO     | log:151 | [warmup] Corpus stats cache built
2025-12-24 10:46:20 | INFO     | log:151 | [warmup] System ready in 14.47s | URLs: ['http://localhost:6804', 'http://192.168.3.7:6804']
